c199-102:16785:16990 [3] NCCL INFO ReduceScatter: opCount c1 sendbuff 0x2b3d3e000000 recvbuff 0x2b3a84000000 count 163119233 datatype 7 op 0 root 0 comm 0xa11b690 [nranks=4] stream 0x740b7d0
c199-102:16784:16986 [2] NCCL INFO ReduceScatter: opCount c1 sendbuff 0x2b6f4e000000 recvbuff 0x2b6c9c000000 count 163119233 datatype 7 op 0 root 0 comm 0xa40f400 [nranks=4] stream 0xa40f340
c199-102:16783:16981 [1] NCCL INFO ReduceScatter: opCount c1 sendbuff 0x2b4b20000000 recvbuff 0x2b485c000000 count 163119233 datatype 7 op 0 root 0 comm 0x9e68830 [nranks=4] stream 0x9e68770
c199-102:16785:16785 [3] NCCL INFO AllGather: opCount c2 sendbuff 0x2b3a0ae40200 recvbuff 0x2b3c06000000 count 652476932 datatype 0 op 0 root 0 comm 0xa11b690 [nranks=4] stream 0x740b7d0
c199-102:16784:16784 [2] NCCL INFO AllGather: opCount c2 sendbuff 0x2b6bf4000000 recvbuff 0x2b6e16000000 count 652476932 datatype 0 op 0 root 0 comm 0xa40f400 [nranks=4] stream 0xa40f340
c199-102:16783:16783 [1] NCCL INFO AllGather: opCount c2 sendbuff 0x2b47c6000000 recvbuff 0x2b49e8000000 count 652476932 datatype 0 op 0 root 0 comm 0x9e68830 [nranks=4] stream 0x9e68770
c199-102:16782:16782 [0] NCCL INFO AllGather: opCount c2 sendbuff 0x2b58ee000000 recvbuff 0x2b5aa8000000 count 652476932 datatype 0 op 0 root 0 comm 0xa7a6430 [nranks=4] stream 0x1498c50
c199-102:16782:16782 [0] NCCL INFO 2609907728 Bytes -> Algo 1 proto 2 time 326263.968750
c199-102:16785:16990 [3] NCCL INFO ReduceScatter: opCount c3 sendbuff 0x2b3d3e000000 recvbuff 0x2b3a84000000 count 163119233 datatype 7 op 0 root 0 comm 0xa11b690 [nranks=4] stream 0x740b7d0
c199-102:16784:16986 [2] NCCL INFO ReduceScatter: opCount c3 sendbuff 0x2b6f4e000000 recvbuff 0x2b6c9c000000 count 163119233 datatype 7 op 0 root 0 comm 0xa40f400 [nranks=4] stream 0xa40f340
c199-102:16783:16981 [1] NCCL INFO ReduceScatter: opCount c3 sendbuff 0x2b4b20000000 recvbuff 0x2b485c000000 count 163119233 datatype 7 op 0 root 0 comm 0x9e68830 [nranks=4] stream 0x9e68770
c199-102:16782:16977 [0] NCCL INFO ReduceScatter: opCount c3 sendbuff 0x2b5be0000000 recvbuff 0x2b5c7c000000 count 163119233 datatype 7 op 0 root 0 comm 0xa7a6430 [nranks=4] stream 0x1498c50
c199-102:16782:16977 [0] NCCL INFO 2609907728 Bytes -> Algo 1 proto 2 time 326263.968750
c199-102:16783:16783 [1] NCCL INFO AllGather: opCount c4 sendbuff 0x2b47c6000000 recvbuff 0x2b49e8000000 count 652476932 datatype 0 op 0 root 0 comm 0x9e68830 [nranks=4] stream 0x9e68770
c199-102:16782:16782 [0] NCCL INFO AllGather: opCount c4 sendbuff 0x2b58ee000000 recvbuff 0x2b5aa8000000 count 652476932 datatype 0 op 0 root 0 comm 0xa7a6430 [nranks=4] stream 0x1498c50
c199-102:16782:16782 [0] NCCL INFO 2609907728 Bytes -> Algo 1 proto 2 time 326263.968750
c199-102:16785:16785 [3] NCCL INFO AllGather: opCount c4 sendbuff 0x2b3a0ae40200 recvbuff 0x2b3c06000000 count 652476932 datatype 0 op 0 root 0 comm 0xa11b690 [nranks=4] stream 0x740b7d0
c199-102:16785:16990 [3] NCCL INFO ReduceScatter: opCount c5 sendbuff 0x2b3d3e000000 recvbuff 0x2b3a84000000 count 163119233 datatype 7 op 0 root 0 comm 0xa11b690 [nranks=4] stream 0x740b7d0
c199-102:16784:16784 [2] NCCL INFO AllGather: opCount c4 sendbuff 0x2b6bf4000000 recvbuff 0x2b6e16000000 count 652476932 datatype 0 op 0 root 0 comm 0xa40f400 [nranks=4] stream 0xa40f340
c199-102:16784:16986 [2] NCCL INFO ReduceScatter: opCount c5 sendbuff 0x2b6f4e000000 recvbuff 0x2b6c9c000000 count 163119233 datatype 7 op 0 root 0 comm 0xa40f400 [nranks=4] stream 0xa40f340
c199-102:16783:16981 [1] NCCL INFO ReduceScatter: opCount c5 sendbuff 0x2b4b20000000 recvbuff 0x2b485c000000 count 163119233 datatype 7 op 0 root 0 comm 0x9e68830 [nranks=4] stream 0x9e68770
c199-102:16782:16977 [0] NCCL INFO ReduceScatter: opCount c5 sendbuff 0x2b5be0000000 recvbuff 0x2b5c7c000000 count 163119233 datatype 7 op 0 root 0 comm 0xa7a6430 [nranks=4] stream 0x1498c50
c199-102:16782:16977 [0] NCCL INFO 2609907728 Bytes -> Algo 1 proto 2 time 326263.968750
c199-102:16785:16785 [3] NCCL INFO AllGather: opCount c6 sendbuff 0x2b3a0ae40200 recvbuff 0x2b3c06000000 count 652476932 datatype 0 op 0 root 0 comm 0xa11b690 [nranks=4] stream 0x740b7d0
c199-102:16785:16990 [3] NCCL INFO ReduceScatter: opCount c7 sendbuff 0x2b3d3e000000 recvbuff 0x2b3a84000000 count 163119233 datatype 7 op 0 root 0 comm 0xa11b690 [nranks=4] stream 0x740b7d0
c199-102:16784:16784 [2] NCCL INFO AllGather: opCount c6 sendbuff 0x2b6bf4000000 recvbuff 0x2b6e16000000 count 652476932 datatype 0 op 0 root 0 comm 0xa40f400 [nranks=4] stream 0xa40f340
c199-102:16784:16986 [2] NCCL INFO ReduceScatter: opCount c7 sendbuff 0x2b6f4e000000 recvbuff 0x2b6c9c000000 count 163119233 datatype 7 op 0 root 0 comm 0xa40f400 [nranks=4] stream 0xa40f340
c199-102:16783:16783 [1] NCCL INFO AllGather: opCount c6 sendbuff 0x2b47c6000000 recvbuff 0x2b49e8000000 count 652476932 datatype 0 op 0 root 0 comm 0x9e68830 [nranks=4] stream 0x9e68770
c199-102:16783:16981 [1] NCCL INFO ReduceScatter: opCount c7 sendbuff 0x2b4b20000000 recvbuff 0x2b485c000000 count 163119233 datatype 7 op 0 root 0 comm 0x9e68830 [nranks=4] stream 0x9e68770
c199-102:16782:16782 [0] NCCL INFO AllGather: opCount c6 sendbuff 0x2b58ee000000 recvbuff 0x2b5aa8000000 count 652476932 datatype 0 op 0 root 0 comm 0xa7a6430 [nranks=4] stream 0x1498c50
c199-102:16782:16782 [0] NCCL INFO 2609907728 Bytes -> Algo 1 proto 2 time 326263.968750
c199-102:16782:16977 [0] NCCL INFO ReduceScatter: opCount c7 sendbuff 0x2b5be0000000 recvbuff 0x2b5c7c000000 count 163119233 datatype 7 op 0 root 0 comm 0xa7a6430 [nranks=4] stream 0x1498c50
c199-102:16782:16977 [0] NCCL INFO 2609907728 Bytes -> Algo 1 proto 2 time 326263.968750
c199-102:16785:16785 [3] NCCL INFO AllGather: opCount c8 sendbuff 0x2b3a0ae40200 recvbuff 0x2b3c06000000 count 652476932 datatype 0 op 0 root 0 comm 0xa11b690 [nranks=4] stream 0x740b7d0
c199-102:16784:16784 [2] NCCL INFO AllGather: opCount c8 sendbuff 0x2b6bf4000000 recvbuff 0x2b6e16000000 count 652476932 datatype 0 op 0 root 0 comm 0xa40f400 [nranks=4] stream 0xa40f340
c199-102:16783:16783 [1] NCCL INFO AllGather: opCount c8 sendbuff 0x2b47c6000000 recvbuff 0x2b49e8000000 count 652476932 datatype 0 op 0 root 0 comm 0x9e68830 [nranks=4] stream 0x9e68770
c199-102:16782:16782 [0] NCCL INFO AllGather: opCount c8 sendbuff 0x2b58ee000000 recvbuff 0x2b5aa8000000 count 652476932 datatype 0 op 0 root 0 comm 0xa7a6430 [nranks=4] stream 0x1498c50
c199-102:16782:16782 [0] NCCL INFO 2609907728 Bytes -> Algo 1 proto 2 time 326263.968750
c199-102:16785:16990 [3] NCCL INFO ReduceScatter: opCount c9 sendbuff 0x2b3d3e000000 recvbuff 0x2b3a84000000 count 163119233 datatype 7 op 0 root 0 comm 0xa11b690 [nranks=4] stream 0x740b7d0
c199-102:16784:16986 [2] NCCL INFO ReduceScatter: opCount c9 sendbuff 0x2b6f4e000000 recvbuff 0x2b6c9c000000 count 163119233 datatype 7 op 0 root 0 comm 0xa40f400 [nranks=4] stream 0xa40f340
c199-102:16783:16981 [1] NCCL INFO ReduceScatter: opCount c9 sendbuff 0x2b4b20000000 recvbuff 0x2b485c000000 count 163119233 datatype 7 op 0 root 0 comm 0x9e68830 [nranks=4] stream 0x9e68770
c199-102:16782:16977 [0] NCCL INFO ReduceScatter: opCount c9 sendbuff 0x2b5be0000000 recvbuff 0x2b5c7c000000 count 163119233 datatype 7 op 0 root 0 comm 0xa7a6430 [nranks=4] stream 0x1498c50
c199-102:16782:16977 [0] NCCL INFO 2609907728 Bytes -> Algo 1 proto 2 time 326263.968750
c199-102:16785:16785 [3] NCCL INFO AllGather: opCount ca sendbuff 0x2b3a0ae40200 recvbuff 0x2b3c06000000 count 652476932 datatype 0 op 0 root 0 comm 0xa11b690 [nranks=4] stream 0x740b7d0
c199-102:16784:16784 [2] NCCL INFO AllGather: opCount ca sendbuff 0x2b6bf4000000 recvbuff 0x2b6e16000000 count 652476932 datatype 0 op 0 root 0 comm 0xa40f400 [nranks=4] stream 0xa40f340
c199-102:16782:16782 [0] NCCL INFO AllGather: opCount ca sendbuff 0x2b58ee000000 recvbuff 0x2b5aa8000000 count 652476932 datatype 0 op 0 root 0 comm 0xa7a6430 [nranks=4] stream 0x1498c50
c199-102:16782:16782 [0] NCCL INFO 2609907728 Bytes -> Algo 1 proto 2 time 326263.968750
c199-102:16783:16783 [1] NCCL INFO AllGather: opCount ca sendbuff 0x2b47c6000000 recvbuff 0x2b49e8000000 count 652476932 datatype 0 op 0 root 0 comm 0x9e68830 [nranks=4] stream 0x9e68770
c199-102:16785:16990 [3] NCCL INFO ReduceScatter: opCount cb sendbuff 0x2b3d3e000000 recvbuff 0x2b3a84000000 count 163119233 datatype 7 op 0 root 0 comm 0xa11b690 [nranks=4] stream 0x740b7d0
c199-102:16784:16986 [2] NCCL INFO ReduceScatter: opCount cb sendbuff 0x2b6f4e000000 recvbuff 0x2b6c9c000000 count 163119233 datatype 7 op 0 root 0 comm 0xa40f400 [nranks=4] stream 0xa40f340
c199-102:16783:16981 [1] NCCL INFO ReduceScatter: opCount cb sendbuff 0x2b4b20000000 recvbuff 0x2b485c000000 count 163119233 datatype 7 op 0 root 0 comm 0x9e68830 [nranks=4] stream 0x9e68770
c199-102:16782:16977 [0] NCCL INFO ReduceScatter: opCount cb sendbuff 0x2b5be0000000 recvbuff 0x2b5c7c000000 count 163119233 datatype 7 op 0 root 0 comm 0xa7a6430 [nranks=4] stream 0x1498c50
c199-102:16782:16977 [0] NCCL INFO 2609907728 Bytes -> Algo 1 proto 2 time 326263.968750
c199-102:16785:16785 [3] NCCL INFO AllGather: opCount cc sendbuff 0x2b3a0ae40200 recvbuff 0x2b3c06000000 count 652476932 datatype 0 op 0 root 0 comm 0xa11b690 [nranks=4] stream 0x740b7d0
c199-102:16784:16784 [2] NCCL INFO AllGather: opCount cc sendbuff 0x2b6bf4000000 recvbuff 0x2b6e16000000 count 652476932 datatype 0 op 0 root 0 comm 0xa40f400 [nranks=4] stream 0xa40f340
c199-102:16783:16783 [1] NCCL INFO AllGather: opCount cc sendbuff 0x2b47c6000000 recvbuff 0x2b49e8000000 count 652476932 datatype 0 op 0 root 0 comm 0x9e68830 [nranks=4] stream 0x9e68770
c199-102:16783:16981 [1] NCCL INFO ReduceScatter: opCount cd sendbuff 0x2b4b20000000 recvbuff 0x2b485c000000 count 163119233 datatype 7 op 0 root 0 comm 0x9e68830 [nranks=4] stream 0x9e68770
c199-102:16782:16782 [0] NCCL INFO AllGather: opCount cc sendbuff 0x2b58ee000000 recvbuff 0x2b5aa8000000 count 652476932 datatype 0 op 0 root 0 comm 0xa7a6430 [nranks=4] stream 0x1498c50
c199-102:16782:16782 [0] NCCL INFO 2609907728 Bytes -> Algo 1 proto 2 time 326263.968750
c199-102:16782:16977 [0] NCCL INFO ReduceScatter: opCount cd sendbuff 0x2b5be0000000 recvbuff 0x2b5c7c000000 count 163119233 datatype 7 op 0 root 0 comm 0xa7a6430 [nranks=4] stream 0x1498c50
c199-102:16782:16977 [0] NCCL INFO 2609907728 Bytes -> Algo 1 proto 2 time 326263.968750
c199-102:16785:16990 [3] NCCL INFO ReduceScatter: opCount cd sendbuff 0x2b3d3e000000 recvbuff 0x2b3a84000000 count 163119233 datatype 7 op 0 root 0 comm 0xa11b690 [nranks=4] stream 0x740b7d0
c199-102:16784:16986 [2] NCCL INFO ReduceScatter: opCount cd sendbuff 0x2b6f4e000000 recvbuff 0x2b6c9c000000 count 163119233 datatype 7 op 0 root 0 comm 0xa40f400 [nranks=4] stream 0xa40f340
c199-102:16785:16785 [3] NCCL INFO AllGather: opCount ce sendbuff 0x2b3a0ae40200 recvbuff 0x2b3c06000000 count 652476932 datatype 0 op 0 root 0 comm 0xa11b690 [nranks=4] stream 0x740b7d0
c199-102:16785:16990 [3] NCCL INFO ReduceScatter: opCount cf sendbuff 0x2b3d3e000000 recvbuff 0x2b3a84000000 count 163119233 datatype 7 op 0 root 0 comm 0xa11b690 [nranks=4] stream 0x740b7d0
c199-102:16784:16784 [2] NCCL INFO AllGather: opCount ce sendbuff 0x2b6bf4000000 recvbuff 0x2b6e16000000 count 652476932 datatype 0 op 0 root 0 comm 0xa40f400 [nranks=4] stream 0xa40f340
c199-102:16784:16986 [2] NCCL INFO ReduceScatter: opCount cf sendbuff 0x2b6f4e000000 recvbuff 0x2b6c9c000000 count 163119233 datatype 7 op 0 root 0 comm 0xa40f400 [nranks=4] stream 0xa40f340
c199-102:16783:16783 [1] NCCL INFO AllGather: opCount ce sendbuff 0x2b47c6000000 recvbuff 0x2b49e8000000 count 652476932 datatype 0 op 0 root 0 comm 0x9e68830 [nranks=4] stream 0x9e68770
c199-102:16783:16981 [1] NCCL INFO ReduceScatter: opCount cf sendbuff 0x2b4b20000000 recvbuff 0x2b485c000000 count 163119233 datatype 7 op 0 root 0 comm 0x9e68830 [nranks=4] stream 0x9e68770
c199-102:16782:16782 [0] NCCL INFO AllGather: opCount ce sendbuff 0x2b58ee000000 recvbuff 0x2b5aa8000000 count 652476932 datatype 0 op 0 root 0 comm 0xa7a6430 [nranks=4] stream 0x1498c50
c199-102:16782:16782 [0] NCCL INFO 2609907728 Bytes -> Algo 1 proto 2 time 326263.968750
c199-102:16782:16977 [0] NCCL INFO ReduceScatter: opCount cf sendbuff 0x2b5be0000000 recvbuff 0x2b5c7c000000 count 163119233 datatype 7 op 0 root 0 comm 0xa7a6430 [nranks=4] stream 0x1498c50
c199-102:16782:16977 [0] NCCL INFO 2609907728 Bytes -> Algo 1 proto 2 time 326263.968750
c199-102:16785:16785 [3] NCCL INFO AllGather: opCount d0 sendbuff 0x2b3a0ae40200 recvbuff 0x2b3c06000000 count 652476932 datatype 0 op 0 root 0 comm 0xa11b690 [nranks=4] stream 0x740b7d0
c199-102:16784:16784 [2] NCCL INFO AllGather: opCount d0 sendbuff 0x2b6bf4000000 recvbuff 0x2b6e16000000 count 652476932 datatype 0 op 0 root 0 comm 0xa40f400 [nranks=4] stream 0xa40f340
c199-102:16783:16783 [1] NCCL INFO AllGather: opCount d0 sendbuff 0x2b47c6000000 recvbuff 0x2b49e8000000 count 652476932 datatype 0 op 0 root 0 comm 0x9e68830 [nranks=4] stream 0x9e68770
c199-102:16782:16782 [0] NCCL INFO AllGather: opCount d0 sendbuff 0x2b58ee000000 recvbuff 0x2b5aa8000000 count 652476932 datatype 0 op 0 root 0 comm 0xa7a6430 [nranks=4] stream 0x1498c50
c199-102:16782:16782 [0] NCCL INFO 2609907728 Bytes -> Algo 1 proto 2 time 326263.968750
c199-102:16785:16990 [3] NCCL INFO ReduceScatter: opCount d1 sendbuff 0x2b3d3e000000 recvbuff 0x2b3a84000000 count 163119233 datatype 7 op 0 root 0 comm 0xa11b690 [nranks=4] stream 0x740b7d0
c199-102:16784:16986 [2] NCCL INFO ReduceScatter: opCount d1 sendbuff 0x2b6f4e000000 recvbuff 0x2b6c9c000000 count 163119233 datatype 7 op 0 root 0 comm 0xa40f400 [nranks=4] stream 0xa40f340
c199-102:16783:16981 [1] NCCL INFO ReduceScatter: opCount d1 sendbuff 0x2b4b20000000 recvbuff 0x2b485c000000 count 163119233 datatype 7 op 0 root 0 comm 0x9e68830 [nranks=4] stream 0x9e68770
c199-102:16782:16977 [0] NCCL INFO ReduceScatter: opCount d1 sendbuff 0x2b5be0000000 recvbuff 0x2b5c7c000000 count 163119233 datatype 7 op 0 root 0 comm 0xa7a6430 [nranks=4] stream 0x1498c50
c199-102:16782:16977 [0] NCCL INFO 2609907728 Bytes -> Algo 1 proto 2 time 326263.968750
c199-102:16785:16785 [3] NCCL INFO AllGather: opCount d2 sendbuff 0x2b3a0ae40200 recvbuff 0x2b3c06000000 count 652476932 datatype 0 op 0 root 0 comm 0xa11b690 [nranks=4] stream 0x740b7d0
c199-102:16784:16784 [2] NCCL INFO AllGather: opCount d2 sendbuff 0x2b6bf4000000 recvbuff 0x2b6e16000000 count 652476932 datatype 0 op 0 root 0 comm 0xa40f400 [nranks=4] stream 0xa40f340
c199-102:16783:16783 [1] NCCL INFO AllGather: opCount d2 sendbuff 0x2b47c6000000 recvbuff 0x2b49e8000000 count 652476932 datatype 0 op 0 root 0 comm 0x9e68830 [nranks=4] stream 0x9e68770
c199-102:16782:16782 [0] NCCL INFO AllGather: opCount d2 sendbuff 0x2b58ee000000 recvbuff 0x2b5aa8000000 count 652476932 datatype 0 op 0 root 0 comm 0xa7a6430 [nranks=4] stream 0x1498c50
c199-102:16782:16782 [0] NCCL INFO 2609907728 Bytes -> Algo 1 proto 2 time 326263.968750
c199-102:16785:16990 [3] NCCL INFO ReduceScatter: opCount d3 sendbuff 0x2b3d3e000000 recvbuff 0x2b3a84000000 count 163119233 datatype 7 op 0 root 0 comm 0xa11b690 [nranks=4] stream 0x740b7d0
c199-102:16784:16986 [2] NCCL INFO ReduceScatter: opCount d3 sendbuff 0x2b6f4e000000 recvbuff 0x2b6c9c000000 count 163119233 datatype 7 op 0 root 0 comm 0xa40f400 [nranks=4] stream 0xa40f340
c199-102:16783:16981 [1] NCCL INFO ReduceScatter: opCount d3 sendbuff 0x2b4b20000000 recvbuff 0x2b485c000000 count 163119233 datatype 7 op 0 root 0 comm 0x9e68830 [nranks=4] stream 0x9e68770
c199-102:16782:16977 [0] NCCL INFO ReduceScatter: opCount d3 sendbuff 0x2b5be0000000 recvbuff 0x2b5c7c000000 count 163119233 datatype 7 op 0 root 0 comm 0xa7a6430 [nranks=4] stream 0x1498c50
c199-102:16782:16977 [0] NCCL INFO 2609907728 Bytes -> Algo 1 proto 2 time 326263.968750
c199-102:16785:16785 [3] NCCL INFO AllGather: opCount d4 sendbuff 0x2b3a0ae40200 recvbuff 0x2b3c06000000 count 652476932 datatype 0 op 0 root 0 comm 0xa11b690 [nranks=4] stream 0x740b7d0
c199-102:16784:16784 [2] NCCL INFO AllGather: opCount d4 sendbuff 0x2b6bf4000000 recvbuff 0x2b6e16000000 count 652476932 datatype 0 op 0 root 0 comm 0xa40f400 [nranks=4] stream 0xa40f340
c199-102:16783:16783 [1] NCCL INFO AllGather: opCount d4 sendbuff 0x2b47c6000000 recvbuff 0x2b49e8000000 count 652476932 datatype 0 op 0 root 0 comm 0x9e68830 [nranks=4] stream 0x9e68770
c199-102:16782:16782 [0] NCCL INFO AllGather: opCount d4 sendbuff 0x2b58ee000000 recvbuff 0x2b5aa8000000 count 652476932 datatype 0 op 0 root 0 comm 0xa7a6430 [nranks=4] stream 0x1498c50
c199-102:16782:16782 [0] NCCL INFO 2609907728 Bytes -> Algo 1 proto 2 time 326263.968750
c199-102:16784:16986 [2] NCCL INFO ReduceScatter: opCount d5 sendbuff 0x2b6f4e000000 recvbuff 0x2b6c9c000000 count 163119233 datatype 7 op 0 root 0 comm 0xa40f400 [nranks=4] stream 0xa40f340
c199-102:16785:16990 [3] NCCL INFO ReduceScatter: opCount d5 sendbuff 0x2b3d3e000000 recvbuff 0x2b3a84000000 count 163119233 datatype 7 op 0 root 0 comm 0xa11b690 [nranks=4] stream 0x740b7d0
c199-102:16783:16981 [1] NCCL INFO ReduceScatter: opCount d5 sendbuff 0x2b4b20000000 recvbuff 0x2b485c000000 count 163119233 datatype 7 op 0 root 0 comm 0x9e68830 [nranks=4] stream 0x9e68770
c199-102:16782:16977 [0] NCCL INFO ReduceScatter: opCount d5 sendbuff 0x2b5be0000000 recvbuff 0x2b5c7c000000 count 163119233 datatype 7 op 0 root 0 comm 0xa7a6430 [nranks=4] stream 0x1498c50
c199-102:16782:16977 [0] NCCL INFO 2609907728 Bytes -> Algo 1 proto 2 time 326263.968750
c199-102:16784:16784 [2] NCCL INFO AllGather: opCount d6 sendbuff 0x2b6bf4000000 recvbuff 0x2b6e16000000 count 652476932 datatype 0 op 0 root 0 comm 0xa40f400 [nranks=4] stream 0xa40f340
c199-102:16785:16785 [3] NCCL INFO AllGather: opCount d6 sendbuff 0x2b3a0ae40200 recvbuff 0x2b3c06000000 count 652476932 datatype 0 op 0 root 0 comm 0xa11b690 [nranks=4] stream 0x740b7d0
c199-102:16783:16783 [1] NCCL INFO AllGather: opCount d6 sendbuff 0x2b47c6000000 recvbuff 0x2b49e8000000 count 652476932 datatype 0 op 0 root 0 comm 0x9e68830 [nranks=4] stream 0x9e68770
c199-102:16782:16782 [0] NCCL INFO AllGather: opCount d6 sendbuff 0x2b58ee000000 recvbuff 0x2b5aa8000000 count 652476932 datatype 0 op 0 root 0 comm 0xa7a6430 [nranks=4] stream 0x1498c50
c199-102:16782:16782 [0] NCCL INFO 2609907728 Bytes -> Algo 1 proto 2 time 326263.968750
c199-102:16784:16986 [2] NCCL INFO ReduceScatter: opCount d7 sendbuff 0x2b6f4e000000 recvbuff 0x2b6c9c000000 count 163119233 datatype 7 op 0 root 0 comm 0xa40f400 [nranks=4] stream 0xa40f340
c199-102:16785:16990 [3] NCCL INFO ReduceScatter: opCount d7 sendbuff 0x2b3d3e000000 recvbuff 0x2b3a84000000 count 163119233 datatype 7 op 0 root 0 comm 0xa11b690 [nranks=4] stream 0x740b7d0
c199-102:16783:16981 [1] NCCL INFO ReduceScatter: opCount d7 sendbuff 0x2b4b20000000 recvbuff 0x2b485c000000 count 163119233 datatype 7 op 0 root 0 comm 0x9e68830 [nranks=4] stream 0x9e68770
c199-102:16782:16977 [0] NCCL INFO ReduceScatter: opCount d7 sendbuff 0x2b5be0000000 recvbuff 0x2b5c7c000000 count 163119233 datatype 7 op 0 root 0 comm 0xa7a6430 [nranks=4] stream 0x1498c50
c199-102:16782:16977 [0] NCCL INFO 2609907728 Bytes -> Algo 1 proto 2 time 326263.968750
c199-102:16783:16783 [1] NCCL INFO AllGather: opCount d8 sendbuff 0x2b47c6000000 recvbuff 0x2b49e8000000 count 652476932 datatype 0 op 0 root 0 comm 0x9e68830 [nranks=4] stream 0x9e68770
c199-102:16782:16782 [0] NCCL INFO AllGather: opCount d8 sendbuff 0x2b58ee000000 recvbuff 0x2b5aa8000000 count 652476932 datatype 0 op 0 root 0 comm 0xa7a6430 [nranks=4] stream 0x1498c50
c199-102:16782:16782 [0] NCCL INFO 2609907728 Bytes -> Algo 1 proto 2 time 326263.968750
c199-102:16782:16977 [0] NCCL INFO ReduceScatter: opCount d9 sendbuff 0x2b5be0000000 recvbuff 0x2b5c7c000000 count 163119233 datatype 7 op 0 root 0 comm 0xa7a6430 [nranks=4] stream 0x1498c50
c199-102:16782:16977 [0] NCCL INFO 2609907728 Bytes -> Algo 1 proto 2 time 326263.968750
c199-102:16784:16784 [2] NCCL INFO AllGather: opCount d8 sendbuff 0x2b6bf4000000 recvbuff 0x2b6e16000000 count 652476932 datatype 0 op 0 root 0 comm 0xa40f400 [nranks=4] stream 0xa40f340
c199-102:16784:16986 [2] NCCL INFO ReduceScatter: opCount d9 sendbuff 0x2b6f4e000000 recvbuff 0x2b6c9c000000 count 163119233 datatype 7 op 0 root 0 comm 0xa40f400 [nranks=4] stream 0xa40f340
c199-102:16785:16785 [3] NCCL INFO AllGather: opCount d8 sendbuff 0x2b3a0ae40200 recvbuff 0x2b3c06000000 count 652476932 datatype 0 op 0 root 0 comm 0xa11b690 [nranks=4] stream 0x740b7d0
c199-102:16785:16990 [3] NCCL INFO ReduceScatter: opCount d9 sendbuff 0x2b3d3e000000 recvbuff 0x2b3a84000000 count 163119233 datatype 7 op 0 root 0 comm 0xa11b690 [nranks=4] stream 0x740b7d0
c199-102:16783:16981 [1] NCCL INFO ReduceScatter: opCount d9 sendbuff 0x2b4b20000000 recvbuff 0x2b485c000000 count 163119233 datatype 7 op 0 root 0 comm 0x9e68830 [nranks=4] stream 0x9e68770
c199-102:16784:16784 [2] NCCL INFO AllGather: opCount da sendbuff 0x2b6bf4000000 recvbuff 0x2b6e16000000 count 652476932 datatype 0 op 0 root 0 comm 0xa40f400 [nranks=4] stream 0xa40f340
c199-102:16784:16986 [2] NCCL INFO ReduceScatter: opCount db sendbuff 0x2b6f4e000000 recvbuff 0x2b6c9c000000 count 163119233 datatype 7 op 0 root 0 comm 0xa40f400 [nranks=4] stream 0xa40f340
c199-102:16785:16785 [3] NCCL INFO AllGather: opCount da sendbuff 0x2b3a0ae40200 recvbuff 0x2b3c06000000 count 652476932 datatype 0 op 0 root 0 comm 0xa11b690 [nranks=4] stream 0x740b7d0
c199-102:16785:16990 [3] NCCL INFO ReduceScatter: opCount db sendbuff 0x2b3d3e000000 recvbuff 0x2b3a84000000 count 163119233 datatype 7 op 0 root 0 comm 0xa11b690 [nranks=4] stream 0x740b7d0
c199-102:16783:16783 [1] NCCL INFO AllGather: opCount da sendbuff 0x2b47c6000000 recvbuff 0x2b49e8000000 count 652476932 datatype 0 op 0 root 0 comm 0x9e68830 [nranks=4] stream 0x9e68770
c199-102:16783:16981 [1] NCCL INFO ReduceScatter: opCount db sendbuff 0x2b4b20000000 recvbuff 0x2b485c000000 count 163119233 datatype 7 op 0 root 0 comm 0x9e68830 [nranks=4] stream 0x9e68770
c199-102:16782:16782 [0] NCCL INFO AllGather: opCount da sendbuff 0x2b58ee000000 recvbuff 0x2b5aa8000000 count 652476932 datatype 0 op 0 root 0 comm 0xa7a6430 [nranks=4] stream 0x1498c50
c199-102:16782:16782 [0] NCCL INFO 2609907728 Bytes -> Algo 1 proto 2 time 326263.968750
c199-102:16782:16977 [0] NCCL INFO ReduceScatter: opCount db sendbuff 0x2b5be0000000 recvbuff 0x2b5c7c000000 count 163119233 datatype 7 op 0 root 0 comm 0xa7a6430 [nranks=4] stream 0x1498c50
c199-102:16782:16977 [0] NCCL INFO 2609907728 Bytes -> Algo 1 proto 2 time 326263.968750
c199-102:16784:16784 [2] NCCL INFO AllGather: opCount dc sendbuff 0x2b6bf4000000 recvbuff 0x2b6e16000000 count 652476932 datatype 0 op 0 root 0 comm 0xa40f400 [nranks=4] stream 0xa40f340
c199-102:16784:16986 [2] NCCL INFO ReduceScatter: opCount dd sendbuff 0x2b6f4e000000 recvbuff 0x2b6c9c000000 count 163119233 datatype 7 op 0 root 0 comm 0xa40f400 [nranks=4] stream 0xa40f340
c199-102:16785:16785 [3] NCCL INFO AllGather: opCount dc sendbuff 0x2b3a0ae40200 recvbuff 0x2b3c06000000 count 652476932 datatype 0 op 0 root 0 comm 0xa11b690 [nranks=4] stream 0x740b7d0
c199-102:16785:16990 [3] NCCL INFO ReduceScatter: opCount dd sendbuff 0x2b3d3e000000 recvbuff 0x2b3a84000000 count 163119233 datatype 7 op 0 root 0 comm 0xa11b690 [nranks=4] stream 0x740b7d0
c199-102:16783:16783 [1] NCCL INFO AllGather: opCount dc sendbuff 0x2b47c6000000 recvbuff 0x2b49e8000000 count 652476932 datatype 0 op 0 root 0 comm 0x9e68830 [nranks=4] stream 0x9e68770
c199-102:16783:16981 [1] NCCL INFO ReduceScatter: opCount dd sendbuff 0x2b4b20000000 recvbuff 0x2b485c000000 count 163119233 datatype 7 op 0 root 0 comm 0x9e68830 [nranks=4] stream 0x9e68770
c199-102:16782:16782 [0] NCCL INFO AllGather: opCount dc sendbuff 0x2b58ee000000 recvbuff 0x2b5aa8000000 count 652476932 datatype 0 op 0 root 0 comm 0xa7a6430 [nranks=4] stream 0x1498c50
c199-102:16782:16782 [0] NCCL INFO 2609907728 Bytes -> Algo 1 proto 2 time 326263.968750
c199-102:16782:16977 [0] NCCL INFO ReduceScatter: opCount dd sendbuff 0x2b5be0000000 recvbuff 0x2b5c7c000000 count 163119233 datatype 7 op 0 root 0 comm 0xa7a6430 [nranks=4] stream 0x1498c50
c199-102:16782:16977 [0] NCCL INFO 2609907728 Bytes -> Algo 1 proto 2 time 326263.968750
c199-102:16785:16785 [3] NCCL INFO AllGather: opCount de sendbuff 0x2b3a0ae40200 recvbuff 0x2b3c06000000 count 652476932 datatype 0 op 0 root 0 comm 0xa11b690 [nranks=4] stream 0x740b7d0
c199-102:16784:16784 [2] NCCL INFO AllGather: opCount de sendbuff 0x2b6bf4000000 recvbuff 0x2b6e16000000 count 652476932 datatype 0 op 0 root 0 comm 0xa40f400 [nranks=4] stream 0xa40f340
c199-102:16783:16783 [1] NCCL INFO AllGather: opCount de sendbuff 0x2b47c6000000 recvbuff 0x2b49e8000000 count 652476932 datatype 0 op 0 root 0 comm 0x9e68830 [nranks=4] stream 0x9e68770
c199-102:16782:16782 [0] NCCL INFO AllGather: opCount de sendbuff 0x2b58ee000000 recvbuff 0x2b5aa8000000 count 652476932 datatype 0 op 0 root 0 comm 0xa7a6430 [nranks=4] stream 0x1498c50
c199-102:16782:16782 [0] NCCL INFO 2609907728 Bytes -> Algo 1 proto 2 time 326263.968750
c199-102:16785:16990 [3] NCCL INFO ReduceScatter: opCount df sendbuff 0x2b3d3e000000 recvbuff 0x2b3a84000000 count 163119233 datatype 7 op 0 root 0 comm 0xa11b690 [nranks=4] stream 0x740b7d0
c199-102:16784:16986 [2] NCCL INFO ReduceScatter: opCount df sendbuff 0x2b6f4e000000 recvbuff 0x2b6c9c000000 count 163119233 datatype 7 op 0 root 0 comm 0xa40f400 [nranks=4] stream 0xa40f340
c199-102:16783:16981 [1] NCCL INFO ReduceScatter: opCount df sendbuff 0x2b4b20000000 recvbuff 0x2b485c000000 count 163119233 datatype 7 op 0 root 0 comm 0x9e68830 [nranks=4] stream 0x9e68770
c199-102:16782:16977 [0] NCCL INFO ReduceScatter: opCount df sendbuff 0x2b5be0000000 recvbuff 0x2b5c7c000000 count 163119233 datatype 7 op 0 root 0 comm 0xa7a6430 [nranks=4] stream 0x1498c50
c199-102:16782:16977 [0] NCCL INFO 2609907728 Bytes -> Algo 1 proto 2 time 326263.968750
c199-102:16785:16785 [3] NCCL INFO AllGather: opCount e0 sendbuff 0x2b3a0ae40200 recvbuff 0x2b3c06000000 count 652476932 datatype 0 op 0 root 0 comm 0xa11b690 [nranks=4] stream 0x740b7d0
c199-102:16785:16990 [3] NCCL INFO ReduceScatter: opCount e1 sendbuff 0x2b3d3e000000 recvbuff 0x2b3a84000000 count 163119233 datatype 7 op 0 root 0 comm 0xa11b690 [nranks=4] stream 0x740b7d0
c199-102:16784:16784 [2] NCCL INFO AllGather: opCount e0 sendbuff 0x2b6bf4000000 recvbuff 0x2b6e16000000 count 652476932 datatype 0 op 0 root 0 comm 0xa40f400 [nranks=4] stream 0xa40f340
c199-102:16784:16986 [2] NCCL INFO ReduceScatter: opCount e1 sendbuff 0x2b6f4e000000 recvbuff 0x2b6c9c000000 count 163119233 datatype 7 op 0 root 0 comm 0xa40f400 [nranks=4] stream 0xa40f340
c199-102:16783:16783 [1] NCCL INFO AllGather: opCount e0 sendbuff 0x2b47c6000000 recvbuff 0x2b49e8000000 count 652476932 datatype 0 op 0 root 0 comm 0x9e68830 [nranks=4] stream 0x9e68770
c199-102:16783:16981 [1] NCCL INFO ReduceScatter: opCount e1 sendbuff 0x2b4b20000000 recvbuff 0x2b485c000000 count 163119233 datatype 7 op 0 root 0 comm 0x9e68830 [nranks=4] stream 0x9e68770
c199-102:16782:16782 [0] NCCL INFO AllGather: opCount e0 sendbuff 0x2b58ee000000 recvbuff 0x2b5aa8000000 count 652476932 datatype 0 op 0 root 0 comm 0xa7a6430 [nranks=4] stream 0x1498c50
c199-102:16782:16782 [0] NCCL INFO 2609907728 Bytes -> Algo 1 proto 2 time 326263.968750
c199-102:16782:16977 [0] NCCL INFO ReduceScatter: opCount e1 sendbuff 0x2b5be0000000 recvbuff 0x2b5c7c000000 count 163119233 datatype 7 op 0 root 0 comm 0xa7a6430 [nranks=4] stream 0x1498c50
c199-102:16782:16977 [0] NCCL INFO 2609907728 Bytes -> Algo 1 proto 2 time 326263.968750
c199-102:16783:16783 [1] NCCL INFO AllGather: opCount e2 sendbuff 0x2b47c6000000 recvbuff 0x2b49e8000000 count 652476932 datatype 0 op 0 root 0 comm 0x9e68830 [nranks=4] stream 0x9e68770
c199-102:16782:16782 [0] NCCL INFO AllGather: opCount e2 sendbuff 0x2b58ee000000 recvbuff 0x2b5aa8000000 count 652476932 datatype 0 op 0 root 0 comm 0xa7a6430 [nranks=4] stream 0x1498c50
c199-102:16782:16782 [0] NCCL INFO 2609907728 Bytes -> Algo 1 proto 2 time 326263.968750
c199-102:16785:16785 [3] NCCL INFO AllGather: opCount e2 sendbuff 0x2b3a0ae40200 recvbuff 0x2b3c06000000 count 652476932 datatype 0 op 0 root 0 comm 0xa11b690 [nranks=4] stream 0x740b7d0
c199-102:16784:16784 [2] NCCL INFO AllGather: opCount e2 sendbuff 0x2b6bf4000000 recvbuff 0x2b6e16000000 count 652476932 datatype 0 op 0 root 0 comm 0xa40f400 [nranks=4] stream 0xa40f340
c199-102:16784:16986 [2] NCCL INFO ReduceScatter: opCount e3 sendbuff 0x2b6f4e000000 recvbuff 0x2b6c9c000000 count 163119233 datatype 7 op 0 root 0 comm 0xa40f400 [nranks=4] stream 0xa40f340
c199-102:16785:16990 [3] NCCL INFO ReduceScatter: opCount e3 sendbuff 0x2b3d3e000000 recvbuff 0x2b3a84000000 count 163119233 datatype 7 op 0 root 0 comm 0xa11b690 [nranks=4] stream 0x740b7d0
c199-102:16783:16981 [1] NCCL INFO ReduceScatter: opCount e3 sendbuff 0x2b4b20000000 recvbuff 0x2b485c000000 count 163119233 datatype 7 op 0 root 0 comm 0x9e68830 [nranks=4] stream 0x9e68770
c199-102:16782:16977 [0] NCCL INFO ReduceScatter: opCount e3 sendbuff 0x2b5be0000000 recvbuff 0x2b5c7c000000 count 163119233 datatype 7 op 0 root 0 comm 0xa7a6430 [nranks=4] stream 0x1498c50
c199-102:16782:16977 [0] NCCL INFO 2609907728 Bytes -> Algo 1 proto 2 time 326263.968750
c199-102:16784:16784 [2] NCCL INFO AllGather: opCount e4 sendbuff 0x2b6bf4000000 recvbuff 0x2b6e16000000 count 652476932 datatype 0 op 0 root 0 comm 0xa40f400 [nranks=4] stream 0xa40f340
c199-102:16785:16785 [3] NCCL INFO AllGather: opCount e4 sendbuff 0x2b3a0ae40200 recvbuff 0x2b3c06000000 count 652476932 datatype 0 op 0 root 0 comm 0xa11b690 [nranks=4] stream 0x740b7d0
c199-102:16783:16783 [1] NCCL INFO AllGather: opCount e4 sendbuff 0x2b47c6000000 recvbuff 0x2b49e8000000 count 652476932 datatype 0 op 0 root 0 comm 0x9e68830 [nranks=4] stream 0x9e68770
c199-102:16782:16782 [0] NCCL INFO AllGather: opCount e4 sendbuff 0x2b58ee000000 recvbuff 0x2b5aa8000000 count 652476932 datatype 0 op 0 root 0 comm 0xa7a6430 [nranks=4] stream 0x1498c50
c199-102:16782:16782 [0] NCCL INFO 2609907728 Bytes -> Algo 1 proto 2 time 326263.968750
c199-102:16784:16986 [2] NCCL INFO ReduceScatter: opCount e5 sendbuff 0x2b6f4e000000 recvbuff 0x2b6c9c000000 count 163119233 datatype 7 op 0 root 0 comm 0xa40f400 [nranks=4] stream 0xa40f340
c199-102:16785:16990 [3] NCCL INFO ReduceScatter: opCount e5 sendbuff 0x2b3d3e000000 recvbuff 0x2b3a84000000 count 163119233 datatype 7 op 0 root 0 comm 0xa11b690 [nranks=4] stream 0x740b7d0
c199-102:16783:16981 [1] NCCL INFO ReduceScatter: opCount e5 sendbuff 0x2b4b20000000 recvbuff 0x2b485c000000 count 163119233 datatype 7 op 0 root 0 comm 0x9e68830 [nranks=4] stream 0x9e68770
c199-102:16782:16977 [0] NCCL INFO ReduceScatter: opCount e5 sendbuff 0x2b5be0000000 recvbuff 0x2b5c7c000000 count 163119233 datatype 7 op 0 root 0 comm 0xa7a6430 [nranks=4] stream 0x1498c50
c199-102:16782:16977 [0] NCCL INFO 2609907728 Bytes -> Algo 1 proto 2 time 326263.968750
c199-102:16784:16784 [2] NCCL INFO AllGather: opCount e6 sendbuff 0x2b6bf4000000 recvbuff 0x2b6e16000000 count 652476932 datatype 0 op 0 root 0 comm 0xa40f400 [nranks=4] stream 0xa40f340
c199-102:16785:16785 [3] NCCL INFO AllGather: opCount e6 sendbuff 0x2b3a0ae40200 recvbuff 0x2b3c06000000 count 652476932 datatype 0 op 0 root 0 comm 0xa11b690 [nranks=4] stream 0x740b7d0
c199-102:16783:16783 [1] NCCL INFO AllGather: opCount e6 sendbuff 0x2b47c6000000 recvbuff 0x2b49e8000000 count 652476932 datatype 0 op 0 root 0 comm 0x9e68830 [nranks=4] stream 0x9e68770
c199-102:16782:16782 [0] NCCL INFO AllGather: opCount e6 sendbuff 0x2b58ee000000 recvbuff 0x2b5aa8000000 count 652476932 datatype 0 op 0 root 0 comm 0xa7a6430 [nranks=4] stream 0x1498c50
c199-102:16782:16782 [0] NCCL INFO 2609907728 Bytes -> Algo 1 proto 2 time 326263.968750
c199-102:16784:16986 [2] NCCL INFO ReduceScatter: opCount e7 sendbuff 0x2b6f4e000000 recvbuff 0x2b6c9c000000 count 163119233 datatype 7 op 0 root 0 comm 0xa40f400 [nranks=4] stream 0xa40f340
c199-102:16785:16990 [3] NCCL INFO ReduceScatter: opCount e7 sendbuff 0x2b3d3e000000 recvbuff 0x2b3a84000000 count 163119233 datatype 7 op 0 root 0 comm 0xa11b690 [nranks=4] stream 0x740b7d0
c199-102:16783:16981 [1] NCCL INFO ReduceScatter: opCount e7 sendbuff 0x2b4b20000000 recvbuff 0x2b485c000000 count 163119233 datatype 7 op 0 root 0 comm 0x9e68830 [nranks=4] stream 0x9e68770
c199-102:16782:16977 [0] NCCL INFO ReduceScatter: opCount e7 sendbuff 0x2b5be0000000 recvbuff 0x2b5c7c000000 count 163119233 datatype 7 op 0 root 0 comm 0xa7a6430 [nranks=4] stream 0x1498c50
c199-102:16782:16977 [0] NCCL INFO 2609907728 Bytes -> Algo 1 proto 2 time 326263.968750
c199-102:16784:16784 [2] NCCL INFO AllGather: opCount e8 sendbuff 0x2b6bf4000000 recvbuff 0x2b6e16000000 count 652476932 datatype 0 op 0 root 0 comm 0xa40f400 [nranks=4] stream 0xa40f340
c199-102:16785:16785 [3] NCCL INFO AllGather: opCount e8 sendbuff 0x2b3a0ae40200 recvbuff 0x2b3c06000000 count 652476932 datatype 0 op 0 root 0 comm 0xa11b690 [nranks=4] stream 0x740b7d0
c199-102:16783:16783 [1] NCCL INFO AllGather: opCount e8 sendbuff 0x2b47c6000000 recvbuff 0x2b49e8000000 count 652476932 datatype 0 op 0 root 0 comm 0x9e68830 [nranks=4] stream 0x9e68770
c199-102:16782:16782 [0] NCCL INFO AllGather: opCount e8 sendbuff 0x2b58ee000000 recvbuff 0x2b5aa8000000 count 652476932 datatype 0 op 0 root 0 comm 0xa7a6430 [nranks=4] stream 0x1498c50
c199-102:16782:16782 [0] NCCL INFO 2609907728 Bytes -> Algo 1 proto 2 time 326263.968750
c199-102:16784:16986 [2] NCCL INFO ReduceScatter: opCount e9 sendbuff 0x2b6f4e000000 recvbuff 0x2b6c9c000000 count 163119233 datatype 7 op 0 root 0 comm 0xa40f400 [nranks=4] stream 0xa40f340
c199-102:16785:16990 [3] NCCL INFO ReduceScatter: opCount e9 sendbuff 0x2b3d3e000000 recvbuff 0x2b3a84000000 count 163119233 datatype 7 op 0 root 0 comm 0xa11b690 [nranks=4] stream 0x740b7d0
c199-102:16783:16981 [1] NCCL INFO ReduceScatter: opCount e9 sendbuff 0x2b4b20000000 recvbuff 0x2b485c000000 count 163119233 datatype 7 op 0 root 0 comm 0x9e68830 [nranks=4] stream 0x9e68770
c199-102:16782:16977 [0] NCCL INFO ReduceScatter: opCount e9 sendbuff 0x2b5be0000000 recvbuff 0x2b5c7c000000 count 163119233 datatype 7 op 0 root 0 comm 0xa7a6430 [nranks=4] stream 0x1498c50
c199-102:16782:16977 [0] NCCL INFO 2609907728 Bytes -> Algo 1 proto 2 time 326263.968750
c199-102:16784:16784 [2] NCCL INFO AllGather: opCount ea sendbuff 0x2b6bf4000000 recvbuff 0x2b6e16000000 count 652476932 datatype 0 op 0 root 0 comm 0xa40f400 [nranks=4] stream 0xa40f340
c199-102:16785:16785 [3] NCCL INFO AllGather: opCount ea sendbuff 0x2b3a0ae40200 recvbuff 0x2b3c06000000 count 652476932 datatype 0 op 0 root 0 comm 0xa11b690 [nranks=4] stream 0x740b7d0
c199-102:16783:16783 [1] NCCL INFO AllGather: opCount ea sendbuff 0x2b47c6000000 recvbuff 0x2b49e8000000 count 652476932 datatype 0 op 0 root 0 comm 0x9e68830 [nranks=4] stream 0x9e68770
c199-102:16784:16986 [2] NCCL INFO ReduceScatter: opCount eb sendbuff 0x2b6f4e000000 recvbuff 0x2b6c9c000000 count 163119233 datatype 7 op 0 root 0 comm 0xa40f400 [nranks=4] stream 0xa40f340
c199-102:16785:16990 [3] NCCL INFO ReduceScatter: opCount eb sendbuff 0x2b3d3e000000 recvbuff 0x2b3a84000000 count 163119233 datatype 7 op 0 root 0 comm 0xa11b690 [nranks=4] stream 0x740b7d0
c199-102:16783:16981 [1] NCCL INFO ReduceScatter: opCount eb sendbuff 0x2b4b20000000 recvbuff 0x2b485c000000 count 163119233 datatype 7 op 0 root 0 comm 0x9e68830 [nranks=4] stream 0x9e68770
c199-102:16782:16782 [0] NCCL INFO AllGather: opCount ea sendbuff 0x2b58ee000000 recvbuff 0x2b5aa8000000 count 652476932 datatype 0 op 0 root 0 comm 0xa7a6430 [nranks=4] stream 0x1498c50
c199-102:16782:16782 [0] NCCL INFO 2609907728 Bytes -> Algo 1 proto 2 time 326263.968750
c199-102:16782:16977 [0] NCCL INFO ReduceScatter: opCount eb sendbuff 0x2b5be0000000 recvbuff 0x2b5c7c000000 count 163119233 datatype 7 op 0 root 0 comm 0xa7a6430 [nranks=4] stream 0x1498c50
c199-102:16782:16977 [0] NCCL INFO 2609907728 Bytes -> Algo 1 proto 2 time 326263.968750
c199-102:16784:16784 [2] NCCL INFO AllGather: opCount ec sendbuff 0x2b6bf4000000 recvbuff 0x2b6e16000000 count 652476932 datatype 0 op 0 root 0 comm 0xa40f400 [nranks=4] stream 0xa40f340
c199-102:16784:16986 [2] NCCL INFO ReduceScatter: opCount ed sendbuff 0x2b6f4e000000 recvbuff 0x2b6c9c000000 count 163119233 datatype 7 op 0 root 0 comm 0xa40f400 [nranks=4] stream 0xa40f340
c199-102:16783:16783 [1] NCCL INFO AllGather: opCount ec sendbuff 0x2b47c6000000 recvbuff 0x2b49e8000000 count 652476932 datatype 0 op 0 root 0 comm 0x9e68830 [nranks=4] stream 0x9e68770
c199-102:16783:16981 [1] NCCL INFO ReduceScatter: opCount ed sendbuff 0x2b4b20000000 recvbuff 0x2b485c000000 count 163119233 datatype 7 op 0 root 0 comm 0x9e68830 [nranks=4] stream 0x9e68770
c199-102:16785:16785 [3] NCCL INFO AllGather: opCount ec sendbuff 0x2b3a0ae40200 recvbuff 0x2b3c06000000 count 652476932 datatype 0 op 0 root 0 comm 0xa11b690 [nranks=4] stream 0x740b7d0
c199-102:16785:16990 [3] NCCL INFO ReduceScatter: opCount ed sendbuff 0x2b3d3e000000 recvbuff 0x2b3a84000000 count 163119233 datatype 7 op 0 root 0 comm 0xa11b690 [nranks=4] stream 0x740b7d0
c199-102:16782:16782 [0] NCCL INFO AllGather: opCount ec sendbuff 0x2b58ee000000 recvbuff 0x2b5aa8000000 count 652476932 datatype 0 op 0 root 0 comm 0xa7a6430 [nranks=4] stream 0x1498c50
c199-102:16782:16782 [0] NCCL INFO 2609907728 Bytes -> Algo 1 proto 2 time 326263.968750
c199-102:16782:16977 [0] NCCL INFO ReduceScatter: opCount ed sendbuff 0x2b5be0000000 recvbuff 0x2b5c7c000000 count 163119233 datatype 7 op 0 root 0 comm 0xa7a6430 [nranks=4] stream 0x1498c50
c199-102:16782:16977 [0] NCCL INFO 2609907728 Bytes -> Algo 1 proto 2 time 326263.968750
c199-102:16784:16784 [2] NCCL INFO AllGather: opCount ee sendbuff 0x2b6bf4000000 recvbuff 0x2b6e16000000 count 652476932 datatype 0 op 0 root 0 comm 0xa40f400 [nranks=4] stream 0xa40f340
c199-102:16783:16783 [1] NCCL INFO AllGather: opCount ee sendbuff 0x2b47c6000000 recvbuff 0x2b49e8000000 count 652476932 datatype 0 op 0 root 0 comm 0x9e68830 [nranks=4] stream 0x9e68770
c199-102:16785:16785 [3] NCCL INFO AllGather: opCount ee sendbuff 0x2b3a0ae40200 recvbuff 0x2b3c06000000 count 652476932 datatype 0 op 0 root 0 comm 0xa11b690 [nranks=4] stream 0x740b7d0
c199-102:16782:16782 [0] NCCL INFO AllGather: opCount ee sendbuff 0x2b58ee000000 recvbuff 0x2b5aa8000000 count 652476932 datatype 0 op 0 root 0 comm 0xa7a6430 [nranks=4] stream 0x1498c50
c199-102:16782:16782 [0] NCCL INFO 2609907728 Bytes -> Algo 1 proto 2 time 326263.968750
c199-102:16784:16986 [2] NCCL INFO ReduceScatter: opCount ef sendbuff 0x2b6f4e000000 recvbuff 0x2b6c9c000000 count 163119233 datatype 7 op 0 root 0 comm 0xa40f400 [nranks=4] stream 0xa40f340
c199-102:16783:16981 [1] NCCL INFO ReduceScatter: opCount ef sendbuff 0x2b4b20000000 recvbuff 0x2b485c000000 count 163119233 datatype 7 op 0 root 0 comm 0x9e68830 [nranks=4] stream 0x9e68770
c199-102:16785:16990 [3] NCCL INFO ReduceScatter: opCount ef sendbuff 0x2b3d3e000000 recvbuff 0x2b3a84000000 count 163119233 datatype 7 op 0 root 0 comm 0xa11b690 [nranks=4] stream 0x740b7d0
c199-102:16782:16977 [0] NCCL INFO ReduceScatter: opCount ef sendbuff 0x2b5be0000000 recvbuff 0x2b5c7c000000 count 163119233 datatype 7 op 0 root 0 comm 0xa7a6430 [nranks=4] stream 0x1498c50
c199-102:16782:16977 [0] NCCL INFO 2609907728 Bytes -> Algo 1 proto 2 time 326263.968750
c199-102:16784:16784 [2] NCCL INFO AllGather: opCount f0 sendbuff 0x2b6bf4000000 recvbuff 0x2b6e16000000 count 652476932 datatype 0 op 0 root 0 comm 0xa40f400 [nranks=4] stream 0xa40f340
c199-102:16783:16783 [1] NCCL INFO AllGather: opCount f0 sendbuff 0x2b47c6000000 recvbuff 0x2b49e8000000 count 652476932 datatype 0 op 0 root 0 comm 0x9e68830 [nranks=4] stream 0x9e68770
c199-102:16782:16782 [0] NCCL INFO AllGather: opCount f0 sendbuff 0x2b58ee000000 recvbuff 0x2b5aa8000000 count 652476932 datatype 0 op 0 root 0 comm 0xa7a6430 [nranks=4] stream 0x1498c50
c199-102:16782:16782 [0] NCCL INFO 2609907728 Bytes -> Algo 1 proto 2 time 326263.968750
c199-102:16784:16986 [2] NCCL INFO ReduceScatter: opCount f1 sendbuff 0x2b6f4e000000 recvbuff 0x2b6c9c000000 count 163119233 datatype 7 op 0 root 0 comm 0xa40f400 [nranks=4] stream 0xa40f340
c199-102:16783:16981 [1] NCCL INFO ReduceScatter: opCount f1 sendbuff 0x2b4b20000000 recvbuff 0x2b485c000000 count 163119233 datatype 7 op 0 root 0 comm 0x9e68830 [nranks=4] stream 0x9e68770
c199-102:16785:16785 [3] NCCL INFO AllGather: opCount f0 sendbuff 0x2b3a0ae40200 recvbuff 0x2b3c06000000 count 652476932 datatype 0 op 0 root 0 comm 0xa11b690 [nranks=4] stream 0x740b7d0
c199-102:16785:16990 [3] NCCL INFO ReduceScatter: opCount f1 sendbuff 0x2b3d3e000000 recvbuff 0x2b3a84000000 count 163119233 datatype 7 op 0 root 0 comm 0xa11b690 [nranks=4] stream 0x740b7d0
c199-102:16782:16977 [0] NCCL INFO ReduceScatter: opCount f1 sendbuff 0x2b5be0000000 recvbuff 0x2b5c7c000000 count 163119233 datatype 7 op 0 root 0 comm 0xa7a6430 [nranks=4] stream 0x1498c50
c199-102:16782:16977 [0] NCCL INFO 2609907728 Bytes -> Algo 1 proto 2 time 326263.968750
c199-102:16784:16784 [2] NCCL INFO AllGather: opCount f2 sendbuff 0x2b6bf4000000 recvbuff 0x2b6e16000000 count 652476932 datatype 0 op 0 root 0 comm 0xa40f400 [nranks=4] stream 0xa40f340
c199-102:16785:16785 [3] NCCL INFO AllGather: opCount f2 sendbuff 0x2b3a0ae40200 recvbuff 0x2b3c06000000 count 652476932 datatype 0 op 0 root 0 comm 0xa11b690 [nranks=4] stream 0x740b7d0
c199-102:16782:16782 [0] NCCL INFO AllGather: opCount f2 sendbuff 0x2b58ee000000 recvbuff 0x2b5aa8000000 count 652476932 datatype 0 op 0 root 0 comm 0xa7a6430 [nranks=4] stream 0x1498c50
c199-102:16782:16782 [0] NCCL INFO 2609907728 Bytes -> Algo 1 proto 2 time 326263.968750
c199-102:16784:16986 [2] NCCL INFO ReduceScatter: opCount f3 sendbuff 0x2b6f4e000000 recvbuff 0x2b6c9c000000 count 163119233 datatype 7 op 0 root 0 comm 0xa40f400 [nranks=4] stream 0xa40f340
c199-102:16785:16990 [3] NCCL INFO ReduceScatter: opCount f3 sendbuff 0x2b3d3e000000 recvbuff 0x2b3a84000000 count 163119233 datatype 7 op 0 root 0 comm 0xa11b690 [nranks=4] stream 0x740b7d0
c199-102:16782:16977 [0] NCCL INFO ReduceScatter: opCount f3 sendbuff 0x2b5be0000000 recvbuff 0x2b5c7c000000 count 163119233 datatype 7 op 0 root 0 comm 0xa7a6430 [nranks=4] stream 0x1498c50
c199-102:16782:16977 [0] NCCL INFO 2609907728 Bytes -> Algo 1 proto 2 time 326263.968750
c199-102:16783:16783 [1] NCCL INFO AllGather: opCount f2 sendbuff 0x2b47c6000000 recvbuff 0x2b49e8000000 count 652476932 datatype 0 op 0 root 0 comm 0x9e68830 [nranks=4] stream 0x9e68770
c199-102:16783:16981 [1] NCCL INFO ReduceScatter: opCount f3 sendbuff 0x2b4b20000000 recvbuff 0x2b485c000000 count 163119233 datatype 7 op 0 root 0 comm 0x9e68830 [nranks=4] stream 0x9e68770
c199-102:16784:16784 [2] NCCL INFO AllGather: opCount f4 sendbuff 0x2b6bf4000000 recvbuff 0x2b6e16000000 count 652476932 datatype 0 op 0 root 0 comm 0xa40f400 [nranks=4] stream 0xa40f340
c199-102:16785:16785 [3] NCCL INFO AllGather: opCount f4 sendbuff 0x2b3a0ae40200 recvbuff 0x2b3c06000000 count 652476932 datatype 0 op 0 root 0 comm 0xa11b690 [nranks=4] stream 0x740b7d0
c199-102:16782:16782 [0] NCCL INFO AllGather: opCount f4 sendbuff 0x2b58ee000000 recvbuff 0x2b5aa8000000 count 652476932 datatype 0 op 0 root 0 comm 0xa7a6430 [nranks=4] stream 0x1498c50
c199-102:16782:16782 [0] NCCL INFO 2609907728 Bytes -> Algo 1 proto 2 time 326263.968750
c199-102:16783:16783 [1] NCCL INFO AllGather: opCount f4 sendbuff 0x2b47c6000000 recvbuff 0x2b49e8000000 count 652476932 datatype 0 op 0 root 0 comm 0x9e68830 [nranks=4] stream 0x9e68770
c199-102:16784:16986 [2] NCCL INFO ReduceScatter: opCount f5 sendbuff 0x2b6f4e000000 recvbuff 0x2b6c9c000000 count 163119233 datatype 7 op 0 root 0 comm 0xa40f400 [nranks=4] stream 0xa40f340
c199-102:16783:16981 [1] NCCL INFO ReduceScatter: opCount f5 sendbuff 0x2b4b20000000 recvbuff 0x2b485c000000 count 163119233 datatype 7 op 0 root 0 comm 0x9e68830 [nranks=4] stream 0x9e68770
c199-102:16785:16990 [3] NCCL INFO ReduceScatter: opCount f5 sendbuff 0x2b3d3e000000 recvbuff 0x2b3a84000000 count 163119233 datatype 7 op 0 root 0 comm 0xa11b690 [nranks=4] stream 0x740b7d0
c199-102:16782:16977 [0] NCCL INFO ReduceScatter: opCount f5 sendbuff 0x2b5be0000000 recvbuff 0x2b5c7c000000 count 163119233 datatype 7 op 0 root 0 comm 0xa7a6430 [nranks=4] stream 0x1498c50
c199-102:16782:16977 [0] NCCL INFO 2609907728 Bytes -> Algo 1 proto 2 time 326263.968750
c199-102:16784:16784 [2] NCCL INFO AllGather: opCount f6 sendbuff 0x2b6bf4000000 recvbuff 0x2b6e16000000 count 652476932 datatype 0 op 0 root 0 comm 0xa40f400 [nranks=4] stream 0xa40f340
c199-102:16784:16986 [2] NCCL INFO ReduceScatter: opCount f7 sendbuff 0x2b6f4e000000 recvbuff 0x2b6c9c000000 count 163119233 datatype 7 op 0 root 0 comm 0xa40f400 [nranks=4] stream 0xa40f340
c199-102:16783:16783 [1] NCCL INFO AllGather: opCount f6 sendbuff 0x2b47c6000000 recvbuff 0x2b49e8000000 count 652476932 datatype 0 op 0 root 0 comm 0x9e68830 [nranks=4] stream 0x9e68770
c199-102:16783:16981 [1] NCCL INFO ReduceScatter: opCount f7 sendbuff 0x2b4b20000000 recvbuff 0x2b485c000000 count 163119233 datatype 7 op 0 root 0 comm 0x9e68830 [nranks=4] stream 0x9e68770
c199-102:16785:16785 [3] NCCL INFO AllGather: opCount f6 sendbuff 0x2b3a0ae40200 recvbuff 0x2b3c06000000 count 652476932 datatype 0 op 0 root 0 comm 0xa11b690 [nranks=4] stream 0x740b7d0
c199-102:16785:16990 [3] NCCL INFO ReduceScatter: opCount f7 sendbuff 0x2b3d3e000000 recvbuff 0x2b3a84000000 count 163119233 datatype 7 op 0 root 0 comm 0xa11b690 [nranks=4] stream 0x740b7d0
c199-102:16782:16782 [0] NCCL INFO AllGather: opCount f6 sendbuff 0x2b58ee000000 recvbuff 0x2b5aa8000000 count 652476932 datatype 0 op 0 root 0 comm 0xa7a6430 [nranks=4] stream 0x1498c50
c199-102:16782:16782 [0] NCCL INFO 2609907728 Bytes -> Algo 1 proto 2 time 326263.968750
c199-102:16782:16977 [0] NCCL INFO ReduceScatter: opCount f7 sendbuff 0x2b5be0000000 recvbuff 0x2b5c7c000000 count 163119233 datatype 7 op 0 root 0 comm 0xa7a6430 [nranks=4] stream 0x1498c50
c199-102:16782:16977 [0] NCCL INFO 2609907728 Bytes -> Algo 1 proto 2 time 326263.968750
c199-102:16784:16784 [2] NCCL INFO AllGather: opCount f8 sendbuff 0x2b6bf4000000 recvbuff 0x2b6e16000000 count 652476932 datatype 0 op 0 root 0 comm 0xa40f400 [nranks=4] stream 0xa40f340
c199-102:16783:16783 [1] NCCL INFO AllGather: opCount f8 sendbuff 0x2b47c6000000 recvbuff 0x2b49e8000000 count 652476932 datatype 0 op 0 root 0 comm 0x9e68830 [nranks=4] stream 0x9e68770
c199-102:16785:16785 [3] NCCL INFO AllGather: opCount f8 sendbuff 0x2b3a0ae40200 recvbuff 0x2b3c06000000 count 652476932 datatype 0 op 0 root 0 comm 0xa11b690 [nranks=4] stream 0x740b7d0
c199-102:16782:16782 [0] NCCL INFO AllGather: opCount f8 sendbuff 0x2b58ee000000 recvbuff 0x2b5aa8000000 count 652476932 datatype 0 op 0 root 0 comm 0xa7a6430 [nranks=4] stream 0x1498c50
c199-102:16782:16782 [0] NCCL INFO 2609907728 Bytes -> Algo 1 proto 2 time 326263.968750
c199-102:16784:16986 [2] NCCL INFO ReduceScatter: opCount f9 sendbuff 0x2b6f4e000000 recvbuff 0x2b6c9c000000 count 163119233 datatype 7 op 0 root 0 comm 0xa40f400 [nranks=4] stream 0xa40f340
c199-102:16783:16981 [1] NCCL INFO ReduceScatter: opCount f9 sendbuff 0x2b4b20000000 recvbuff 0x2b485c000000 count 163119233 datatype 7 op 0 root 0 comm 0x9e68830 [nranks=4] stream 0x9e68770
c199-102:16785:16990 [3] NCCL INFO ReduceScatter: opCount f9 sendbuff 0x2b3d3e000000 recvbuff 0x2b3a84000000 count 163119233 datatype 7 op 0 root 0 comm 0xa11b690 [nranks=4] stream 0x740b7d0
c199-102:16782:16977 [0] NCCL INFO ReduceScatter: opCount f9 sendbuff 0x2b5be0000000 recvbuff 0x2b5c7c000000 count 163119233 datatype 7 op 0 root 0 comm 0xa7a6430 [nranks=4] stream 0x1498c50
c199-102:16782:16977 [0] NCCL INFO 2609907728 Bytes -> Algo 1 proto 2 time 326263.968750
c199-102:16782:16782 [0] NCCL INFO AllGather: opCount fa sendbuff 0x2b58ee000000 recvbuff 0x2b5aa8000000 count 652476932 datatype 0 op 0 root 0 comm 0xa7a6430 [nranks=4] stream 0x1498c50
c199-102:16782:16782 [0] NCCL INFO 2609907728 Bytes -> Algo 1 proto 2 time 326263.968750
c199-102:16784:16784 [2] NCCL INFO AllGather: opCount fa sendbuff 0x2b6bf4000000 recvbuff 0x2b6e16000000 count 652476932 datatype 0 op 0 root 0 comm 0xa40f400 [nranks=4] stream 0xa40f340
c199-102:16783:16783 [1] NCCL INFO AllGather: opCount fa sendbuff 0x2b47c6000000 recvbuff 0x2b49e8000000 count 652476932 datatype 0 op 0 root 0 comm 0x9e68830 [nranks=4] stream 0x9e68770
c199-102:16785:16785 [3] NCCL INFO AllGather: opCount fa sendbuff 0x2b3a0ae40200 recvbuff 0x2b3c06000000 count 652476932 datatype 0 op 0 root 0 comm 0xa11b690 [nranks=4] stream 0x740b7d0
c199-102:16784:16986 [2] NCCL INFO ReduceScatter: opCount fb sendbuff 0x2b6f4e000000 recvbuff 0x2b6c9c000000 count 163119233 datatype 7 op 0 root 0 comm 0xa40f400 [nranks=4] stream 0xa40f340
c199-102:16783:16981 [1] NCCL INFO ReduceScatter: opCount fb sendbuff 0x2b4b20000000 recvbuff 0x2b485c000000 count 163119233 datatype 7 op 0 root 0 comm 0x9e68830 [nranks=4] stream 0x9e68770
c199-102:16785:16990 [3] NCCL INFO ReduceScatter: opCount fb sendbuff 0x2b3d3e000000 recvbuff 0x2b3a84000000 count 163119233 datatype 7 op 0 root 0 comm 0xa11b690 [nranks=4] stream 0x740b7d0
c199-102:16782:16977 [0] NCCL INFO ReduceScatter: opCount fb sendbuff 0x2b5be0000000 recvbuff 0x2b5c7c000000 count 163119233 datatype 7 op 0 root 0 comm 0xa7a6430 [nranks=4] stream 0x1498c50
c199-102:16782:16977 [0] NCCL INFO 2609907728 Bytes -> Algo 1 proto 2 time 326263.968750
c199-102:16784:16784 [2] NCCL INFO AllGather: opCount fc sendbuff 0x2b6bf4000000 recvbuff 0x2b6e16000000 count 652476932 datatype 0 op 0 root 0 comm 0xa40f400 [nranks=4] stream 0xa40f340
c199-102:16784:16986 [2] NCCL INFO ReduceScatter: opCount fd sendbuff 0x2b6f4e000000 recvbuff 0x2b6c9c000000 count 163119233 datatype 7 op 0 root 0 comm 0xa40f400 [nranks=4] stream 0xa40f340
