Python version: Python 3.9.2
GCC version: gcc (GCC) 8.3.0
CUDA module: 
LD_LIBRARY_PATH: /opt/apps/intel19/python3/3.9.2/lib:/opt/apps/intel19/python3/3.9.2/lib:/opt/intel/compilers_and_libraries_2020.4.304/linux/mpi/intel64/libfabric/lib:/opt/intel/compilers_and_libraries_2020.4.304/linux/mpi/intel64/lib/release:/opt/intel/compilers_and_libraries_2020.4.304/linux/mpi/intel64/lib:/opt/intel/debugger_2020/libipt/intel64/lib:/opt/intel/compilers_and_libraries_2020.1.217/linux/daal/lib/intel64_lin:/opt/intel/compilers_and_libraries_2020.1.217/linux/tbb/lib/intel64_lin/gcc4.8:/opt/intel/compilers_and_libraries_2020.1.217/linux/mkl/lib/intel64_lin:/opt/intel/compilers_and_libraries_2020.1.217/linux/ipp/lib/intel64:/opt/intel/compilers_and_libraries_2020.1.217/linux/compiler/lib/intel64_lin:/opt/apps/gcc/8.3.0/lib64:/opt/apps/gcc/8.3.0/lib:/home1/apps/cuda/12.2/lib64:/usr/lib64
c199-102:16782:16782 [0] NCCL INFO Bootstrap : Using ib0:192.168.44.186<0>
c199-102:16782:16782 [0] NCCL INFO NET/Plugin: No plugin found (libnccl-net.so)
c199-102:16782:16782 [0] NCCL INFO NET/Plugin: Plugin load returned 2 : libnccl-net.so: cannot open shared object file: No such file or directory : when loading libnccl-net.so
c199-102:16782:16782 [0] NCCL INFO NET/Plugin: Using internal network plugin.
c199-102:16782:16782 [0] NCCL INFO cudaDriverVersion 12020
NCCL version 2.21.5+cuda12.4
c199-102:16783:16783 [1] NCCL INFO cudaDriverVersion 12020
c199-102:16783:16783 [1] NCCL INFO Bootstrap : Using ib0:192.168.44.186<0>
c199-102:16783:16783 [1] NCCL INFO NET/Plugin: No plugin found (libnccl-net.so)
c199-102:16783:16783 [1] NCCL INFO NET/Plugin: Plugin load returned 2 : libnccl-net.so: cannot open shared object file: No such file or directory : when loading libnccl-net.so
c199-102:16783:16783 [1] NCCL INFO NET/Plugin: Using internal network plugin.
c199-102:16783:16783 [1] NCCL INFO init.cc:1785 Cuda Host Alloc Size 4 pointer 0x2b4741e00000
c199-102:16783:16783 [1] NCCL INFO Comm config Blocking set to 1
c199-102:16783:16909 [1] NCCL INFO NET/IB : Using [0]mlx4_0:1/IB [RO]; OOB ib0:192.168.44.186<0>
c199-102:16783:16909 [1] NCCL INFO Using non-device net plugin version 0
c199-102:16783:16909 [1] NCCL INFO Using network IB
c199-102:16783:16909 [1] NCCL INFO ncclCommInitRank comm 0x9e68830 rank 1 nranks 4 cudaDev 1 nvmlDev 1 busId 3000 commId 0xe62c9498b83c8bc5 - Init START
c199-102:16783:16909 [1] NCCL INFO NET/IB : GPU Direct RDMA Enabled for HCA 0 'mlx4_0'
c199-102:16783:16909 [1] NCCL INFO === System : maxBw 12.0 totalBw 12.0 ===
c199-102:16783:16909 [1] NCCL INFO CPU/0-0 (1/1/1)
c199-102:16783:16909 [1] NCCL INFO + PCI[12.0] - GPU/0-2000 (0)
c199-102:16783:16909 [1] NCCL INFO + PCI[12.0] - GPU/0-3000 (1)
c199-102:16783:16909 [1] NCCL INFO + PCI[6.0] - NIC/0-1000
c199-102:16783:16909 [1] NCCL INFO + SYS[6.0] - CPU/1
c199-102:16783:16909 [1] NCCL INFO CPU/0-1 (1/1/1)
c199-102:16783:16909 [1] NCCL INFO + PCI[12.0] - GPU/0-82000 (2)
c199-102:16783:16909 [1] NCCL INFO + PCI[12.0] - GPU/0-83000 (3)
c199-102:16783:16909 [1] NCCL INFO + SYS[6.0] - CPU/0
c199-102:16783:16909 [1] NCCL INFO ==========================================
c199-102:16783:16909 [1] NCCL INFO GPU/2000 :GPU/0-2000 (0/5000.0/LOC) GPU/0-3000 (2/12.0/PHB) GPU/0-82000 (3/6.0/SYS) GPU/0-83000 (3/6.0/SYS) CPU/0-0 (1/12.0/PHB) CPU/0-1 (2/6.0/SYS) 
c199-102:16783:16909 [1] NCCL INFO GPU/3000 :GPU/0-2000 (2/12.0/PHB) GPU/0-3000 (0/5000.0/LOC) GPU/0-82000 (3/6.0/SYS) GPU/0-83000 (3/6.0/SYS) CPU/0-0 (1/12.0/PHB) CPU/0-1 (2/6.0/SYS) 
c199-102:16783:16909 [1] NCCL INFO GPU/82000 :GPU/0-2000 (3/6.0/SYS) GPU/0-3000 (3/6.0/SYS) GPU/0-82000 (0/5000.0/LOC) GPU/0-83000 (2/12.0/PHB) CPU/0-0 (2/6.0/SYS) CPU/0-1 (1/12.0/PHB) 
c199-102:16783:16909 [1] NCCL INFO GPU/83000 :GPU/0-2000 (3/6.0/SYS) GPU/0-3000 (3/6.0/SYS) GPU/0-82000 (2/12.0/PHB) GPU/0-83000 (0/5000.0/LOC) CPU/0-0 (2/6.0/SYS) CPU/0-1 (1/12.0/PHB) 
c199-102:16783:16909 [1] NCCL INFO Setting affinity for GPU 1 to ff00ff
c199-102:16783:16909 [1] NCCL INFO NVLS multicast support is not available on dev 1
c199-102:16783:16909 [1] NCCL INFO Pattern 4, crossNic 0, nChannels 1, bw 6.000000/6.000000, type SYS/PIX, sameChannels 1
c199-102:16783:16909 [1] NCCL INFO  0 : GPU/0 GPU/1 GPU/2 GPU/3
c199-102:16783:16909 [1] NCCL INFO Pattern 1, crossNic 0, nChannels 1, bw 6.000000/6.000000, type SYS/PIX, sameChannels 1
c199-102:16783:16909 [1] NCCL INFO  0 : GPU/0 GPU/1 GPU/2 GPU/3
c199-102:16783:16909 [1] NCCL INFO comm 0x9e68830 rank 1 nRanks 4 nNodes 1 localRanks 4 localRank 1 MNNVL 0
c199-102:16783:16909 [1] NCCL INFO Tree 0 : 0 -> 1 -> 2/-1/-1
c199-102:16783:16909 [1] NCCL INFO Tree 1 : 0 -> 1 -> 2/-1/-1
c199-102:16783:16909 [1] NCCL INFO Ring 00 : 0 -> 1 -> 2
c199-102:16783:16909 [1] NCCL INFO Ring 01 : 0 -> 1 -> 2
c199-102:16783:16909 [1] NCCL INFO Trees [0] 2/-1/-1->1->0 [1] 2/-1/-1->1->0
c199-102:16783:16909 [1] NCCL INFO P2P Chunksize set to 131072
c199-102:16783:16909 [1] NCCL INFO UDS: Creating service thread comm 0x9e68830 rank 1
c199-102:16783:16909 [1] NCCL INFO misc/utils.cc:235 memory stack hunk malloc(65536)
c199-102:16783:16909 [1] NCCL INFO channel.cc:41 Cuda Alloc Size 2432 pointer 0x2b472f600000
c199-102:16783:16909 [1] NCCL INFO channel.cc:44 Cuda Alloc Size 72 pointer 0x2b472f800000
c199-102:16783:16909 [1] NCCL INFO channel.cc:55 Cuda Alloc Size 16 pointer 0x2b472fa00000
c199-102:16783:16909 [1] NCCL INFO channel.cc:41 Cuda Alloc Size 2432 pointer 0x2b472fc00000
c199-102:16784:16784 [2] NCCL INFO cudaDriverVersion 12020
c199-102:16784:16784 [2] NCCL INFO Bootstrap : Using ib0:192.168.44.186<0>
c199-102:16784:16784 [2] NCCL INFO NET/Plugin: No plugin found (libnccl-net.so)
c199-102:16784:16784 [2] NCCL INFO NET/Plugin: Plugin load returned 2 : libnccl-net.so: cannot open shared object file: No such file or directory : when loading libnccl-net.so
c199-102:16784:16784 [2] NCCL INFO NET/Plugin: Using internal network plugin.
c199-102:16784:16784 [2] NCCL INFO init.cc:1785 Cuda Host Alloc Size 4 pointer 0x2b6b77e00000
c199-102:16784:16784 [2] NCCL INFO Comm config Blocking set to 1
c199-102:16784:16911 [2] NCCL INFO NET/IB : Using [0]mlx4_0:1/IB [RO]; OOB ib0:192.168.44.186<0>
c199-102:16784:16911 [2] NCCL INFO Using non-device net plugin version 0
c199-102:16784:16911 [2] NCCL INFO Using network IB
c199-102:16784:16911 [2] NCCL INFO ncclCommInitRank comm 0xa40f400 rank 2 nranks 4 cudaDev 2 nvmlDev 2 busId 82000 commId 0xe62c9498b83c8bc5 - Init START
c199-102:16784:16911 [2] NCCL INFO NET/IB : GPU Direct RDMA Enabled for HCA 0 'mlx4_0'
c199-102:16784:16911 [2] NCCL INFO === System : maxBw 12.0 totalBw 12.0 ===
c199-102:16784:16911 [2] NCCL INFO CPU/0-0 (1/1/1)
c199-102:16784:16911 [2] NCCL INFO + PCI[12.0] - GPU/0-2000 (0)
c199-102:16784:16911 [2] NCCL INFO + PCI[12.0] - GPU/0-3000 (1)
c199-102:16784:16911 [2] NCCL INFO + PCI[6.0] - NIC/0-1000
c199-102:16784:16911 [2] NCCL INFO + SYS[6.0] - CPU/1
c199-102:16784:16911 [2] NCCL INFO CPU/0-1 (1/1/1)
c199-102:16784:16911 [2] NCCL INFO + PCI[12.0] - GPU/0-82000 (2)
c199-102:16784:16911 [2] NCCL INFO + PCI[12.0] - GPU/0-83000 (3)
c199-102:16784:16911 [2] NCCL INFO + SYS[6.0] - CPU/0
c199-102:16784:16911 [2] NCCL INFO ==========================================
c199-102:16784:16911 [2] NCCL INFO GPU/2000 :GPU/0-2000 (0/5000.0/LOC) GPU/0-3000 (2/12.0/PHB) GPU/0-82000 (3/6.0/SYS) GPU/0-83000 (3/6.0/SYS) CPU/0-0 (1/12.0/PHB) CPU/0-1 (2/6.0/SYS) 
c199-102:16784:16911 [2] NCCL INFO GPU/3000 :GPU/0-2000 (2/12.0/PHB) GPU/0-3000 (0/5000.0/LOC) GPU/0-82000 (3/6.0/SYS) GPU/0-83000 (3/6.0/SYS) CPU/0-0 (1/12.0/PHB) CPU/0-1 (2/6.0/SYS) 
c199-102:16784:16911 [2] NCCL INFO GPU/82000 :GPU/0-2000 (3/6.0/SYS) GPU/0-3000 (3/6.0/SYS) GPU/0-82000 (0/5000.0/LOC) GPU/0-83000 (2/12.0/PHB) CPU/0-0 (2/6.0/SYS) CPU/0-1 (1/12.0/PHB) 
c199-102:16784:16911 [2] NCCL INFO GPU/83000 :GPU/0-2000 (3/6.0/SYS) GPU/0-3000 (3/6.0/SYS) GPU/0-82000 (2/12.0/PHB) GPU/0-83000 (0/5000.0/LOC) CPU/0-0 (2/6.0/SYS) CPU/0-1 (1/12.0/PHB) 
c199-102:16784:16911 [2] NCCL INFO Setting affinity for GPU 2 to ff00ff00
c199-102:16784:16911 [2] NCCL INFO NVLS multicast support is not available on dev 2
c199-102:16784:16911 [2] NCCL INFO Pattern 4, crossNic 0, nChannels 1, bw 6.000000/6.000000, type SYS/PIX, sameChannels 1
c199-102:16784:16911 [2] NCCL INFO  0 : GPU/0 GPU/1 GPU/2 GPU/3
c199-102:16784:16911 [2] NCCL INFO Pattern 1, crossNic 0, nChannels 1, bw 6.000000/6.000000, type SYS/PIX, sameChannels 1
c199-102:16784:16911 [2] NCCL INFO  0 : GPU/0 GPU/1 GPU/2 GPU/3
c199-102:16784:16911 [2] NCCL INFO comm 0xa40f400 rank 2 nRanks 4 nNodes 1 localRanks 4 localRank 2 MNNVL 0
c199-102:16784:16911 [2] NCCL INFO Ring 00 : 1 -> 2 -> 3
c199-102:16784:16911 [2] NCCL INFO Ring 01 : 1 -> 2 -> 3
c199-102:16784:16911 [2] NCCL INFO Trees [0] 3/-1/-1->2->1 [1] 3/-1/-1->2->1
c199-102:16784:16911 [2] NCCL INFO P2P Chunksize set to 131072
c199-102:16784:16911 [2] NCCL INFO UDS: Creating service thread comm 0xa40f400 rank 2
c199-102:16784:16911 [2] NCCL INFO misc/utils.cc:235 memory stack hunk malloc(65536)
c199-102:16784:16911 [2] NCCL INFO channel.cc:41 Cuda Alloc Size 2432 pointer 0x2b6b65600000
c199-102:16784:16911 [2] NCCL INFO channel.cc:44 Cuda Alloc Size 72 pointer 0x2b6b65800000
c199-102:16784:16911 [2] NCCL INFO channel.cc:55 Cuda Alloc Size 16 pointer 0x2b6b65a00000
c199-102:16784:16911 [2] NCCL INFO channel.cc:41 Cuda Alloc Size 2432 pointer 0x2b6b65c00000
c199-102:16784:16911 [2] NCCL INFO channel.cc:44 Cuda Alloc Size 72 pointer 0x2b6b65e00000
c199-102:16785:16785 [3] NCCL INFO cudaDriverVersion 12020
c199-102:16785:16785 [3] NCCL INFO Bootstrap : Using ib0:192.168.44.186<0>
c199-102:16785:16785 [3] NCCL INFO NET/Plugin: No plugin found (libnccl-net.so)
c199-102:16785:16785 [3] NCCL INFO NET/Plugin: Plugin load returned 2 : libnccl-net.so: cannot open shared object file: No such file or directory : when loading libnccl-net.so
c199-102:16785:16785 [3] NCCL INFO NET/Plugin: Using internal network plugin.
c199-102:16785:16785 [3] NCCL INFO init.cc:1785 Cuda Host Alloc Size 4 pointer 0x2b3967e00000
c199-102:16785:16785 [3] NCCL INFO Comm config Blocking set to 1
c199-102:16785:16910 [3] NCCL INFO NET/IB : Using [0]mlx4_0:1/IB [RO]; OOB ib0:192.168.44.186<0>
c199-102:16785:16910 [3] NCCL INFO Using non-device net plugin version 0
c199-102:16785:16910 [3] NCCL INFO Using network IB
c199-102:16785:16910 [3] NCCL INFO ncclCommInitRank comm 0xa11b690 rank 3 nranks 4 cudaDev 3 nvmlDev 3 busId 83000 commId 0xe62c9498b83c8bc5 - Init START
c199-102:16785:16910 [3] NCCL INFO NET/IB : GPU Direct RDMA Enabled for HCA 0 'mlx4_0'
c199-102:16785:16910 [3] NCCL INFO === System : maxBw 12.0 totalBw 12.0 ===
c199-102:16785:16910 [3] NCCL INFO CPU/0-0 (1/1/1)
c199-102:16785:16910 [3] NCCL INFO + PCI[12.0] - GPU/0-2000 (0)
c199-102:16785:16910 [3] NCCL INFO + PCI[12.0] - GPU/0-3000 (1)
c199-102:16785:16910 [3] NCCL INFO + PCI[6.0] - NIC/0-1000
c199-102:16785:16910 [3] NCCL INFO + SYS[6.0] - CPU/1
c199-102:16785:16910 [3] NCCL INFO CPU/0-1 (1/1/1)
c199-102:16785:16910 [3] NCCL INFO + PCI[12.0] - GPU/0-82000 (2)
c199-102:16785:16910 [3] NCCL INFO + PCI[12.0] - GPU/0-83000 (3)
c199-102:16785:16910 [3] NCCL INFO + SYS[6.0] - CPU/0
c199-102:16785:16910 [3] NCCL INFO ==========================================
c199-102:16785:16910 [3] NCCL INFO GPU/2000 :GPU/0-2000 (0/5000.0/LOC) GPU/0-3000 (2/12.0/PHB) GPU/0-82000 (3/6.0/SYS) GPU/0-83000 (3/6.0/SYS) CPU/0-0 (1/12.0/PHB) CPU/0-1 (2/6.0/SYS) 
c199-102:16785:16910 [3] NCCL INFO GPU/3000 :GPU/0-2000 (2/12.0/PHB) GPU/0-3000 (0/5000.0/LOC) GPU/0-82000 (3/6.0/SYS) GPU/0-83000 (3/6.0/SYS) CPU/0-0 (1/12.0/PHB) CPU/0-1 (2/6.0/SYS) 
c199-102:16785:16910 [3] NCCL INFO GPU/82000 :GPU/0-2000 (3/6.0/SYS) GPU/0-3000 (3/6.0/SYS) GPU/0-82000 (0/5000.0/LOC) GPU/0-83000 (2/12.0/PHB) CPU/0-0 (2/6.0/SYS) CPU/0-1 (1/12.0/PHB) 
c199-102:16785:16910 [3] NCCL INFO GPU/83000 :GPU/0-2000 (3/6.0/SYS) GPU/0-3000 (3/6.0/SYS) GPU/0-82000 (2/12.0/PHB) GPU/0-83000 (0/5000.0/LOC) CPU/0-0 (2/6.0/SYS) CPU/0-1 (1/12.0/PHB) 
c199-102:16785:16910 [3] NCCL INFO Setting affinity for GPU 3 to ff00ff00
c199-102:16785:16910 [3] NCCL INFO NVLS multicast support is not available on dev 3
c199-102:16785:16910 [3] NCCL INFO Pattern 4, crossNic 0, nChannels 1, bw 6.000000/6.000000, type SYS/PIX, sameChannels 1
c199-102:16785:16910 [3] NCCL INFO  0 : GPU/0 GPU/1 GPU/2 GPU/3
c199-102:16785:16910 [3] NCCL INFO Pattern 1, crossNic 0, nChannels 1, bw 6.000000/6.000000, type SYS/PIX, sameChannels 1
c199-102:16785:16910 [3] NCCL INFO  0 : GPU/0 GPU/1 GPU/2 GPU/3
c199-102:16785:16910 [3] NCCL INFO comm 0xa11b690 rank 3 nRanks 4 nNodes 1 localRanks 4 localRank 3 MNNVL 0
c199-102:16785:16910 [3] NCCL INFO Ring 00 : 2 -> 3 -> 0
c199-102:16785:16910 [3] NCCL INFO Ring 01 : 2 -> 3 -> 0
c199-102:16785:16910 [3] NCCL INFO Trees [0] -1/-1/-1->3->2 [1] -1/-1/-1->3->2
c199-102:16785:16910 [3] NCCL INFO P2P Chunksize set to 131072
c199-102:16785:16910 [3] NCCL INFO UDS: Creating service thread comm 0xa11b690 rank 3
c199-102:16785:16910 [3] NCCL INFO misc/utils.cc:235 memory stack hunk malloc(65536)
c199-102:16785:16910 [3] NCCL INFO channel.cc:41 Cuda Alloc Size 2432 pointer 0x2b3955600000
c199-102:16785:16910 [3] NCCL INFO channel.cc:44 Cuda Alloc Size 72 pointer 0x2b3955800000
c199-102:16785:16910 [3] NCCL INFO channel.cc:55 Cuda Alloc Size 16 pointer 0x2b3955a00000
c199-102:16785:16910 [3] NCCL INFO channel.cc:41 Cuda Alloc Size 2432 pointer 0x2b3955c00000
c199-102:16785:16910 [3] NCCL INFO channel.cc:44 Cuda Alloc Size 72 pointer 0x2b3955e00000
c199-102:16782:16782 [0] NCCL INFO init.cc:1785 Cuda Host Alloc Size 4 pointer 0x2b5861e00000
c199-102:16782:16782 [0] NCCL INFO Comm config Blocking set to 1
c199-102:16782:16908 [0] NCCL INFO NET/IB : Using [0]mlx4_0:1/IB [RO]; OOB ib0:192.168.44.186<0>
c199-102:16782:16908 [0] NCCL INFO Using non-device net plugin version 0
c199-102:16782:16908 [0] NCCL INFO Using network IB
c199-102:16782:16908 [0] NCCL INFO ncclCommInitRank comm 0xa7a6430 rank 0 nranks 4 cudaDev 0 nvmlDev 0 busId 2000 commId 0xe62c9498b83c8bc5 - Init START
c199-102:16782:16908 [0] NCCL INFO NET/IB : GPU Direct RDMA Enabled for HCA 0 'mlx4_0'
c199-102:16782:16908 [0] NCCL INFO === System : maxBw 12.0 totalBw 12.0 ===
c199-102:16782:16908 [0] NCCL INFO CPU/0-0 (1/1/1)
c199-102:16782:16908 [0] NCCL INFO + PCI[12.0] - GPU/0-2000 (0)
c199-102:16782:16908 [0] NCCL INFO + PCI[12.0] - GPU/0-3000 (1)
c199-102:16782:16908 [0] NCCL INFO + PCI[6.0] - NIC/0-1000
c199-102:16782:16908 [0] NCCL INFO + SYS[6.0] - CPU/1
c199-102:16782:16908 [0] NCCL INFO CPU/0-1 (1/1/1)
c199-102:16782:16908 [0] NCCL INFO + PCI[12.0] - GPU/0-82000 (2)
c199-102:16782:16908 [0] NCCL INFO + PCI[12.0] - GPU/0-83000 (3)
c199-102:16782:16908 [0] NCCL INFO + SYS[6.0] - CPU/0
c199-102:16782:16908 [0] NCCL INFO ==========================================
c199-102:16782:16908 [0] NCCL INFO GPU/2000 :GPU/0-2000 (0/5000.0/LOC) GPU/0-3000 (2/12.0/PHB) GPU/0-82000 (3/6.0/SYS) GPU/0-83000 (3/6.0/SYS) CPU/0-0 (1/12.0/PHB) CPU/0-1 (2/6.0/SYS) 
c199-102:16782:16908 [0] NCCL INFO GPU/3000 :GPU/0-2000 (2/12.0/PHB) GPU/0-3000 (0/5000.0/LOC) GPU/0-82000 (3/6.0/SYS) GPU/0-83000 (3/6.0/SYS) CPU/0-0 (1/12.0/PHB) CPU/0-1 (2/6.0/SYS) 
c199-102:16782:16908 [0] NCCL INFO GPU/82000 :GPU/0-2000 (3/6.0/SYS) GPU/0-3000 (3/6.0/SYS) GPU/0-82000 (0/5000.0/LOC) GPU/0-83000 (2/12.0/PHB) CPU/0-0 (2/6.0/SYS) CPU/0-1 (1/12.0/PHB) 
c199-102:16782:16908 [0] NCCL INFO GPU/83000 :GPU/0-2000 (3/6.0/SYS) GPU/0-3000 (3/6.0/SYS) GPU/0-82000 (2/12.0/PHB) GPU/0-83000 (0/5000.0/LOC) CPU/0-0 (2/6.0/SYS) CPU/0-1 (1/12.0/PHB) 
c199-102:16782:16908 [0] NCCL INFO Setting affinity for GPU 0 to ff00ff
c199-102:16782:16908 [0] NCCL INFO NVLS multicast support is not available on dev 0
c199-102:16782:16908 [0] NCCL INFO Pattern 4, crossNic 0, nChannels 1, bw 6.000000/6.000000, type SYS/PIX, sameChannels 1
c199-102:16782:16908 [0] NCCL INFO  0 : GPU/0 GPU/1 GPU/2 GPU/3
c199-102:16782:16908 [0] NCCL INFO Pattern 1, crossNic 0, nChannels 1, bw 6.000000/6.000000, type SYS/PIX, sameChannels 1
c199-102:16782:16908 [0] NCCL INFO  0 : GPU/0 GPU/1 GPU/2 GPU/3
c199-102:16782:16908 [0] NCCL INFO comm 0xa7a6430 rank 0 nRanks 4 nNodes 1 localRanks 4 localRank 0 MNNVL 0
c199-102:16782:16908 [0] NCCL INFO Tree 0 : -1 -> 0 -> 1/-1/-1
c199-102:16782:16908 [0] NCCL INFO Tree 1 : -1 -> 0 -> 1/-1/-1
c199-102:16782:16908 [0] NCCL INFO Channel 00/02 :    0   1   2   3
c199-102:16782:16908 [0] NCCL INFO Channel 01/02 :    0   1   2   3
c199-102:16782:16908 [0] NCCL INFO Ring 00 : 3 -> 0 -> 1
c199-102:16782:16908 [0] NCCL INFO Ring 01 : 3 -> 0 -> 1
c199-102:16782:16908 [0] NCCL INFO Trees [0] 1/-1/-1->0->-1 [1] 1/-1/-1->0->-1
c199-102:16782:16908 [0] NCCL INFO P2P Chunksize set to 131072
c199-102:16782:16908 [0] NCCL INFO UDS: Creating service thread comm 0xa7a6430 rank 0
c199-102:16782:16908 [0] NCCL INFO misc/utils.cc:235 memory stack hunk malloc(65536)
c199-102:16782:16908 [0] NCCL INFO channel.cc:41 Cuda Alloc Size 2432 pointer 0x2b5849600000
c199-102:16782:16908 [0] NCCL INFO channel.cc:44 Cuda Alloc Size 72 pointer 0x2b5849800000
c199-102:16782:16908 [0] NCCL INFO channel.cc:55 Cuda Alloc Size 16 pointer 0x2b5849a00000
c199-102:16782:16908 [0] NCCL INFO channel.cc:41 Cuda Alloc Size 2432 pointer 0x2b5849c00000
c199-102:16782:16908 [0] NCCL INFO channel.cc:44 Cuda Alloc Size 72 pointer 0x2b5849e00000
c199-102:16782:16908 [0] NCCL INFO channel.cc:55 Cuda Alloc Size 16 pointer 0x2b5841000000
c199-102:16782:16908 [0] NCCL INFO Allocated 9637892 bytes of shared memory in /dev/shm/nccl-8nrKtl
c199-102:16782:16908 [0] NCCL INFO Allocated 9637892 bytes of shared memory in /dev/shm/nccl-3rYcJp
c199-102:16782:16908 [0] NCCL INFO Allocated 4100 bytes of shared memory in /dev/shm/nccl-HVZAZt
c199-102:16782:16908 [0] NCCL INFO Channel 00 : 0[0] -> 1[1] via SHM/direct/direct
c199-102:16782:16908 [0] NCCL INFO Allocated 4100 bytes of shared memory in /dev/shm/nccl-X7m2fy
c199-102:16782:16908 [0] NCCL INFO Channel 01 : 0[0] -> 1[1] via SHM/direct/direct
c199-102:16782:16908 [0] NCCL INFO Connected all rings
c199-102:16782:16908 [0] NCCL INFO Allocated 9637892 bytes of shared memory in /dev/shm/nccl-JLTAyC
c199-102:16782:16908 [0] NCCL INFO Allocated 9637892 bytes of shared memory in /dev/shm/nccl-eC13RG
c199-102:16782:16908 [0] NCCL INFO Connected all trees
c199-102:16782:16908 [0] NCCL INFO NCCL_ALGO set by environment to Ring
c199-102:16782:16908 [0] NCCL INFO   Algorithm   |                            Tree                  |                            Ring                  |                   CollNetDirect                  |
c199-102:16782:16908 [0] NCCL INFO   Protocol    |             LL |          LL128 |         Simple |             LL |          LL128 |         Simple |             LL |          LL128 |         Simple |
c199-102:16782:16908 [0] NCCL INFO  Max NThreads |            512 |            640 |            512 |            512 |            640 |            256 |              0 |              0 |            640 |
c199-102:16782:16908 [0] NCCL INFO     Broadcast |     0.0/   0.0 |     0.0/   0.0 |     0.0/   0.0 |     7.6/   3.0 |    16.5/   0.0 |    14.1/   6.0 |     0.0/   0.0 |     0.0/   0.0 |     0.0/   0.0 |
c199-102:16782:16908 [0] NCCL INFO        Reduce |     0.0/   0.0 |     0.0/   0.0 |     0.0/   0.0 |     7.6/   3.0 |    16.5/   0.0 |    14.1/   6.0 |     0.0/   0.0 |     0.0/   0.0 |     0.0/   0.0 |
c199-102:16782:16908 [0] NCCL INFO     AllGather |     0.0/   0.0 |     0.0/   0.0 |     0.0/   0.0 |     9.6/   4.0 |    21.5/   0.0 |    25.5/   8.0 |     2.4/   0.0 |     2.4/   0.0 |    40.8/   0.0 |
c199-102:16782:16908 [0] NCCL INFO ReduceScatter |     0.0/   0.0 |     0.0/   0.0 |     0.0/   0.0 |     9.6/   4.0 |    21.5/   0.0 |    25.5/   8.0 |     2.4/   0.0 |     2.4/   0.0 |    40.8/   0.0 |
c199-102:16782:16908 [0] NCCL INFO     AllReduce |    12.8/   0.0 |    25.4/   0.0 |   168.0/   0.0 |    12.6/   2.0 |    29.0/   0.0 |    42.6/   4.0 |     2.4/   0.0 |     2.4/   0.0 |    40.8/   0.0 |
c199-102:16782:16908 [0] NCCL INFO   Algorithm   |                    CollNetChain                  |                            NVLS                  |                        NVLSTree                  |
c199-102:16782:16908 [0] NCCL INFO   Protocol    |             LL |          LL128 |         Simple |             LL |          LL128 |         Simple |             LL |          LL128 |         Simple |
c199-102:16782:16908 [0] NCCL INFO  Max NThreads |              0 |              0 |            640 |              0 |              0 |            640 |              0 |              0 |            640 |
c199-102:16782:16908 [0] NCCL INFO     Broadcast |     0.0/   0.0 |     0.0/   0.0 |     0.0/   0.0 |     0.0/   0.0 |     0.0/   0.0 |     0.0/   0.0 |     0.0/   0.0 |     0.0/   0.0 |     0.0/   0.0 |
c199-102:16782:16908 [0] NCCL INFO        Reduce |     0.0/   0.0 |     0.0/   0.0 |     0.0/   0.0 |     0.0/   0.0 |     0.0/   0.0 |     0.0/   0.0 |     0.0/   0.0 |     0.0/   0.0 |     0.0/   0.0 |
c199-102:16782:16908 [0] NCCL INFO     AllGather |     0.0/   0.0 |     0.0/   0.0 |     0.0/   0.0 |     0.0/   0.0 |     0.0/   0.0 |     0.0/   0.0 |     0.0/   0.0 |     0.0/   0.0 |     0.0/   0.0 |
c199-102:16782:16908 [0] NCCL INFO ReduceScatter |     0.0/   0.0 |     0.0/   0.0 |     0.0/   0.0 |     0.0/   0.0 |     0.0/   0.0 |     0.0/   0.0 |     0.0/   0.0 |     0.0/   0.0 |     0.0/   0.0 |
c199-102:16782:16908 [0] NCCL INFO     AllReduce |     0.0/   0.0 |     0.0/   0.0 |    46.8/   0.0 |     0.0/   0.0 |     0.0/   0.0 |     0.0/   0.0 |     0.0/   0.0 |     0.0/   0.0 |     0.0/   0.0 |
c199-102:16783:16909 [1] NCCL INFO channel.cc:44 Cuda Alloc Size 72 pointer 0x2b472fe00000
c199-102:16783:16909 [1] NCCL INFO channel.cc:55 Cuda Alloc Size 16 pointer 0x2b4729000000
c199-102:16783:16909 [1] NCCL INFO Allocated 9637892 bytes of shared memory in /dev/shm/nccl-WNhful
c199-102:16783:16909 [1] NCCL INFO Allocated 9637892 bytes of shared memory in /dev/shm/nccl-BfPHJp
c199-102:16783:16909 [1] NCCL INFO Allocated 4100 bytes of shared memory in /dev/shm/nccl-OCL5Zt
c199-102:16783:16909 [1] NCCL INFO Channel 00 : 1[1] -> 2[2] via SHM/direct/direct
c199-102:16783:16909 [1] NCCL INFO Allocated 4100 bytes of shared memory in /dev/shm/nccl-zp1wgy
c199-102:16783:16909 [1] NCCL INFO Channel 01 : 1[1] -> 2[2] via SHM/direct/direct
c199-102:16783:16909 [1] NCCL INFO Connected all rings
c199-102:16783:16909 [1] NCCL INFO Allocated 9637892 bytes of shared memory in /dev/shm/nccl-gSR4yC
c199-102:16783:16909 [1] NCCL INFO Allocated 9637892 bytes of shared memory in /dev/shm/nccl-DxcySG
c199-102:16783:16909 [1] NCCL INFO Allocated 4100 bytes of shared memory in /dev/shm/nccl-aMtZcL
c199-102:16783:16909 [1] NCCL INFO Channel 00 : 1[1] -> 0[0] via SHM/direct/direct
c199-102:16783:16909 [1] NCCL INFO Allocated 4100 bytes of shared memory in /dev/shm/nccl-VI9sxP
c199-102:16783:16909 [1] NCCL INFO Channel 01 : 1[1] -> 0[0] via SHM/direct/direct
c199-102:16783:16909 [1] NCCL INFO Connected all trees
c199-102:16783:16909 [1] NCCL INFO NCCL_ALGO set by environment to Ring
c199-102:16783:16909 [1] NCCL INFO threadThresholds 8/8/64 | 32/8/64 | 512 | 512
c199-102:16783:16909 [1] NCCL INFO 2 coll channels, 2 collnet channels, 0 nvls channels, 2 p2p channels, 2 p2p channels per peer
c199-102:16783:16917 [1] NCCL INFO Mem Realloc old size 0, new size 8 pointer 0x2b4764000c50
c199-102:16783:16917 [1] NCCL INFO Allocated 7340388 bytes of shared memory in /dev/shm/nccl-mZ94ST
c199-102:16783:16917 [1] NCCL INFO New proxy send connection 0 from local rank 1, transport 2
c199-102:16783:16917 [1] NCCL INFO proxyProgressAsync opId=0x2b4747779010 op.type=1 op.reqBuff=0x2b4764000c10 op.respSize=16 done
c199-102:16783:16909 [1] NCCL INFO ncclPollProxyResponse Received new opId=0x2b4747779010
c199-102:16783:16909 [1] NCCL INFO resp.opId=0x2b4747779010 matches expected opId=0x2b4747779010
c199-102:16783:16917 [1] NCCL INFO Received and initiated operation=Init res=0
c199-102:16783:16909 [1] NCCL INFO Connected to proxy localRank 1 -> connection 0x2b4764004010
c199-102:16783:16917 [1] NCCL INFO Allocated shareable buffer 0x2b4729200000 size 4194304 ipcDesc 0x2b4764000d18
c199-102:16783:16917 [1] NCCL INFO proxyProgressAsync opId=0x2b4747779010 op.type=2 op.reqBuff=0x2b4764000c30 op.respSize=0 done
c199-102:16783:16909 [1] NCCL INFO ncclPollProxyResponse Received new opId=0x2b4747779010
c199-102:16783:16917 [1] NCCL INFO Received and initiated operation=SharedInit res=0
c199-102:16783:16909 [1] NCCL INFO resp.opId=0x2b4747779010 matches expected opId=0x2b4747779010
c199-102:16783:16909 [1] NCCL INFO init.cc:402 Cuda Alloc Size 11856 pointer 0x2b4729600000
c199-102:16783:16909 [1] NCCL INFO init.cc:430 Cuda Host Alloc Size 33554432 pointer 0x2b4710000000
c199-102:16783:16909 [1] NCCL INFO init.cc:436 Cuda Host Alloc Size 128 pointer 0x2b4741e00200
c199-102:16783:16909 [1] NCCL INFO TUNER/Plugin: Plugin load returned 11 : libnccl-net.so: cannot open shared object file: No such file or directory : when loading libnccl-tuner.so
c199-102:16783:16909 [1] NCCL INFO TUNER/Plugin: Using internal tuner plugin.
c199-102:16783:16909 [1] NCCL INFO ncclCommInitRank comm 0x9e68830 rank 1 nranks 4 cudaDev 1 nvmlDev 1 busId 3000 commId 0xe62c9498b83c8bc5 - Init COMPLETE
c199-102:16783:16783 [1] NCCL INFO AllReduce: opCount 0 sendbuff 0x2b4714d7a200 recvbuff 0x2b4714d7a200 count 1 datatype 7 op 0 root 0 comm 0x9e68830 [nranks=4] stream 0x9e68770
c199-102:16783:16783 [1] NCCL INFO misc/utils.cc:235 memory stack hunk malloc(65536)
c199-102:16785:16910 [3] NCCL INFO channel.cc:55 Cuda Alloc Size 16 pointer 0x2b394d000000
c199-102:16785:16910 [3] NCCL INFO Allocated 9637892 bytes of shared memory in /dev/shm/nccl-RbCJul
c199-102:16785:16910 [3] NCCL INFO Allocated 9637892 bytes of shared memory in /dev/shm/nccl-BWdEKp
c199-102:16785:16910 [3] NCCL INFO Allocated 4100 bytes of shared memory in /dev/shm/nccl-TliU1t
c199-102:16785:16910 [3] NCCL INFO Channel 00 : 3[3] -> 0[0] via SHM/direct/direct
c199-102:16785:16910 [3] NCCL INFO Allocated 4100 bytes of shared memory in /dev/shm/nccl-uC8ejy
c199-102:16785:16910 [3] NCCL INFO Channel 01 : 3[3] -> 0[0] via SHM/direct/direct
c199-102:16785:16910 [3] NCCL INFO Connected all rings
c199-102:16785:16910 [3] NCCL INFO Allocated 4100 bytes of shared memory in /dev/shm/nccl-FLcPBC
c199-102:16785:16910 [3] NCCL INFO Channel 00 : 3[3] -> 2[2] via SHM/direct/direct
c199-102:16785:16910 [3] NCCL INFO Allocated 4100 bytes of shared memory in /dev/shm/nccl-kXUrUG
c199-102:16785:16910 [3] NCCL INFO Channel 01 : 3[3] -> 2[2] via SHM/direct/direct
c199-102:16785:16910 [3] NCCL INFO Connected all trees
c199-102:16785:16910 [3] NCCL INFO NCCL_ALGO set by environment to Ring
c199-102:16785:16910 [3] NCCL INFO threadThresholds 8/8/64 | 32/8/64 | 512 | 512
c199-102:16785:16910 [3] NCCL INFO 2 coll channels, 2 collnet channels, 0 nvls channels, 2 p2p channels, 2 p2p channels per peer
c199-102:16785:16918 [3] NCCL INFO Mem Realloc old size 0, new size 8 pointer 0x2b3984000c50
c199-102:16785:16918 [3] NCCL INFO Allocated 7340388 bytes of shared memory in /dev/shm/nccl-GUp3fL
c199-102:16785:16918 [3] NCCL INFO New proxy send connection 0 from local rank 3, transport 2
c199-102:16785:16918 [3] NCCL INFO proxyProgressAsync opId=0x2b396b779010 op.type=1 op.reqBuff=0x2b3984000c10 op.respSize=16 done
c199-102:16785:16910 [3] NCCL INFO ncclPollProxyResponse Received new opId=0x2b396b779010
c199-102:16785:16910 [3] NCCL INFO resp.opId=0x2b396b779010 matches expected opId=0x2b396b779010
c199-102:16785:16918 [3] NCCL INFO Received and initiated operation=Init res=0
c199-102:16785:16910 [3] NCCL INFO Connected to proxy localRank 3 -> connection 0x2b3984004010
c199-102:16785:16918 [3] NCCL INFO Allocated shareable buffer 0x2b394d200000 size 4194304 ipcDesc 0x2b3984000d18
c199-102:16785:16918 [3] NCCL INFO proxyProgressAsync opId=0x2b396b779010 op.type=2 op.reqBuff=0x2b3984000c30 op.respSize=0 done
c199-102:16785:16910 [3] NCCL INFO ncclPollProxyResponse Received new opId=0x2b396b779010
c199-102:16785:16910 [3] NCCL INFO resp.opId=0x2b396b779010 matches expected opId=0x2b396b779010
c199-102:16785:16918 [3] NCCL INFO Received and initiated operation=SharedInit res=0
c199-102:16785:16910 [3] NCCL INFO init.cc:402 Cuda Alloc Size 11856 pointer 0x2b394d600000
c199-102:16785:16910 [3] NCCL INFO init.cc:430 Cuda Host Alloc Size 33554432 pointer 0x2b3932000000
c199-102:16785:16910 [3] NCCL INFO init.cc:436 Cuda Host Alloc Size 128 pointer 0x2b3967e00200
c199-102:16785:16910 [3] NCCL INFO TUNER/Plugin: Plugin load returned 11 : libnccl-net.so: cannot open shared object file: No such file or directory : when loading libnccl-tuner.so
c199-102:16785:16910 [3] NCCL INFO TUNER/Plugin: Using internal tuner plugin.
c199-102:16785:16910 [3] NCCL INFO ncclCommInitRank comm 0xa11b690 rank 3 nranks 4 cudaDev 3 nvmlDev 3 busId 83000 commId 0xe62c9498b83c8bc5 - Init COMPLETE
c199-102:16785:16785 [3] NCCL INFO AllReduce: opCount 0 sendbuff 0x2b3936d7a200 recvbuff 0x2b3936d7a200 count 1 datatype 7 op 0 root 0 comm 0xa11b690 [nranks=4] stream 0x740b7d0
c199-102:16785:16785 [3] NCCL INFO misc/utils.cc:235 memory stack hunk malloc(65536)
c199-102:16784:16911 [2] NCCL INFO channel.cc:55 Cuda Alloc Size 16 pointer 0x2b6b5d000000
c199-102:16784:16911 [2] NCCL INFO Allocated 9637892 bytes of shared memory in /dev/shm/nccl-G9ZHul
c199-102:16784:16911 [2] NCCL INFO Allocated 9637892 bytes of shared memory in /dev/shm/nccl-cugCKp
c199-102:16784:16911 [2] NCCL INFO Allocated 4100 bytes of shared memory in /dev/shm/nccl-Gc4R1t
c199-102:16784:16911 [2] NCCL INFO Channel 00 : 2[2] -> 3[3] via SHM/direct/direct
c199-102:16784:16911 [2] NCCL INFO Allocated 4100 bytes of shared memory in /dev/shm/nccl-5QKcjy
c199-102:16784:16911 [2] NCCL INFO Channel 01 : 2[2] -> 3[3] via SHM/direct/direct
c199-102:16784:16911 [2] NCCL INFO Connected all rings
c199-102:16784:16911 [2] NCCL INFO Allocated 9637892 bytes of shared memory in /dev/shm/nccl-VvLMBC
c199-102:16784:16911 [2] NCCL INFO Allocated 9637892 bytes of shared memory in /dev/shm/nccl-AURyVG
c199-102:16784:16911 [2] NCCL INFO Allocated 4100 bytes of shared memory in /dev/shm/nccl-gD2mgL
c199-102:16784:16911 [2] NCCL INFO Channel 00 : 2[2] -> 1[1] via SHM/direct/direct
c199-102:16784:16911 [2] NCCL INFO Allocated 4100 bytes of shared memory in /dev/shm/nccl-287cBP
c199-102:16784:16911 [2] NCCL INFO Channel 01 : 2[2] -> 1[1] via SHM/direct/direct
c199-102:16784:16911 [2] NCCL INFO Connected all trees
c199-102:16784:16911 [2] NCCL INFO NCCL_ALGO set by environment to Ring
c199-102:16784:16911 [2] NCCL INFO threadThresholds 8/8/64 | 32/8/64 | 512 | 512
c199-102:16784:16911 [2] NCCL INFO 2 coll channels, 2 collnet channels, 0 nvls channels, 2 p2p channels, 2 p2p channels per peer
c199-102:16784:16921 [2] NCCL INFO Mem Realloc old size 0, new size 8 pointer 0x2b6b9c000c50
c199-102:16784:16921 [2] NCCL INFO Allocated 7340388 bytes of shared memory in /dev/shm/nccl-zYKOWT
c199-102:16784:16921 [2] NCCL INFO New proxy send connection 0 from local rank 2, transport 2
c199-102:16784:16921 [2] NCCL INFO proxyProgressAsync opId=0x2b6b7b779010 op.type=1 op.reqBuff=0x2b6b9c000c10 op.respSize=16 done
c199-102:16784:16911 [2] NCCL INFO ncclPollProxyResponse Received new opId=0x2b6b7b779010
c199-102:16784:16921 [2] NCCL INFO Received and initiated operation=Init res=0
c199-102:16784:16911 [2] NCCL INFO resp.opId=0x2b6b7b779010 matches expected opId=0x2b6b7b779010
c199-102:16784:16911 [2] NCCL INFO Connected to proxy localRank 2 -> connection 0x2b6b9c004010
c199-102:16784:16921 [2] NCCL INFO Allocated shareable buffer 0x2b6b5d200000 size 4194304 ipcDesc 0x2b6b9c000d18
c199-102:16784:16921 [2] NCCL INFO proxyProgressAsync opId=0x2b6b7b779010 op.type=2 op.reqBuff=0x2b6b9c000c30 op.respSize=0 done
c199-102:16784:16921 [2] NCCL INFO Received and initiated operation=SharedInit res=0
c199-102:16784:16911 [2] NCCL INFO ncclPollProxyResponse Received new opId=0x2b6b7b779010
c199-102:16784:16911 [2] NCCL INFO resp.opId=0x2b6b7b779010 matches expected opId=0x2b6b7b779010
c199-102:16784:16911 [2] NCCL INFO init.cc:402 Cuda Alloc Size 11856 pointer 0x2b6b5d600000
c199-102:16784:16911 [2] NCCL INFO init.cc:430 Cuda Host Alloc Size 33554432 pointer 0x2b6b42000000
c199-102:16784:16911 [2] NCCL INFO init.cc:436 Cuda Host Alloc Size 128 pointer 0x2b6b77e00200
c199-102:16784:16911 [2] NCCL INFO TUNER/Plugin: Plugin load returned 11 : libnccl-net.so: cannot open shared object file: No such file or directory : when loading libnccl-tuner.so
c199-102:16784:16911 [2] NCCL INFO TUNER/Plugin: Using internal tuner plugin.
c199-102:16784:16911 [2] NCCL INFO ncclCommInitRank comm 0xa40f400 rank 2 nranks 4 cudaDev 2 nvmlDev 2 busId 82000 commId 0xe62c9498b83c8bc5 - Init COMPLETE
c199-102:16784:16784 [2] NCCL INFO AllReduce: opCount 0 sendbuff 0x2b6b46d7a200 recvbuff 0x2b6b46d7a200 count 1 datatype 7 op 0 root 0 comm 0xa40f400 [nranks=4] stream 0xa40f340
c199-102:16784:16784 [2] NCCL INFO misc/utils.cc:235 memory stack hunk malloc(65536)
c199-102:16782:16908 [0] NCCL INFO threadThresholds 8/8/64 | 32/8/64 | 512 | 512
c199-102:16782:16908 [0] NCCL INFO 2 coll channels, 2 collnet channels, 0 nvls channels, 2 p2p channels, 2 p2p channels per peer
c199-102:16782:16916 [0] NCCL INFO Mem Realloc old size 0, new size 8 pointer 0x2b5864000940
c199-102:16782:16916 [0] NCCL INFO Allocated 7340388 bytes of shared memory in /dev/shm/nccl-9PQFdL
c199-102:16782:16916 [0] NCCL INFO New proxy send connection 0 from local rank 0, transport 2
c199-102:16782:16916 [0] NCCL INFO proxyProgressAsync opId=0x2b586b778bb0 op.type=1 op.reqBuff=0x2b5864000900 op.respSize=16 done
c199-102:16782:16908 [0] NCCL INFO ncclPollProxyResponse Received new opId=0x2b586b778bb0
c199-102:16782:16908 [0] NCCL INFO resp.opId=0x2b586b778bb0 matches expected opId=0x2b586b778bb0
c199-102:16782:16916 [0] NCCL INFO Received and initiated operation=Init res=0
c199-102:16782:16908 [0] NCCL INFO Connected to proxy localRank 0 -> connection 0x2b5864004010
c199-102:16782:16916 [0] NCCL INFO Allocated shareable buffer 0x2b5841200000 size 4194304 ipcDesc 0x2b5864000d18
c199-102:16782:16916 [0] NCCL INFO proxyProgressAsync opId=0x2b586b778bb0 op.type=2 op.reqBuff=0x2b5864000920 op.respSize=0 done
c199-102:16782:16908 [0] NCCL INFO ncclPollProxyResponse Received new opId=0x2b586b778bb0
c199-102:16782:16916 [0] NCCL INFO Received and initiated operation=SharedInit res=0
c199-102:16782:16908 [0] NCCL INFO resp.opId=0x2b586b778bb0 matches expected opId=0x2b586b778bb0
c199-102:16782:16908 [0] NCCL INFO init.cc:402 Cuda Alloc Size 11856 pointer 0x2b5841600000
c199-102:16782:16908 [0] NCCL INFO init.cc:430 Cuda Host Alloc Size 33554432 pointer 0x2b58dc000000
c199-102:16782:16908 [0] NCCL INFO init.cc:436 Cuda Host Alloc Size 128 pointer 0x2b5861e00200
c199-102:16782:16908 [0] NCCL INFO TUNER/Plugin: Plugin load returned 11 : libnccl-net.so: cannot open shared object file: No such file or directory : when loading libnccl-tuner.so
c199-102:16782:16908 [0] NCCL INFO TUNER/Plugin: Using internal tuner plugin.
c199-102:16782:16908 [0] NCCL INFO ncclCommInitRank comm 0xa7a6430 rank 0 nranks 4 cudaDev 0 nvmlDev 0 busId 2000 commId 0xe62c9498b83c8bc5 - Init COMPLETE
c199-102:16782:16782 [0] NCCL INFO AllReduce: opCount 0 sendbuff 0x2b58e0d7a200 recvbuff 0x2b58e0d7a200 count 1 datatype 7 op 0 root 0 comm 0xa7a6430 [nranks=4] stream 0x1498c50
c199-102:16782:16782 [0] NCCL INFO misc/utils.cc:235 memory stack hunk malloc(65536)
c199-102:16782:16782 [0] NCCL INFO 4 Bytes -> Algo 1 proto 0 time 12.602000
c199-102:16783:16783 [1] NCCL INFO Broadcast: opCount 1 sendbuff 0x2b47c6000000 recvbuff 0x2b47c6000000 count 652476932 datatype 0 op 0 root 0 comm 0x9e68830 [nranks=4] stream 0x9e68770
c199-102:16785:16785 [3] NCCL INFO Broadcast: opCount 1 sendbuff 0x2b3a0ae40200 recvbuff 0x2b3a0ae40200 count 652476932 datatype 0 op 0 root 0 comm 0xa11b690 [nranks=4] stream 0x740b7d0
c199-102:16784:16784 [2] NCCL INFO Broadcast: opCount 1 sendbuff 0x2b6bf4000000 recvbuff 0x2b6bf4000000 count 652476932 datatype 0 op 0 root 0 comm 0xa40f400 [nranks=4] stream 0xa40f340
c199-102:16782:16782 [0] NCCL INFO Broadcast: opCount 1 sendbuff 0x2b58ee000000 recvbuff 0x2b58ee000000 count 652476932 datatype 0 op 0 root 0 comm 0xa7a6430 [nranks=4] stream 0x1498c50
c199-102:16782:16782 [0] NCCL INFO 652476932 Bytes -> Algo 1 proto 2 time 108760.257812
SLURM_PROCID=0, SLURM_LOCALID=0, SLURM_NTASKS=4
Rank 0: Set device to cuda:0, GPU: Quadro RTX 5000
Rank 0: Set MASTER_ADDR to c199-102 from SLURM_NODELIST
Rank 0: MASTER_PORT not set by SLURM, defaulting to '29500'
Rank 0: Initializing process group with world_size=4, MASTER_ADDR=c199-102, MASTER_PORT=29500
Rank 0: Process group initialized
[0] Device: cuda:0, world_size=4
SLURM_PROCID=3, SLURM_LOCALID=3, SLURM_NTASKS=4
Rank 3: Set device to cuda:3, GPU: Quadro RTX 5000
Rank 3: Set MASTER_ADDR to c199-102 from SLURM_NODELIST
Rank 3: MASTER_PORT not set by SLURM, defaulting to '29500'
Rank 3: Initializing process group with world_size=4, MASTER_ADDR=c199-102, MASTER_PORT=29500
Rank 3: Process group initialized
[3] Device: cuda:3, world_size=4
SLURM_PROCID=1, SLURM_LOCALID=1, SLURM_NTASKS=4
Rank 1: Set device to cuda:1, GPU: Quadro RTX 5000
Rank 1: Set MASTER_ADDR to c199-102 from SLURM_NODELIST
Rank 1: MASTER_PORT not set by SLURM, defaulting to '29500'
Rank 1: Initializing process group with world_size=4, MASTER_ADDR=c199-102, MASTER_PORT=29500
Rank 1: Process group initialized
[1] Device: cuda:1, world_size=4
SLURM_PROCID=2, SLURM_LOCALID=2, SLURM_NTASKS=4
Rank 2: Set device to cuda:2, GPU: Quadro RTX 5000
Rank 2: Set MASTER_ADDR to c199-102 from SLURM_NODELIST
Rank 2: MASTER_PORT not set by SLURM, defaulting to '29500'
Rank 2: Initializing process group with world_size=4, MASTER_ADDR=c199-102, MASTER_PORT=29500
Rank 2: Process group initialized
[2] Device: cuda:2, world_size=4
c199-102:16783:16783 [1] NCCL INFO AllGather: opCount 2 sendbuff 0x2b47c6000000 recvbuff 0x2b49e8000000 count 652476932 datatype 0 op 0 root 0 comm 0x9e68830 [nranks=4] stream 0x9e68770
c199-102:16785:16785 [3] NCCL INFO AllGather: opCount 2 sendbuff 0x2b3a0ae40200 recvbuff 0x2b3c06000000 count 652476932 datatype 0 op 0 root 0 comm 0xa11b690 [nranks=4] stream 0x740b7d0
c199-102:16784:16784 [2] NCCL INFO AllGather: opCount 2 sendbuff 0x2b6bf4000000 recvbuff 0x2b6e16000000 count 652476932 datatype 0 op 0 root 0 comm 0xa40f400 [nranks=4] stream 0xa40f340
c199-102:16782:16782 [0] NCCL INFO AllGather: opCount 2 sendbuff 0x2b58ee000000 recvbuff 0x2b5aa8000000 count 652476932 datatype 0 op 0 root 0 comm 0xa7a6430 [nranks=4] stream 0x1498c50
c199-102:16782:16782 [0] NCCL INFO 2609907728 Bytes -> Algo 1 proto 2 time 326263.968750
c199-102:16783:16981 [1] NCCL INFO ReduceScatter: opCount 3 sendbuff 0x2b4b20000000 recvbuff 0x2b485c000000 count 163119233 datatype 7 op 0 root 0 comm 0x9e68830 [nranks=4] stream 0x9e68770
c199-102:16785:16990 [3] NCCL INFO ReduceScatter: opCount 3 sendbuff 0x2b3d3e000000 recvbuff 0x2b3a84000000 count 163119233 datatype 7 op 0 root 0 comm 0xa11b690 [nranks=4] stream 0x740b7d0
c199-102:16784:16986 [2] NCCL INFO ReduceScatter: opCount 3 sendbuff 0x2b6f4e000000 recvbuff 0x2b6c9c000000 count 163119233 datatype 7 op 0 root 0 comm 0xa40f400 [nranks=4] stream 0xa40f340
c199-102:16782:16977 [0] NCCL INFO ReduceScatter: opCount 3 sendbuff 0x2b5be0000000 recvbuff 0x2b5c7c000000 count 163119233 datatype 7 op 0 root 0 comm 0xa7a6430 [nranks=4] stream 0x1498c50
c199-102:16782:16977 [0] NCCL INFO 2609907728 Bytes -> Algo 1 proto 2 time 326263.968750
c199-102:16783:16783 [1] NCCL INFO AllGather: opCount 4 sendbuff 0x2b47c6000000 recvbuff 0x2b49e8000000 count 652476932 datatype 0 op 0 root 0 comm 0x9e68830 [nranks=4] stream 0x9e68770
c199-102:16785:16785 [3] NCCL INFO AllGather: opCount 4 sendbuff 0x2b3a0ae40200 recvbuff 0x2b3c06000000 count 652476932 datatype 0 op 0 root 0 comm 0xa11b690 [nranks=4] stream 0x740b7d0
c199-102:16784:16784 [2] NCCL INFO AllGather: opCount 4 sendbuff 0x2b6bf4000000 recvbuff 0x2b6e16000000 count 652476932 datatype 0 op 0 root 0 comm 0xa40f400 [nranks=4] stream 0xa40f340
c199-102:16782:16782 [0] NCCL INFO AllGather: opCount 4 sendbuff 0x2b58ee000000 recvbuff 0x2b5aa8000000 count 652476932 datatype 0 op 0 root 0 comm 0xa7a6430 [nranks=4] stream 0x1498c50
c199-102:16782:16782 [0] NCCL INFO 2609907728 Bytes -> Algo 1 proto 2 time 326263.968750
c199-102:16782:16977 [0] NCCL INFO ReduceScatter: opCount 5 sendbuff 0x2b5be0000000 recvbuff 0x2b5c7c000000 count 163119233 datatype 7 op 0 root 0 comm 0xa7a6430 [nranks=4] stream 0x1498c50
c199-102:16782:16977 [0] NCCL INFO 2609907728 Bytes -> Algo 1 proto 2 time 326263.968750
c199-102:16783:16981 [1] NCCL INFO ReduceScatter: opCount 5 sendbuff 0x2b4b20000000 recvbuff 0x2b485c000000 count 163119233 datatype 7 op 0 root 0 comm 0x9e68830 [nranks=4] stream 0x9e68770
c199-102:16785:16990 [3] NCCL INFO ReduceScatter: opCount 5 sendbuff 0x2b3d3e000000 recvbuff 0x2b3a84000000 count 163119233 datatype 7 op 0 root 0 comm 0xa11b690 [nranks=4] stream 0x740b7d0
c199-102:16784:16986 [2] NCCL INFO ReduceScatter: opCount 5 sendbuff 0x2b6f4e000000 recvbuff 0x2b6c9c000000 count 163119233 datatype 7 op 0 root 0 comm 0xa40f400 [nranks=4] stream 0xa40f340
c199-102:16783:16783 [1] NCCL INFO AllGather: opCount 6 sendbuff 0x2b47c6000000 recvbuff 0x2b49e8000000 count 652476932 datatype 0 op 0 root 0 comm 0x9e68830 [nranks=4] stream 0x9e68770
c199-102:16785:16785 [3] NCCL INFO AllGather: opCount 6 sendbuff 0x2b3a0ae40200 recvbuff 0x2b3c06000000 count 652476932 datatype 0 op 0 root 0 comm 0xa11b690 [nranks=4] stream 0x740b7d0
c199-102:16784:16784 [2] NCCL INFO AllGather: opCount 6 sendbuff 0x2b6bf4000000 recvbuff 0x2b6e16000000 count 652476932 datatype 0 op 0 root 0 comm 0xa40f400 [nranks=4] stream 0xa40f340
c199-102:16782:16782 [0] NCCL INFO AllGather: opCount 6 sendbuff 0x2b58ee000000 recvbuff 0x2b5aa8000000 count 652476932 datatype 0 op 0 root 0 comm 0xa7a6430 [nranks=4] stream 0x1498c50
c199-102:16782:16782 [0] NCCL INFO 2609907728 Bytes -> Algo 1 proto 2 time 326263.968750
c199-102:16785:16990 [3] NCCL INFO ReduceScatter: opCount 7 sendbuff 0x2b3d3e000000 recvbuff 0x2b3a84000000 count 163119233 datatype 7 op 0 root 0 comm 0xa11b690 [nranks=4] stream 0x740b7d0
c199-102:16784:16986 [2] NCCL INFO ReduceScatter: opCount 7 sendbuff 0x2b6f4e000000 recvbuff 0x2b6c9c000000 count 163119233 datatype 7 op 0 root 0 comm 0xa40f400 [nranks=4] stream 0xa40f340
c199-102:16782:16977 [0] NCCL INFO ReduceScatter: opCount 7 sendbuff 0x2b5be0000000 recvbuff 0x2b5c7c000000 count 163119233 datatype 7 op 0 root 0 comm 0xa7a6430 [nranks=4] stream 0x1498c50
c199-102:16782:16977 [0] NCCL INFO 2609907728 Bytes -> Algo 1 proto 2 time 326263.968750
c199-102:16783:16981 [1] NCCL INFO ReduceScatter: opCount 7 sendbuff 0x2b4b20000000 recvbuff 0x2b485c000000 count 163119233 datatype 7 op 0 root 0 comm 0x9e68830 [nranks=4] stream 0x9e68770
c199-102:16784:16784 [2] NCCL INFO AllGather: opCount 8 sendbuff 0x2b6bf4000000 recvbuff 0x2b6e16000000 count 652476932 datatype 0 op 0 root 0 comm 0xa40f400 [nranks=4] stream 0xa40f340
c199-102:16784:16986 [2] NCCL INFO ReduceScatter: opCount 9 sendbuff 0x2b6f4e000000 recvbuff 0x2b6c9c000000 count 163119233 datatype 7 op 0 root 0 comm 0xa40f400 [nranks=4] stream 0xa40f340
c199-102:16783:16783 [1] NCCL INFO AllGather: opCount 8 sendbuff 0x2b47c6000000 recvbuff 0x2b49e8000000 count 652476932 datatype 0 op 0 root 0 comm 0x9e68830 [nranks=4] stream 0x9e68770
c199-102:16785:16785 [3] NCCL INFO AllGather: opCount 8 sendbuff 0x2b3a0ae40200 recvbuff 0x2b3c06000000 count 652476932 datatype 0 op 0 root 0 comm 0xa11b690 [nranks=4] stream 0x740b7d0
c199-102:16782:16782 [0] NCCL INFO AllGather: opCount 8 sendbuff 0x2b58ee000000 recvbuff 0x2b5aa8000000 count 652476932 datatype 0 op 0 root 0 comm 0xa7a6430 [nranks=4] stream 0x1498c50
c199-102:16782:16782 [0] NCCL INFO 2609907728 Bytes -> Algo 1 proto 2 time 326263.968750
c199-102:16783:16981 [1] NCCL INFO ReduceScatter: opCount 9 sendbuff 0x2b4b20000000 recvbuff 0x2b485c000000 count 163119233 datatype 7 op 0 root 0 comm 0x9e68830 [nranks=4] stream 0x9e68770
c199-102:16785:16990 [3] NCCL INFO ReduceScatter: opCount 9 sendbuff 0x2b3d3e000000 recvbuff 0x2b3a84000000 count 163119233 datatype 7 op 0 root 0 comm 0xa11b690 [nranks=4] stream 0x740b7d0
c199-102:16782:16977 [0] NCCL INFO ReduceScatter: opCount 9 sendbuff 0x2b5be0000000 recvbuff 0x2b5c7c000000 count 163119233 datatype 7 op 0 root 0 comm 0xa7a6430 [nranks=4] stream 0x1498c50
c199-102:16782:16977 [0] NCCL INFO 2609907728 Bytes -> Algo 1 proto 2 time 326263.968750
c199-102:16785:16785 [3] NCCL INFO AllGather: opCount a sendbuff 0x2b3a0ae40200 recvbuff 0x2b3c06000000 count 652476932 datatype 0 op 0 root 0 comm 0xa11b690 [nranks=4] stream 0x740b7d0
c199-102:16785:16990 [3] NCCL INFO ReduceScatter: opCount b sendbuff 0x2b3d3e000000 recvbuff 0x2b3a84000000 count 163119233 datatype 7 op 0 root 0 comm 0xa11b690 [nranks=4] stream 0x740b7d0
c199-102:16783:16783 [1] NCCL INFO AllGather: opCount a sendbuff 0x2b47c6000000 recvbuff 0x2b49e8000000 count 652476932 datatype 0 op 0 root 0 comm 0x9e68830 [nranks=4] stream 0x9e68770
c199-102:16783:16981 [1] NCCL INFO ReduceScatter: opCount b sendbuff 0x2b4b20000000 recvbuff 0x2b485c000000 count 163119233 datatype 7 op 0 root 0 comm 0x9e68830 [nranks=4] stream 0x9e68770
c199-102:16782:16782 [0] NCCL INFO AllGather: opCount a sendbuff 0x2b58ee000000 recvbuff 0x2b5aa8000000 count 652476932 datatype 0 op 0 root 0 comm 0xa7a6430 [nranks=4] stream 0x1498c50
c199-102:16782:16782 [0] NCCL INFO 2609907728 Bytes -> Algo 1 proto 2 time 326263.968750
c199-102:16782:16977 [0] NCCL INFO ReduceScatter: opCount b sendbuff 0x2b5be0000000 recvbuff 0x2b5c7c000000 count 163119233 datatype 7 op 0 root 0 comm 0xa7a6430 [nranks=4] stream 0x1498c50
c199-102:16782:16977 [0] NCCL INFO 2609907728 Bytes -> Algo 1 proto 2 time 326263.968750
c199-102:16784:16784 [2] NCCL INFO AllGather: opCount a sendbuff 0x2b6bf4000000 recvbuff 0x2b6e16000000 count 652476932 datatype 0 op 0 root 0 comm 0xa40f400 [nranks=4] stream 0xa40f340
c199-102:16784:16986 [2] NCCL INFO ReduceScatter: opCount b sendbuff 0x2b6f4e000000 recvbuff 0x2b6c9c000000 count 163119233 datatype 7 op 0 root 0 comm 0xa40f400 [nranks=4] stream 0xa40f340
c199-102:16785:16785 [3] NCCL INFO AllGather: opCount c sendbuff 0x2b3a0ae40200 recvbuff 0x2b3c06000000 count 652476932 datatype 0 op 0 root 0 comm 0xa11b690 [nranks=4] stream 0x740b7d0
c199-102:16784:16784 [2] NCCL INFO AllGather: opCount c sendbuff 0x2b6bf4000000 recvbuff 0x2b6e16000000 count 652476932 datatype 0 op 0 root 0 comm 0xa40f400 [nranks=4] stream 0xa40f340
c199-102:16783:16783 [1] NCCL INFO AllGather: opCount c sendbuff 0x2b47c6000000 recvbuff 0x2b49e8000000 count 652476932 datatype 0 op 0 root 0 comm 0x9e68830 [nranks=4] stream 0x9e68770
c199-102:16782:16782 [0] NCCL INFO AllGather: opCount c sendbuff 0x2b58ee000000 recvbuff 0x2b5aa8000000 count 652476932 datatype 0 op 0 root 0 comm 0xa7a6430 [nranks=4] stream 0x1498c50
c199-102:16782:16782 [0] NCCL INFO 2609907728 Bytes -> Algo 1 proto 2 time 326263.968750
c199-102:16785:16990 [3] NCCL INFO ReduceScatter: opCount d sendbuff 0x2b3d3e000000 recvbuff 0x2b3a84000000 count 163119233 datatype 7 op 0 root 0 comm 0xa11b690 [nranks=4] stream 0x740b7d0
c199-102:16784:16986 [2] NCCL INFO ReduceScatter: opCount d sendbuff 0x2b6f4e000000 recvbuff 0x2b6c9c000000 count 163119233 datatype 7 op 0 root 0 comm 0xa40f400 [nranks=4] stream 0xa40f340
c199-102:16783:16981 [1] NCCL INFO ReduceScatter: opCount d sendbuff 0x2b4b20000000 recvbuff 0x2b485c000000 count 163119233 datatype 7 op 0 root 0 comm 0x9e68830 [nranks=4] stream 0x9e68770
c199-102:16782:16977 [0] NCCL INFO ReduceScatter: opCount d sendbuff 0x2b5be0000000 recvbuff 0x2b5c7c000000 count 163119233 datatype 7 op 0 root 0 comm 0xa7a6430 [nranks=4] stream 0x1498c50
c199-102:16782:16977 [0] NCCL INFO 2609907728 Bytes -> Algo 1 proto 2 time 326263.968750
c199-102:16785:16785 [3] NCCL INFO AllGather: opCount e sendbuff 0x2b3a0ae40200 recvbuff 0x2b3c06000000 count 652476932 datatype 0 op 0 root 0 comm 0xa11b690 [nranks=4] stream 0x740b7d0
c199-102:16784:16784 [2] NCCL INFO AllGather: opCount e sendbuff 0x2b6bf4000000 recvbuff 0x2b6e16000000 count 652476932 datatype 0 op 0 root 0 comm 0xa40f400 [nranks=4] stream 0xa40f340
c199-102:16783:16783 [1] NCCL INFO AllGather: opCount e sendbuff 0x2b47c6000000 recvbuff 0x2b49e8000000 count 652476932 datatype 0 op 0 root 0 comm 0x9e68830 [nranks=4] stream 0x9e68770
c199-102:16783:16981 [1] NCCL INFO ReduceScatter: opCount f sendbuff 0x2b4b20000000 recvbuff 0x2b485c000000 count 163119233 datatype 7 op 0 root 0 comm 0x9e68830 [nranks=4] stream 0x9e68770
c199-102:16782:16782 [0] NCCL INFO AllGather: opCount e sendbuff 0x2b58ee000000 recvbuff 0x2b5aa8000000 count 652476932 datatype 0 op 0 root 0 comm 0xa7a6430 [nranks=4] stream 0x1498c50
c199-102:16782:16782 [0] NCCL INFO 2609907728 Bytes -> Algo 1 proto 2 time 326263.968750
c199-102:16782:16977 [0] NCCL INFO ReduceScatter: opCount f sendbuff 0x2b5be0000000 recvbuff 0x2b5c7c000000 count 163119233 datatype 7 op 0 root 0 comm 0xa7a6430 [nranks=4] stream 0x1498c50
c199-102:16782:16977 [0] NCCL INFO 2609907728 Bytes -> Algo 1 proto 2 time 326263.968750
c199-102:16785:16990 [3] NCCL INFO ReduceScatter: opCount f sendbuff 0x2b3d3e000000 recvbuff 0x2b3a84000000 count 163119233 datatype 7 op 0 root 0 comm 0xa11b690 [nranks=4] stream 0x740b7d0
c199-102:16784:16986 [2] NCCL INFO ReduceScatter: opCount f sendbuff 0x2b6f4e000000 recvbuff 0x2b6c9c000000 count 163119233 datatype 7 op 0 root 0 comm 0xa40f400 [nranks=4] stream 0xa40f340
c199-102:16785:16785 [3] NCCL INFO AllGather: opCount 10 sendbuff 0x2b3a0ae40200 recvbuff 0x2b3c06000000 count 652476932 datatype 0 op 0 root 0 comm 0xa11b690 [nranks=4] stream 0x740b7d0
