c199-102:16782:16782 [0] NCCL INFO AllGather: opCount 86 sendbuff 0x2b58ee000000 recvbuff 0x2b5aa8000000 count 652476932 datatype 0 op 0 root 0 comm 0xa7a6430 [nranks=4] stream 0x1498c50
c199-102:16782:16782 [0] NCCL INFO 2609907728 Bytes -> Algo 1 proto 2 time 326263.968750
c199-102:16785:16785 [3] NCCL INFO AllGather: opCount 86 sendbuff 0x2b3a0ae40200 recvbuff 0x2b3c06000000 count 652476932 datatype 0 op 0 root 0 comm 0xa11b690 [nranks=4] stream 0x740b7d0
c199-102:16783:16783 [1] NCCL INFO AllGather: opCount 86 sendbuff 0x2b47c6000000 recvbuff 0x2b49e8000000 count 652476932 datatype 0 op 0 root 0 comm 0x9e68830 [nranks=4] stream 0x9e68770
c199-102:16785:16990 [3] NCCL INFO ReduceScatter: opCount 87 sendbuff 0x2b3d3e000000 recvbuff 0x2b3a84000000 count 163119233 datatype 7 op 0 root 0 comm 0xa11b690 [nranks=4] stream 0x740b7d0
c199-102:16784:16986 [2] NCCL INFO ReduceScatter: opCount 87 sendbuff 0x2b6f4e000000 recvbuff 0x2b6c9c000000 count 163119233 datatype 7 op 0 root 0 comm 0xa40f400 [nranks=4] stream 0xa40f340
c199-102:16783:16981 [1] NCCL INFO ReduceScatter: opCount 87 sendbuff 0x2b4b20000000 recvbuff 0x2b485c000000 count 163119233 datatype 7 op 0 root 0 comm 0x9e68830 [nranks=4] stream 0x9e68770
c199-102:16782:16977 [0] NCCL INFO ReduceScatter: opCount 87 sendbuff 0x2b5be0000000 recvbuff 0x2b5c7c000000 count 163119233 datatype 7 op 0 root 0 comm 0xa7a6430 [nranks=4] stream 0x1498c50
c199-102:16782:16977 [0] NCCL INFO 2609907728 Bytes -> Algo 1 proto 2 time 326263.968750
c199-102:16785:16785 [3] NCCL INFO AllGather: opCount 88 sendbuff 0x2b3a0ae40200 recvbuff 0x2b3c06000000 count 652476932 datatype 0 op 0 root 0 comm 0xa11b690 [nranks=4] stream 0x740b7d0
c199-102:16784:16784 [2] NCCL INFO AllGather: opCount 88 sendbuff 0x2b6bf4000000 recvbuff 0x2b6e16000000 count 652476932 datatype 0 op 0 root 0 comm 0xa40f400 [nranks=4] stream 0xa40f340
c199-102:16783:16783 [1] NCCL INFO AllGather: opCount 88 sendbuff 0x2b47c6000000 recvbuff 0x2b49e8000000 count 652476932 datatype 0 op 0 root 0 comm 0x9e68830 [nranks=4] stream 0x9e68770
c199-102:16785:16990 [3] NCCL INFO ReduceScatter: opCount 89 sendbuff 0x2b3d3e000000 recvbuff 0x2b3a84000000 count 163119233 datatype 7 op 0 root 0 comm 0xa11b690 [nranks=4] stream 0x740b7d0
c199-102:16784:16986 [2] NCCL INFO ReduceScatter: opCount 89 sendbuff 0x2b6f4e000000 recvbuff 0x2b6c9c000000 count 163119233 datatype 7 op 0 root 0 comm 0xa40f400 [nranks=4] stream 0xa40f340
c199-102:16783:16981 [1] NCCL INFO ReduceScatter: opCount 89 sendbuff 0x2b4b20000000 recvbuff 0x2b485c000000 count 163119233 datatype 7 op 0 root 0 comm 0x9e68830 [nranks=4] stream 0x9e68770
c199-102:16782:16782 [0] NCCL INFO AllGather: opCount 88 sendbuff 0x2b58ee000000 recvbuff 0x2b5aa8000000 count 652476932 datatype 0 op 0 root 0 comm 0xa7a6430 [nranks=4] stream 0x1498c50
c199-102:16782:16782 [0] NCCL INFO 2609907728 Bytes -> Algo 1 proto 2 time 326263.968750
c199-102:16782:16977 [0] NCCL INFO ReduceScatter: opCount 89 sendbuff 0x2b5be0000000 recvbuff 0x2b5c7c000000 count 163119233 datatype 7 op 0 root 0 comm 0xa7a6430 [nranks=4] stream 0x1498c50
c199-102:16782:16977 [0] NCCL INFO 2609907728 Bytes -> Algo 1 proto 2 time 326263.968750
c199-102:16785:16785 [3] NCCL INFO AllGather: opCount 8a sendbuff 0x2b3a0ae40200 recvbuff 0x2b3c06000000 count 652476932 datatype 0 op 0 root 0 comm 0xa11b690 [nranks=4] stream 0x740b7d0
c199-102:16784:16784 [2] NCCL INFO AllGather: opCount 8a sendbuff 0x2b6bf4000000 recvbuff 0x2b6e16000000 count 652476932 datatype 0 op 0 root 0 comm 0xa40f400 [nranks=4] stream 0xa40f340
c199-102:16783:16783 [1] NCCL INFO AllGather: opCount 8a sendbuff 0x2b47c6000000 recvbuff 0x2b49e8000000 count 652476932 datatype 0 op 0 root 0 comm 0x9e68830 [nranks=4] stream 0x9e68770
c199-102:16782:16782 [0] NCCL INFO AllGather: opCount 8a sendbuff 0x2b58ee000000 recvbuff 0x2b5aa8000000 count 652476932 datatype 0 op 0 root 0 comm 0xa7a6430 [nranks=4] stream 0x1498c50
c199-102:16782:16782 [0] NCCL INFO 2609907728 Bytes -> Algo 1 proto 2 time 326263.968750
c199-102:16785:16990 [3] NCCL INFO ReduceScatter: opCount 8b sendbuff 0x2b3d3e000000 recvbuff 0x2b3a84000000 count 163119233 datatype 7 op 0 root 0 comm 0xa11b690 [nranks=4] stream 0x740b7d0
c199-102:16784:16986 [2] NCCL INFO ReduceScatter: opCount 8b sendbuff 0x2b6f4e000000 recvbuff 0x2b6c9c000000 count 163119233 datatype 7 op 0 root 0 comm 0xa40f400 [nranks=4] stream 0xa40f340
c199-102:16783:16981 [1] NCCL INFO ReduceScatter: opCount 8b sendbuff 0x2b4b20000000 recvbuff 0x2b485c000000 count 163119233 datatype 7 op 0 root 0 comm 0x9e68830 [nranks=4] stream 0x9e68770
c199-102:16782:16977 [0] NCCL INFO ReduceScatter: opCount 8b sendbuff 0x2b5be0000000 recvbuff 0x2b5c7c000000 count 163119233 datatype 7 op 0 root 0 comm 0xa7a6430 [nranks=4] stream 0x1498c50
c199-102:16782:16977 [0] NCCL INFO 2609907728 Bytes -> Algo 1 proto 2 time 326263.968750
c199-102:16785:16785 [3] NCCL INFO AllGather: opCount 8c sendbuff 0x2b3a0ae40200 recvbuff 0x2b3c06000000 count 652476932 datatype 0 op 0 root 0 comm 0xa11b690 [nranks=4] stream 0x740b7d0
c199-102:16783:16783 [1] NCCL INFO AllGather: opCount 8c sendbuff 0x2b47c6000000 recvbuff 0x2b49e8000000 count 652476932 datatype 0 op 0 root 0 comm 0x9e68830 [nranks=4] stream 0x9e68770
c199-102:16785:16990 [3] NCCL INFO ReduceScatter: opCount 8d sendbuff 0x2b3d3e000000 recvbuff 0x2b3a84000000 count 163119233 datatype 7 op 0 root 0 comm 0xa11b690 [nranks=4] stream 0x740b7d0
c199-102:16783:16981 [1] NCCL INFO ReduceScatter: opCount 8d sendbuff 0x2b4b20000000 recvbuff 0x2b485c000000 count 163119233 datatype 7 op 0 root 0 comm 0x9e68830 [nranks=4] stream 0x9e68770
c199-102:16782:16782 [0] NCCL INFO AllGather: opCount 8c sendbuff 0x2b58ee000000 recvbuff 0x2b5aa8000000 count 652476932 datatype 0 op 0 root 0 comm 0xa7a6430 [nranks=4] stream 0x1498c50
c199-102:16782:16782 [0] NCCL INFO 2609907728 Bytes -> Algo 1 proto 2 time 326263.968750
c199-102:16782:16977 [0] NCCL INFO ReduceScatter: opCount 8d sendbuff 0x2b5be0000000 recvbuff 0x2b5c7c000000 count 163119233 datatype 7 op 0 root 0 comm 0xa7a6430 [nranks=4] stream 0x1498c50
c199-102:16782:16977 [0] NCCL INFO 2609907728 Bytes -> Algo 1 proto 2 time 326263.968750
c199-102:16784:16784 [2] NCCL INFO AllGather: opCount 8c sendbuff 0x2b6bf4000000 recvbuff 0x2b6e16000000 count 652476932 datatype 0 op 0 root 0 comm 0xa40f400 [nranks=4] stream 0xa40f340
c199-102:16784:16986 [2] NCCL INFO ReduceScatter: opCount 8d sendbuff 0x2b6f4e000000 recvbuff 0x2b6c9c000000 count 163119233 datatype 7 op 0 root 0 comm 0xa40f400 [nranks=4] stream 0xa40f340
c199-102:16785:16785 [3] NCCL INFO AllGather: opCount 8e sendbuff 0x2b3a0ae40200 recvbuff 0x2b3c06000000 count 652476932 datatype 0 op 0 root 0 comm 0xa11b690 [nranks=4] stream 0x740b7d0
c199-102:16784:16784 [2] NCCL INFO AllGather: opCount 8e sendbuff 0x2b6bf4000000 recvbuff 0x2b6e16000000 count 652476932 datatype 0 op 0 root 0 comm 0xa40f400 [nranks=4] stream 0xa40f340
c199-102:16783:16783 [1] NCCL INFO AllGather: opCount 8e sendbuff 0x2b47c6000000 recvbuff 0x2b49e8000000 count 652476932 datatype 0 op 0 root 0 comm 0x9e68830 [nranks=4] stream 0x9e68770
c199-102:16782:16782 [0] NCCL INFO AllGather: opCount 8e sendbuff 0x2b58ee000000 recvbuff 0x2b5aa8000000 count 652476932 datatype 0 op 0 root 0 comm 0xa7a6430 [nranks=4] stream 0x1498c50
c199-102:16782:16782 [0] NCCL INFO 2609907728 Bytes -> Algo 1 proto 2 time 326263.968750
c199-102:16785:16990 [3] NCCL INFO ReduceScatter: opCount 8f sendbuff 0x2b3d3e000000 recvbuff 0x2b3a84000000 count 163119233 datatype 7 op 0 root 0 comm 0xa11b690 [nranks=4] stream 0x740b7d0
c199-102:16784:16986 [2] NCCL INFO ReduceScatter: opCount 8f sendbuff 0x2b6f4e000000 recvbuff 0x2b6c9c000000 count 163119233 datatype 7 op 0 root 0 comm 0xa40f400 [nranks=4] stream 0xa40f340
c199-102:16783:16981 [1] NCCL INFO ReduceScatter: opCount 8f sendbuff 0x2b4b20000000 recvbuff 0x2b485c000000 count 163119233 datatype 7 op 0 root 0 comm 0x9e68830 [nranks=4] stream 0x9e68770
c199-102:16782:16977 [0] NCCL INFO ReduceScatter: opCount 8f sendbuff 0x2b5be0000000 recvbuff 0x2b5c7c000000 count 163119233 datatype 7 op 0 root 0 comm 0xa7a6430 [nranks=4] stream 0x1498c50
c199-102:16782:16977 [0] NCCL INFO 2609907728 Bytes -> Algo 1 proto 2 time 326263.968750
c199-102:16785:16785 [3] NCCL INFO AllGather: opCount 90 sendbuff 0x2b3a0ae40200 recvbuff 0x2b3c06000000 count 652476932 datatype 0 op 0 root 0 comm 0xa11b690 [nranks=4] stream 0x740b7d0
c199-102:16784:16784 [2] NCCL INFO AllGather: opCount 90 sendbuff 0x2b6bf4000000 recvbuff 0x2b6e16000000 count 652476932 datatype 0 op 0 root 0 comm 0xa40f400 [nranks=4] stream 0xa40f340
c199-102:16783:16783 [1] NCCL INFO AllGather: opCount 90 sendbuff 0x2b47c6000000 recvbuff 0x2b49e8000000 count 652476932 datatype 0 op 0 root 0 comm 0x9e68830 [nranks=4] stream 0x9e68770
c199-102:16782:16782 [0] NCCL INFO AllGather: opCount 90 sendbuff 0x2b58ee000000 recvbuff 0x2b5aa8000000 count 652476932 datatype 0 op 0 root 0 comm 0xa7a6430 [nranks=4] stream 0x1498c50
c199-102:16782:16782 [0] NCCL INFO 2609907728 Bytes -> Algo 1 proto 2 time 326263.968750
c199-102:16785:16990 [3] NCCL INFO ReduceScatter: opCount 91 sendbuff 0x2b3d3e000000 recvbuff 0x2b3a84000000 count 163119233 datatype 7 op 0 root 0 comm 0xa11b690 [nranks=4] stream 0x740b7d0
c199-102:16784:16986 [2] NCCL INFO ReduceScatter: opCount 91 sendbuff 0x2b6f4e000000 recvbuff 0x2b6c9c000000 count 163119233 datatype 7 op 0 root 0 comm 0xa40f400 [nranks=4] stream 0xa40f340
c199-102:16783:16981 [1] NCCL INFO ReduceScatter: opCount 91 sendbuff 0x2b4b20000000 recvbuff 0x2b485c000000 count 163119233 datatype 7 op 0 root 0 comm 0x9e68830 [nranks=4] stream 0x9e68770
c199-102:16782:16977 [0] NCCL INFO ReduceScatter: opCount 91 sendbuff 0x2b5be0000000 recvbuff 0x2b5c7c000000 count 163119233 datatype 7 op 0 root 0 comm 0xa7a6430 [nranks=4] stream 0x1498c50
c199-102:16782:16977 [0] NCCL INFO 2609907728 Bytes -> Algo 1 proto 2 time 326263.968750
c199-102:16785:16785 [3] NCCL INFO AllGather: opCount 92 sendbuff 0x2b3a0ae40200 recvbuff 0x2b3c06000000 count 652476932 datatype 0 op 0 root 0 comm 0xa11b690 [nranks=4] stream 0x740b7d0
c199-102:16785:16990 [3] NCCL INFO ReduceScatter: opCount 93 sendbuff 0x2b3d3e000000 recvbuff 0x2b3a84000000 count 163119233 datatype 7 op 0 root 0 comm 0xa11b690 [nranks=4] stream 0x740b7d0
c199-102:16784:16784 [2] NCCL INFO AllGather: opCount 92 sendbuff 0x2b6bf4000000 recvbuff 0x2b6e16000000 count 652476932 datatype 0 op 0 root 0 comm 0xa40f400 [nranks=4] stream 0xa40f340
c199-102:16784:16986 [2] NCCL INFO ReduceScatter: opCount 93 sendbuff 0x2b6f4e000000 recvbuff 0x2b6c9c000000 count 163119233 datatype 7 op 0 root 0 comm 0xa40f400 [nranks=4] stream 0xa40f340
c199-102:16783:16783 [1] NCCL INFO AllGather: opCount 92 sendbuff 0x2b47c6000000 recvbuff 0x2b49e8000000 count 652476932 datatype 0 op 0 root 0 comm 0x9e68830 [nranks=4] stream 0x9e68770
c199-102:16783:16981 [1] NCCL INFO ReduceScatter: opCount 93 sendbuff 0x2b4b20000000 recvbuff 0x2b485c000000 count 163119233 datatype 7 op 0 root 0 comm 0x9e68830 [nranks=4] stream 0x9e68770
c199-102:16782:16782 [0] NCCL INFO AllGather: opCount 92 sendbuff 0x2b58ee000000 recvbuff 0x2b5aa8000000 count 652476932 datatype 0 op 0 root 0 comm 0xa7a6430 [nranks=4] stream 0x1498c50
c199-102:16782:16782 [0] NCCL INFO 2609907728 Bytes -> Algo 1 proto 2 time 326263.968750
c199-102:16782:16977 [0] NCCL INFO ReduceScatter: opCount 93 sendbuff 0x2b5be0000000 recvbuff 0x2b5c7c000000 count 163119233 datatype 7 op 0 root 0 comm 0xa7a6430 [nranks=4] stream 0x1498c50
c199-102:16782:16977 [0] NCCL INFO 2609907728 Bytes -> Algo 1 proto 2 time 326263.968750
c199-102:16785:16785 [3] NCCL INFO AllGather: opCount 94 sendbuff 0x2b3a0ae40200 recvbuff 0x2b3c06000000 count 652476932 datatype 0 op 0 root 0 comm 0xa11b690 [nranks=4] stream 0x740b7d0
c199-102:16784:16784 [2] NCCL INFO AllGather: opCount 94 sendbuff 0x2b6bf4000000 recvbuff 0x2b6e16000000 count 652476932 datatype 0 op 0 root 0 comm 0xa40f400 [nranks=4] stream 0xa40f340
c199-102:16782:16782 [0] NCCL INFO AllGather: opCount 94 sendbuff 0x2b58ee000000 recvbuff 0x2b5aa8000000 count 652476932 datatype 0 op 0 root 0 comm 0xa7a6430 [nranks=4] stream 0x1498c50
c199-102:16782:16782 [0] NCCL INFO 2609907728 Bytes -> Algo 1 proto 2 time 326263.968750
c199-102:16785:16990 [3] NCCL INFO ReduceScatter: opCount 95 sendbuff 0x2b3d3e000000 recvbuff 0x2b3a84000000 count 163119233 datatype 7 op 0 root 0 comm 0xa11b690 [nranks=4] stream 0x740b7d0
c199-102:16784:16986 [2] NCCL INFO ReduceScatter: opCount 95 sendbuff 0x2b6f4e000000 recvbuff 0x2b6c9c000000 count 163119233 datatype 7 op 0 root 0 comm 0xa40f400 [nranks=4] stream 0xa40f340
c199-102:16783:16783 [1] NCCL INFO AllGather: opCount 94 sendbuff 0x2b47c6000000 recvbuff 0x2b49e8000000 count 652476932 datatype 0 op 0 root 0 comm 0x9e68830 [nranks=4] stream 0x9e68770
c199-102:16783:16981 [1] NCCL INFO ReduceScatter: opCount 95 sendbuff 0x2b4b20000000 recvbuff 0x2b485c000000 count 163119233 datatype 7 op 0 root 0 comm 0x9e68830 [nranks=4] stream 0x9e68770
c199-102:16782:16977 [0] NCCL INFO ReduceScatter: opCount 95 sendbuff 0x2b5be0000000 recvbuff 0x2b5c7c000000 count 163119233 datatype 7 op 0 root 0 comm 0xa7a6430 [nranks=4] stream 0x1498c50
c199-102:16782:16977 [0] NCCL INFO 2609907728 Bytes -> Algo 1 proto 2 time 326263.968750
c199-102:16785:16785 [3] NCCL INFO AllGather: opCount 96 sendbuff 0x2b3a0ae40200 recvbuff 0x2b3c06000000 count 652476932 datatype 0 op 0 root 0 comm 0xa11b690 [nranks=4] stream 0x740b7d0
c199-102:16785:16990 [3] NCCL INFO ReduceScatter: opCount 97 sendbuff 0x2b3d3e000000 recvbuff 0x2b3a84000000 count 163119233 datatype 7 op 0 root 0 comm 0xa11b690 [nranks=4] stream 0x740b7d0
c199-102:16784:16784 [2] NCCL INFO AllGather: opCount 96 sendbuff 0x2b6bf4000000 recvbuff 0x2b6e16000000 count 652476932 datatype 0 op 0 root 0 comm 0xa40f400 [nranks=4] stream 0xa40f340
c199-102:16784:16986 [2] NCCL INFO ReduceScatter: opCount 97 sendbuff 0x2b6f4e000000 recvbuff 0x2b6c9c000000 count 163119233 datatype 7 op 0 root 0 comm 0xa40f400 [nranks=4] stream 0xa40f340
c199-102:16783:16783 [1] NCCL INFO AllGather: opCount 96 sendbuff 0x2b47c6000000 recvbuff 0x2b49e8000000 count 652476932 datatype 0 op 0 root 0 comm 0x9e68830 [nranks=4] stream 0x9e68770
c199-102:16783:16981 [1] NCCL INFO ReduceScatter: opCount 97 sendbuff 0x2b4b20000000 recvbuff 0x2b485c000000 count 163119233 datatype 7 op 0 root 0 comm 0x9e68830 [nranks=4] stream 0x9e68770
c199-102:16782:16782 [0] NCCL INFO AllGather: opCount 96 sendbuff 0x2b58ee000000 recvbuff 0x2b5aa8000000 count 652476932 datatype 0 op 0 root 0 comm 0xa7a6430 [nranks=4] stream 0x1498c50
c199-102:16782:16782 [0] NCCL INFO 2609907728 Bytes -> Algo 1 proto 2 time 326263.968750
c199-102:16782:16977 [0] NCCL INFO ReduceScatter: opCount 97 sendbuff 0x2b5be0000000 recvbuff 0x2b5c7c000000 count 163119233 datatype 7 op 0 root 0 comm 0xa7a6430 [nranks=4] stream 0x1498c50
c199-102:16782:16977 [0] NCCL INFO 2609907728 Bytes -> Algo 1 proto 2 time 326263.968750
c199-102:16785:16785 [3] NCCL INFO AllGather: opCount 98 sendbuff 0x2b3a0ae40200 recvbuff 0x2b3c06000000 count 652476932 datatype 0 op 0 root 0 comm 0xa11b690 [nranks=4] stream 0x740b7d0
c199-102:16784:16784 [2] NCCL INFO AllGather: opCount 98 sendbuff 0x2b6bf4000000 recvbuff 0x2b6e16000000 count 652476932 datatype 0 op 0 root 0 comm 0xa40f400 [nranks=4] stream 0xa40f340
c199-102:16783:16783 [1] NCCL INFO AllGather: opCount 98 sendbuff 0x2b47c6000000 recvbuff 0x2b49e8000000 count 652476932 datatype 0 op 0 root 0 comm 0x9e68830 [nranks=4] stream 0x9e68770
c199-102:16782:16782 [0] NCCL INFO AllGather: opCount 98 sendbuff 0x2b58ee000000 recvbuff 0x2b5aa8000000 count 652476932 datatype 0 op 0 root 0 comm 0xa7a6430 [nranks=4] stream 0x1498c50
c199-102:16782:16782 [0] NCCL INFO 2609907728 Bytes -> Algo 1 proto 2 time 326263.968750
c199-102:16785:16990 [3] NCCL INFO ReduceScatter: opCount 99 sendbuff 0x2b3d3e000000 recvbuff 0x2b3a84000000 count 163119233 datatype 7 op 0 root 0 comm 0xa11b690 [nranks=4] stream 0x740b7d0
c199-102:16784:16986 [2] NCCL INFO ReduceScatter: opCount 99 sendbuff 0x2b6f4e000000 recvbuff 0x2b6c9c000000 count 163119233 datatype 7 op 0 root 0 comm 0xa40f400 [nranks=4] stream 0xa40f340
c199-102:16783:16981 [1] NCCL INFO ReduceScatter: opCount 99 sendbuff 0x2b4b20000000 recvbuff 0x2b485c000000 count 163119233 datatype 7 op 0 root 0 comm 0x9e68830 [nranks=4] stream 0x9e68770
c199-102:16782:16977 [0] NCCL INFO ReduceScatter: opCount 99 sendbuff 0x2b5be0000000 recvbuff 0x2b5c7c000000 count 163119233 datatype 7 op 0 root 0 comm 0xa7a6430 [nranks=4] stream 0x1498c50
c199-102:16782:16977 [0] NCCL INFO 2609907728 Bytes -> Algo 1 proto 2 time 326263.968750
c199-102:16785:16785 [3] NCCL INFO AllGather: opCount 9a sendbuff 0x2b3a0ae40200 recvbuff 0x2b3c06000000 count 652476932 datatype 0 op 0 root 0 comm 0xa11b690 [nranks=4] stream 0x740b7d0
c199-102:16784:16784 [2] NCCL INFO AllGather: opCount 9a sendbuff 0x2b6bf4000000 recvbuff 0x2b6e16000000 count 652476932 datatype 0 op 0 root 0 comm 0xa40f400 [nranks=4] stream 0xa40f340
c199-102:16783:16783 [1] NCCL INFO AllGather: opCount 9a sendbuff 0x2b47c6000000 recvbuff 0x2b49e8000000 count 652476932 datatype 0 op 0 root 0 comm 0x9e68830 [nranks=4] stream 0x9e68770
c199-102:16782:16782 [0] NCCL INFO AllGather: opCount 9a sendbuff 0x2b58ee000000 recvbuff 0x2b5aa8000000 count 652476932 datatype 0 op 0 root 0 comm 0xa7a6430 [nranks=4] stream 0x1498c50
c199-102:16782:16782 [0] NCCL INFO 2609907728 Bytes -> Algo 1 proto 2 time 326263.968750
c199-102:16785:16990 [3] NCCL INFO ReduceScatter: opCount 9b sendbuff 0x2b3d3e000000 recvbuff 0x2b3a84000000 count 163119233 datatype 7 op 0 root 0 comm 0xa11b690 [nranks=4] stream 0x740b7d0
c199-102:16784:16986 [2] NCCL INFO ReduceScatter: opCount 9b sendbuff 0x2b6f4e000000 recvbuff 0x2b6c9c000000 count 163119233 datatype 7 op 0 root 0 comm 0xa40f400 [nranks=4] stream 0xa40f340
c199-102:16783:16981 [1] NCCL INFO ReduceScatter: opCount 9b sendbuff 0x2b4b20000000 recvbuff 0x2b485c000000 count 163119233 datatype 7 op 0 root 0 comm 0x9e68830 [nranks=4] stream 0x9e68770
c199-102:16782:16977 [0] NCCL INFO ReduceScatter: opCount 9b sendbuff 0x2b5be0000000 recvbuff 0x2b5c7c000000 count 163119233 datatype 7 op 0 root 0 comm 0xa7a6430 [nranks=4] stream 0x1498c50
c199-102:16782:16977 [0] NCCL INFO 2609907728 Bytes -> Algo 1 proto 2 time 326263.968750
c199-102:16782:16782 [0] NCCL INFO AllGather: opCount 9c sendbuff 0x2b58ee000000 recvbuff 0x2b5aa8000000 count 652476932 datatype 0 op 0 root 0 comm 0xa7a6430 [nranks=4] stream 0x1498c50
c199-102:16782:16782 [0] NCCL INFO 2609907728 Bytes -> Algo 1 proto 2 time 326263.968750
c199-102:16785:16785 [3] NCCL INFO AllGather: opCount 9c sendbuff 0x2b3a0ae40200 recvbuff 0x2b3c06000000 count 652476932 datatype 0 op 0 root 0 comm 0xa11b690 [nranks=4] stream 0x740b7d0
c199-102:16784:16784 [2] NCCL INFO AllGather: opCount 9c sendbuff 0x2b6bf4000000 recvbuff 0x2b6e16000000 count 652476932 datatype 0 op 0 root 0 comm 0xa40f400 [nranks=4] stream 0xa40f340
c199-102:16783:16783 [1] NCCL INFO AllGather: opCount 9c sendbuff 0x2b47c6000000 recvbuff 0x2b49e8000000 count 652476932 datatype 0 op 0 root 0 comm 0x9e68830 [nranks=4] stream 0x9e68770
c199-102:16785:16990 [3] NCCL INFO ReduceScatter: opCount 9d sendbuff 0x2b3d3e000000 recvbuff 0x2b3a84000000 count 163119233 datatype 7 op 0 root 0 comm 0xa11b690 [nranks=4] stream 0x740b7d0
c199-102:16784:16986 [2] NCCL INFO ReduceScatter: opCount 9d sendbuff 0x2b6f4e000000 recvbuff 0x2b6c9c000000 count 163119233 datatype 7 op 0 root 0 comm 0xa40f400 [nranks=4] stream 0xa40f340
c199-102:16783:16981 [1] NCCL INFO ReduceScatter: opCount 9d sendbuff 0x2b4b20000000 recvbuff 0x2b485c000000 count 163119233 datatype 7 op 0 root 0 comm 0x9e68830 [nranks=4] stream 0x9e68770
c199-102:16782:16977 [0] NCCL INFO ReduceScatter: opCount 9d sendbuff 0x2b5be0000000 recvbuff 0x2b5c7c000000 count 163119233 datatype 7 op 0 root 0 comm 0xa7a6430 [nranks=4] stream 0x1498c50
c199-102:16782:16977 [0] NCCL INFO 2609907728 Bytes -> Algo 1 proto 2 time 326263.968750
c199-102:16785:16785 [3] NCCL INFO AllGather: opCount 9e sendbuff 0x2b3a0ae40200 recvbuff 0x2b3c06000000 count 652476932 datatype 0 op 0 root 0 comm 0xa11b690 [nranks=4] stream 0x740b7d0
c199-102:16784:16784 [2] NCCL INFO AllGather: opCount 9e sendbuff 0x2b6bf4000000 recvbuff 0x2b6e16000000 count 652476932 datatype 0 op 0 root 0 comm 0xa40f400 [nranks=4] stream 0xa40f340
c199-102:16783:16783 [1] NCCL INFO AllGather: opCount 9e sendbuff 0x2b47c6000000 recvbuff 0x2b49e8000000 count 652476932 datatype 0 op 0 root 0 comm 0x9e68830 [nranks=4] stream 0x9e68770
c199-102:16782:16782 [0] NCCL INFO AllGather: opCount 9e sendbuff 0x2b58ee000000 recvbuff 0x2b5aa8000000 count 652476932 datatype 0 op 0 root 0 comm 0xa7a6430 [nranks=4] stream 0x1498c50
c199-102:16782:16782 [0] NCCL INFO 2609907728 Bytes -> Algo 1 proto 2 time 326263.968750
c199-102:16785:16990 [3] NCCL INFO ReduceScatter: opCount 9f sendbuff 0x2b3d3e000000 recvbuff 0x2b3a84000000 count 163119233 datatype 7 op 0 root 0 comm 0xa11b690 [nranks=4] stream 0x740b7d0
c199-102:16784:16986 [2] NCCL INFO ReduceScatter: opCount 9f sendbuff 0x2b6f4e000000 recvbuff 0x2b6c9c000000 count 163119233 datatype 7 op 0 root 0 comm 0xa40f400 [nranks=4] stream 0xa40f340
c199-102:16783:16981 [1] NCCL INFO ReduceScatter: opCount 9f sendbuff 0x2b4b20000000 recvbuff 0x2b485c000000 count 163119233 datatype 7 op 0 root 0 comm 0x9e68830 [nranks=4] stream 0x9e68770
c199-102:16782:16977 [0] NCCL INFO ReduceScatter: opCount 9f sendbuff 0x2b5be0000000 recvbuff 0x2b5c7c000000 count 163119233 datatype 7 op 0 root 0 comm 0xa7a6430 [nranks=4] stream 0x1498c50
c199-102:16782:16977 [0] NCCL INFO 2609907728 Bytes -> Algo 1 proto 2 time 326263.968750
c199-102:16785:16785 [3] NCCL INFO AllGather: opCount a0 sendbuff 0x2b3a0ae40200 recvbuff 0x2b3c06000000 count 652476932 datatype 0 op 0 root 0 comm 0xa11b690 [nranks=4] stream 0x740b7d0
c199-102:16784:16784 [2] NCCL INFO AllGather: opCount a0 sendbuff 0x2b6bf4000000 recvbuff 0x2b6e16000000 count 652476932 datatype 0 op 0 root 0 comm 0xa40f400 [nranks=4] stream 0xa40f340
c199-102:16783:16783 [1] NCCL INFO AllGather: opCount a0 sendbuff 0x2b47c6000000 recvbuff 0x2b49e8000000 count 652476932 datatype 0 op 0 root 0 comm 0x9e68830 [nranks=4] stream 0x9e68770
c199-102:16782:16782 [0] NCCL INFO AllGather: opCount a0 sendbuff 0x2b58ee000000 recvbuff 0x2b5aa8000000 count 652476932 datatype 0 op 0 root 0 comm 0xa7a6430 [nranks=4] stream 0x1498c50
c199-102:16782:16782 [0] NCCL INFO 2609907728 Bytes -> Algo 1 proto 2 time 326263.968750
c199-102:16785:16990 [3] NCCL INFO ReduceScatter: opCount a1 sendbuff 0x2b3d3e000000 recvbuff 0x2b3a84000000 count 163119233 datatype 7 op 0 root 0 comm 0xa11b690 [nranks=4] stream 0x740b7d0
c199-102:16784:16986 [2] NCCL INFO ReduceScatter: opCount a1 sendbuff 0x2b6f4e000000 recvbuff 0x2b6c9c000000 count 163119233 datatype 7 op 0 root 0 comm 0xa40f400 [nranks=4] stream 0xa40f340
c199-102:16783:16981 [1] NCCL INFO ReduceScatter: opCount a1 sendbuff 0x2b4b20000000 recvbuff 0x2b485c000000 count 163119233 datatype 7 op 0 root 0 comm 0x9e68830 [nranks=4] stream 0x9e68770
c199-102:16782:16977 [0] NCCL INFO ReduceScatter: opCount a1 sendbuff 0x2b5be0000000 recvbuff 0x2b5c7c000000 count 163119233 datatype 7 op 0 root 0 comm 0xa7a6430 [nranks=4] stream 0x1498c50
c199-102:16782:16977 [0] NCCL INFO 2609907728 Bytes -> Algo 1 proto 2 time 326263.968750
c199-102:16785:16785 [3] NCCL INFO AllGather: opCount a2 sendbuff 0x2b3a0ae40200 recvbuff 0x2b3c06000000 count 652476932 datatype 0 op 0 root 0 comm 0xa11b690 [nranks=4] stream 0x740b7d0
c199-102:16784:16784 [2] NCCL INFO AllGather: opCount a2 sendbuff 0x2b6bf4000000 recvbuff 0x2b6e16000000 count 652476932 datatype 0 op 0 root 0 comm 0xa40f400 [nranks=4] stream 0xa40f340
c199-102:16783:16783 [1] NCCL INFO AllGather: opCount a2 sendbuff 0x2b47c6000000 recvbuff 0x2b49e8000000 count 652476932 datatype 0 op 0 root 0 comm 0x9e68830 [nranks=4] stream 0x9e68770
c199-102:16782:16782 [0] NCCL INFO AllGather: opCount a2 sendbuff 0x2b58ee000000 recvbuff 0x2b5aa8000000 count 652476932 datatype 0 op 0 root 0 comm 0xa7a6430 [nranks=4] stream 0x1498c50
c199-102:16782:16782 [0] NCCL INFO 2609907728 Bytes -> Algo 1 proto 2 time 326263.968750
c199-102:16785:16990 [3] NCCL INFO ReduceScatter: opCount a3 sendbuff 0x2b3d3e000000 recvbuff 0x2b3a84000000 count 163119233 datatype 7 op 0 root 0 comm 0xa11b690 [nranks=4] stream 0x740b7d0
c199-102:16784:16986 [2] NCCL INFO ReduceScatter: opCount a3 sendbuff 0x2b6f4e000000 recvbuff 0x2b6c9c000000 count 163119233 datatype 7 op 0 root 0 comm 0xa40f400 [nranks=4] stream 0xa40f340
c199-102:16783:16981 [1] NCCL INFO ReduceScatter: opCount a3 sendbuff 0x2b4b20000000 recvbuff 0x2b485c000000 count 163119233 datatype 7 op 0 root 0 comm 0x9e68830 [nranks=4] stream 0x9e68770
c199-102:16782:16977 [0] NCCL INFO ReduceScatter: opCount a3 sendbuff 0x2b5be0000000 recvbuff 0x2b5c7c000000 count 163119233 datatype 7 op 0 root 0 comm 0xa7a6430 [nranks=4] stream 0x1498c50
c199-102:16782:16977 [0] NCCL INFO 2609907728 Bytes -> Algo 1 proto 2 time 326263.968750
c199-102:16785:16785 [3] NCCL INFO AllGather: opCount a4 sendbuff 0x2b3a0ae40200 recvbuff 0x2b3c06000000 count 652476932 datatype 0 op 0 root 0 comm 0xa11b690 [nranks=4] stream 0x740b7d0
c199-102:16784:16784 [2] NCCL INFO AllGather: opCount a4 sendbuff 0x2b6bf4000000 recvbuff 0x2b6e16000000 count 652476932 datatype 0 op 0 root 0 comm 0xa40f400 [nranks=4] stream 0xa40f340
c199-102:16782:16782 [0] NCCL INFO AllGather: opCount a4 sendbuff 0x2b58ee000000 recvbuff 0x2b5aa8000000 count 652476932 datatype 0 op 0 root 0 comm 0xa7a6430 [nranks=4] stream 0x1498c50
c199-102:16782:16782 [0] NCCL INFO 2609907728 Bytes -> Algo 1 proto 2 time 326263.968750
c199-102:16783:16783 [1] NCCL INFO AllGather: opCount a4 sendbuff 0x2b47c6000000 recvbuff 0x2b49e8000000 count 652476932 datatype 0 op 0 root 0 comm 0x9e68830 [nranks=4] stream 0x9e68770
c199-102:16785:16990 [3] NCCL INFO ReduceScatter: opCount a5 sendbuff 0x2b3d3e000000 recvbuff 0x2b3a84000000 count 163119233 datatype 7 op 0 root 0 comm 0xa11b690 [nranks=4] stream 0x740b7d0
c199-102:16784:16986 [2] NCCL INFO ReduceScatter: opCount a5 sendbuff 0x2b6f4e000000 recvbuff 0x2b6c9c000000 count 163119233 datatype 7 op 0 root 0 comm 0xa40f400 [nranks=4] stream 0xa40f340
c199-102:16783:16981 [1] NCCL INFO ReduceScatter: opCount a5 sendbuff 0x2b4b20000000 recvbuff 0x2b485c000000 count 163119233 datatype 7 op 0 root 0 comm 0x9e68830 [nranks=4] stream 0x9e68770
c199-102:16782:16977 [0] NCCL INFO ReduceScatter: opCount a5 sendbuff 0x2b5be0000000 recvbuff 0x2b5c7c000000 count 163119233 datatype 7 op 0 root 0 comm 0xa7a6430 [nranks=4] stream 0x1498c50
c199-102:16782:16977 [0] NCCL INFO 2609907728 Bytes -> Algo 1 proto 2 time 326263.968750
c199-102:16785:16785 [3] NCCL INFO AllGather: opCount a6 sendbuff 0x2b3a0ae40200 recvbuff 0x2b3c06000000 count 652476932 datatype 0 op 0 root 0 comm 0xa11b690 [nranks=4] stream 0x740b7d0
c199-102:16784:16784 [2] NCCL INFO AllGather: opCount a6 sendbuff 0x2b6bf4000000 recvbuff 0x2b6e16000000 count 652476932 datatype 0 op 0 root 0 comm 0xa40f400 [nranks=4] stream 0xa40f340
c199-102:16783:16783 [1] NCCL INFO AllGather: opCount a6 sendbuff 0x2b47c6000000 recvbuff 0x2b49e8000000 count 652476932 datatype 0 op 0 root 0 comm 0x9e68830 [nranks=4] stream 0x9e68770
c199-102:16782:16782 [0] NCCL INFO AllGather: opCount a6 sendbuff 0x2b58ee000000 recvbuff 0x2b5aa8000000 count 652476932 datatype 0 op 0 root 0 comm 0xa7a6430 [nranks=4] stream 0x1498c50
c199-102:16782:16782 [0] NCCL INFO 2609907728 Bytes -> Algo 1 proto 2 time 326263.968750
c199-102:16785:16990 [3] NCCL INFO ReduceScatter: opCount a7 sendbuff 0x2b3d3e000000 recvbuff 0x2b3a84000000 count 163119233 datatype 7 op 0 root 0 comm 0xa11b690 [nranks=4] stream 0x740b7d0
c199-102:16784:16986 [2] NCCL INFO ReduceScatter: opCount a7 sendbuff 0x2b6f4e000000 recvbuff 0x2b6c9c000000 count 163119233 datatype 7 op 0 root 0 comm 0xa40f400 [nranks=4] stream 0xa40f340
c199-102:16783:16981 [1] NCCL INFO ReduceScatter: opCount a7 sendbuff 0x2b4b20000000 recvbuff 0x2b485c000000 count 163119233 datatype 7 op 0 root 0 comm 0x9e68830 [nranks=4] stream 0x9e68770
c199-102:16782:16977 [0] NCCL INFO ReduceScatter: opCount a7 sendbuff 0x2b5be0000000 recvbuff 0x2b5c7c000000 count 163119233 datatype 7 op 0 root 0 comm 0xa7a6430 [nranks=4] stream 0x1498c50
c199-102:16782:16977 [0] NCCL INFO 2609907728 Bytes -> Algo 1 proto 2 time 326263.968750
c199-102:16785:16785 [3] NCCL INFO AllGather: opCount a8 sendbuff 0x2b3a0ae40200 recvbuff 0x2b3c06000000 count 652476932 datatype 0 op 0 root 0 comm 0xa11b690 [nranks=4] stream 0x740b7d0
c199-102:16784:16784 [2] NCCL INFO AllGather: opCount a8 sendbuff 0x2b6bf4000000 recvbuff 0x2b6e16000000 count 652476932 datatype 0 op 0 root 0 comm 0xa40f400 [nranks=4] stream 0xa40f340
c199-102:16783:16783 [1] NCCL INFO AllGather: opCount a8 sendbuff 0x2b47c6000000 recvbuff 0x2b49e8000000 count 652476932 datatype 0 op 0 root 0 comm 0x9e68830 [nranks=4] stream 0x9e68770
c199-102:16782:16782 [0] NCCL INFO AllGather: opCount a8 sendbuff 0x2b58ee000000 recvbuff 0x2b5aa8000000 count 652476932 datatype 0 op 0 root 0 comm 0xa7a6430 [nranks=4] stream 0x1498c50
c199-102:16782:16782 [0] NCCL INFO 2609907728 Bytes -> Algo 1 proto 2 time 326263.968750
c199-102:16785:16990 [3] NCCL INFO ReduceScatter: opCount a9 sendbuff 0x2b3d3e000000 recvbuff 0x2b3a84000000 count 163119233 datatype 7 op 0 root 0 comm 0xa11b690 [nranks=4] stream 0x740b7d0
c199-102:16784:16986 [2] NCCL INFO ReduceScatter: opCount a9 sendbuff 0x2b6f4e000000 recvbuff 0x2b6c9c000000 count 163119233 datatype 7 op 0 root 0 comm 0xa40f400 [nranks=4] stream 0xa40f340
c199-102:16783:16981 [1] NCCL INFO ReduceScatter: opCount a9 sendbuff 0x2b4b20000000 recvbuff 0x2b485c000000 count 163119233 datatype 7 op 0 root 0 comm 0x9e68830 [nranks=4] stream 0x9e68770
c199-102:16782:16977 [0] NCCL INFO ReduceScatter: opCount a9 sendbuff 0x2b5be0000000 recvbuff 0x2b5c7c000000 count 163119233 datatype 7 op 0 root 0 comm 0xa7a6430 [nranks=4] stream 0x1498c50
c199-102:16782:16977 [0] NCCL INFO 2609907728 Bytes -> Algo 1 proto 2 time 326263.968750
c199-102:16785:16785 [3] NCCL INFO AllGather: opCount aa sendbuff 0x2b3a0ae40200 recvbuff 0x2b3c06000000 count 652476932 datatype 0 op 0 root 0 comm 0xa11b690 [nranks=4] stream 0x740b7d0
c199-102:16784:16784 [2] NCCL INFO AllGather: opCount aa sendbuff 0x2b6bf4000000 recvbuff 0x2b6e16000000 count 652476932 datatype 0 op 0 root 0 comm 0xa40f400 [nranks=4] stream 0xa40f340
c199-102:16783:16783 [1] NCCL INFO AllGather: opCount aa sendbuff 0x2b47c6000000 recvbuff 0x2b49e8000000 count 652476932 datatype 0 op 0 root 0 comm 0x9e68830 [nranks=4] stream 0x9e68770
c199-102:16782:16782 [0] NCCL INFO AllGather: opCount aa sendbuff 0x2b58ee000000 recvbuff 0x2b5aa8000000 count 652476932 datatype 0 op 0 root 0 comm 0xa7a6430 [nranks=4] stream 0x1498c50
c199-102:16782:16782 [0] NCCL INFO 2609907728 Bytes -> Algo 1 proto 2 time 326263.968750
c199-102:16785:16990 [3] NCCL INFO ReduceScatter: opCount ab sendbuff 0x2b3d3e000000 recvbuff 0x2b3a84000000 count 163119233 datatype 7 op 0 root 0 comm 0xa11b690 [nranks=4] stream 0x740b7d0
c199-102:16784:16986 [2] NCCL INFO ReduceScatter: opCount ab sendbuff 0x2b6f4e000000 recvbuff 0x2b6c9c000000 count 163119233 datatype 7 op 0 root 0 comm 0xa40f400 [nranks=4] stream 0xa40f340
c199-102:16783:16981 [1] NCCL INFO ReduceScatter: opCount ab sendbuff 0x2b4b20000000 recvbuff 0x2b485c000000 count 163119233 datatype 7 op 0 root 0 comm 0x9e68830 [nranks=4] stream 0x9e68770
c199-102:16782:16977 [0] NCCL INFO ReduceScatter: opCount ab sendbuff 0x2b5be0000000 recvbuff 0x2b5c7c000000 count 163119233 datatype 7 op 0 root 0 comm 0xa7a6430 [nranks=4] stream 0x1498c50
c199-102:16782:16977 [0] NCCL INFO 2609907728 Bytes -> Algo 1 proto 2 time 326263.968750
c199-102:16785:16785 [3] NCCL INFO AllGather: opCount ac sendbuff 0x2b3a0ae40200 recvbuff 0x2b3c06000000 count 652476932 datatype 0 op 0 root 0 comm 0xa11b690 [nranks=4] stream 0x740b7d0
c199-102:16784:16784 [2] NCCL INFO AllGather: opCount ac sendbuff 0x2b6bf4000000 recvbuff 0x2b6e16000000 count 652476932 datatype 0 op 0 root 0 comm 0xa40f400 [nranks=4] stream 0xa40f340
c199-102:16783:16783 [1] NCCL INFO AllGather: opCount ac sendbuff 0x2b47c6000000 recvbuff 0x2b49e8000000 count 652476932 datatype 0 op 0 root 0 comm 0x9e68830 [nranks=4] stream 0x9e68770
c199-102:16782:16782 [0] NCCL INFO AllGather: opCount ac sendbuff 0x2b58ee000000 recvbuff 0x2b5aa8000000 count 652476932 datatype 0 op 0 root 0 comm 0xa7a6430 [nranks=4] stream 0x1498c50
c199-102:16782:16782 [0] NCCL INFO 2609907728 Bytes -> Algo 1 proto 2 time 326263.968750
c199-102:16785:16990 [3] NCCL INFO ReduceScatter: opCount ad sendbuff 0x2b3d3e000000 recvbuff 0x2b3a84000000 count 163119233 datatype 7 op 0 root 0 comm 0xa11b690 [nranks=4] stream 0x740b7d0
c199-102:16784:16986 [2] NCCL INFO ReduceScatter: opCount ad sendbuff 0x2b6f4e000000 recvbuff 0x2b6c9c000000 count 163119233 datatype 7 op 0 root 0 comm 0xa40f400 [nranks=4] stream 0xa40f340
c199-102:16783:16981 [1] NCCL INFO ReduceScatter: opCount ad sendbuff 0x2b4b20000000 recvbuff 0x2b485c000000 count 163119233 datatype 7 op 0 root 0 comm 0x9e68830 [nranks=4] stream 0x9e68770
c199-102:16782:16977 [0] NCCL INFO ReduceScatter: opCount ad sendbuff 0x2b5be0000000 recvbuff 0x2b5c7c000000 count 163119233 datatype 7 op 0 root 0 comm 0xa7a6430 [nranks=4] stream 0x1498c50
c199-102:16782:16977 [0] NCCL INFO 2609907728 Bytes -> Algo 1 proto 2 time 326263.968750
c199-102:16784:16784 [2] NCCL INFO AllGather: opCount ae sendbuff 0x2b6bf4000000 recvbuff 0x2b6e16000000 count 652476932 datatype 0 op 0 root 0 comm 0xa40f400 [nranks=4] stream 0xa40f340
c199-102:16785:16785 [3] NCCL INFO AllGather: opCount ae sendbuff 0x2b3a0ae40200 recvbuff 0x2b3c06000000 count 652476932 datatype 0 op 0 root 0 comm 0xa11b690 [nranks=4] stream 0x740b7d0
c199-102:16785:16990 [3] NCCL INFO ReduceScatter: opCount af sendbuff 0x2b3d3e000000 recvbuff 0x2b3a84000000 count 163119233 datatype 7 op 0 root 0 comm 0xa11b690 [nranks=4] stream 0x740b7d0
c199-102:16784:16986 [2] NCCL INFO ReduceScatter: opCount af sendbuff 0x2b6f4e000000 recvbuff 0x2b6c9c000000 count 163119233 datatype 7 op 0 root 0 comm 0xa40f400 [nranks=4] stream 0xa40f340
c199-102:16783:16783 [1] NCCL INFO AllGather: opCount ae sendbuff 0x2b47c6000000 recvbuff 0x2b49e8000000 count 652476932 datatype 0 op 0 root 0 comm 0x9e68830 [nranks=4] stream 0x9e68770
c199-102:16783:16981 [1] NCCL INFO ReduceScatter: opCount af sendbuff 0x2b4b20000000 recvbuff 0x2b485c000000 count 163119233 datatype 7 op 0 root 0 comm 0x9e68830 [nranks=4] stream 0x9e68770
c199-102:16782:16782 [0] NCCL INFO AllGather: opCount ae sendbuff 0x2b58ee000000 recvbuff 0x2b5aa8000000 count 652476932 datatype 0 op 0 root 0 comm 0xa7a6430 [nranks=4] stream 0x1498c50
c199-102:16782:16782 [0] NCCL INFO 2609907728 Bytes -> Algo 1 proto 2 time 326263.968750
c199-102:16782:16977 [0] NCCL INFO ReduceScatter: opCount af sendbuff 0x2b5be0000000 recvbuff 0x2b5c7c000000 count 163119233 datatype 7 op 0 root 0 comm 0xa7a6430 [nranks=4] stream 0x1498c50
c199-102:16782:16977 [0] NCCL INFO 2609907728 Bytes -> Algo 1 proto 2 time 326263.968750
c199-102:16785:16785 [3] NCCL INFO AllGather: opCount b0 sendbuff 0x2b3a0ae40200 recvbuff 0x2b3c06000000 count 652476932 datatype 0 op 0 root 0 comm 0xa11b690 [nranks=4] stream 0x740b7d0
c199-102:16784:16784 [2] NCCL INFO AllGather: opCount b0 sendbuff 0x2b6bf4000000 recvbuff 0x2b6e16000000 count 652476932 datatype 0 op 0 root 0 comm 0xa40f400 [nranks=4] stream 0xa40f340
c199-102:16783:16783 [1] NCCL INFO AllGather: opCount b0 sendbuff 0x2b47c6000000 recvbuff 0x2b49e8000000 count 652476932 datatype 0 op 0 root 0 comm 0x9e68830 [nranks=4] stream 0x9e68770
c199-102:16782:16782 [0] NCCL INFO AllGather: opCount b0 sendbuff 0x2b58ee000000 recvbuff 0x2b5aa8000000 count 652476932 datatype 0 op 0 root 0 comm 0xa7a6430 [nranks=4] stream 0x1498c50
c199-102:16782:16782 [0] NCCL INFO 2609907728 Bytes -> Algo 1 proto 2 time 326263.968750
c199-102:16785:16990 [3] NCCL INFO ReduceScatter: opCount b1 sendbuff 0x2b3d3e000000 recvbuff 0x2b3a84000000 count 163119233 datatype 7 op 0 root 0 comm 0xa11b690 [nranks=4] stream 0x740b7d0
c199-102:16784:16986 [2] NCCL INFO ReduceScatter: opCount b1 sendbuff 0x2b6f4e000000 recvbuff 0x2b6c9c000000 count 163119233 datatype 7 op 0 root 0 comm 0xa40f400 [nranks=4] stream 0xa40f340
c199-102:16783:16981 [1] NCCL INFO ReduceScatter: opCount b1 sendbuff 0x2b4b20000000 recvbuff 0x2b485c000000 count 163119233 datatype 7 op 0 root 0 comm 0x9e68830 [nranks=4] stream 0x9e68770
c199-102:16782:16977 [0] NCCL INFO ReduceScatter: opCount b1 sendbuff 0x2b5be0000000 recvbuff 0x2b5c7c000000 count 163119233 datatype 7 op 0 root 0 comm 0xa7a6430 [nranks=4] stream 0x1498c50
c199-102:16782:16977 [0] NCCL INFO 2609907728 Bytes -> Algo 1 proto 2 time 326263.968750
c199-102:16785:16785 [3] NCCL INFO AllGather: opCount b2 sendbuff 0x2b3a0ae40200 recvbuff 0x2b3c06000000 count 652476932 datatype 0 op 0 root 0 comm 0xa11b690 [nranks=4] stream 0x740b7d0
c199-102:16784:16784 [2] NCCL INFO AllGather: opCount b2 sendbuff 0x2b6bf4000000 recvbuff 0x2b6e16000000 count 652476932 datatype 0 op 0 root 0 comm 0xa40f400 [nranks=4] stream 0xa40f340
c199-102:16783:16783 [1] NCCL INFO AllGather: opCount b2 sendbuff 0x2b47c6000000 recvbuff 0x2b49e8000000 count 652476932 datatype 0 op 0 root 0 comm 0x9e68830 [nranks=4] stream 0x9e68770
c199-102:16782:16782 [0] NCCL INFO AllGather: opCount b2 sendbuff 0x2b58ee000000 recvbuff 0x2b5aa8000000 count 652476932 datatype 0 op 0 root 0 comm 0xa7a6430 [nranks=4] stream 0x1498c50
c199-102:16782:16782 [0] NCCL INFO 2609907728 Bytes -> Algo 1 proto 2 time 326263.968750
c199-102:16785:16990 [3] NCCL INFO ReduceScatter: opCount b3 sendbuff 0x2b3d3e000000 recvbuff 0x2b3a84000000 count 163119233 datatype 7 op 0 root 0 comm 0xa11b690 [nranks=4] stream 0x740b7d0
c199-102:16784:16986 [2] NCCL INFO ReduceScatter: opCount b3 sendbuff 0x2b6f4e000000 recvbuff 0x2b6c9c000000 count 163119233 datatype 7 op 0 root 0 comm 0xa40f400 [nranks=4] stream 0xa40f340
c199-102:16783:16981 [1] NCCL INFO ReduceScatter: opCount b3 sendbuff 0x2b4b20000000 recvbuff 0x2b485c000000 count 163119233 datatype 7 op 0 root 0 comm 0x9e68830 [nranks=4] stream 0x9e68770
c199-102:16782:16977 [0] NCCL INFO ReduceScatter: opCount b3 sendbuff 0x2b5be0000000 recvbuff 0x2b5c7c000000 count 163119233 datatype 7 op 0 root 0 comm 0xa7a6430 [nranks=4] stream 0x1498c50
c199-102:16782:16977 [0] NCCL INFO 2609907728 Bytes -> Algo 1 proto 2 time 326263.968750
c199-102:16785:16785 [3] NCCL INFO AllGather: opCount b4 sendbuff 0x2b3a0ae40200 recvbuff 0x2b3c06000000 count 652476932 datatype 0 op 0 root 0 comm 0xa11b690 [nranks=4] stream 0x740b7d0
c199-102:16784:16784 [2] NCCL INFO AllGather: opCount b4 sendbuff 0x2b6bf4000000 recvbuff 0x2b6e16000000 count 652476932 datatype 0 op 0 root 0 comm 0xa40f400 [nranks=4] stream 0xa40f340
c199-102:16783:16783 [1] NCCL INFO AllGather: opCount b4 sendbuff 0x2b47c6000000 recvbuff 0x2b49e8000000 count 652476932 datatype 0 op 0 root 0 comm 0x9e68830 [nranks=4] stream 0x9e68770
c199-102:16782:16782 [0] NCCL INFO AllGather: opCount b4 sendbuff 0x2b58ee000000 recvbuff 0x2b5aa8000000 count 652476932 datatype 0 op 0 root 0 comm 0xa7a6430 [nranks=4] stream 0x1498c50
c199-102:16782:16782 [0] NCCL INFO 2609907728 Bytes -> Algo 1 proto 2 time 326263.968750
c199-102:16785:16990 [3] NCCL INFO ReduceScatter: opCount b5 sendbuff 0x2b3d3e000000 recvbuff 0x2b3a84000000 count 163119233 datatype 7 op 0 root 0 comm 0xa11b690 [nranks=4] stream 0x740b7d0
c199-102:16784:16986 [2] NCCL INFO ReduceScatter: opCount b5 sendbuff 0x2b6f4e000000 recvbuff 0x2b6c9c000000 count 163119233 datatype 7 op 0 root 0 comm 0xa40f400 [nranks=4] stream 0xa40f340
c199-102:16783:16981 [1] NCCL INFO ReduceScatter: opCount b5 sendbuff 0x2b4b20000000 recvbuff 0x2b485c000000 count 163119233 datatype 7 op 0 root 0 comm 0x9e68830 [nranks=4] stream 0x9e68770
c199-102:16782:16977 [0] NCCL INFO ReduceScatter: opCount b5 sendbuff 0x2b5be0000000 recvbuff 0x2b5c7c000000 count 163119233 datatype 7 op 0 root 0 comm 0xa7a6430 [nranks=4] stream 0x1498c50
c199-102:16782:16977 [0] NCCL INFO 2609907728 Bytes -> Algo 1 proto 2 time 326263.968750
c199-102:16785:16785 [3] NCCL INFO AllGather: opCount b6 sendbuff 0x2b3a0ae40200 recvbuff 0x2b3c06000000 count 652476932 datatype 0 op 0 root 0 comm 0xa11b690 [nranks=4] stream 0x740b7d0
c199-102:16784:16784 [2] NCCL INFO AllGather: opCount b6 sendbuff 0x2b6bf4000000 recvbuff 0x2b6e16000000 count 652476932 datatype 0 op 0 root 0 comm 0xa40f400 [nranks=4] stream 0xa40f340
c199-102:16783:16783 [1] NCCL INFO AllGather: opCount b6 sendbuff 0x2b47c6000000 recvbuff 0x2b49e8000000 count 652476932 datatype 0 op 0 root 0 comm 0x9e68830 [nranks=4] stream 0x9e68770
c199-102:16782:16782 [0] NCCL INFO AllGather: opCount b6 sendbuff 0x2b58ee000000 recvbuff 0x2b5aa8000000 count 652476932 datatype 0 op 0 root 0 comm 0xa7a6430 [nranks=4] stream 0x1498c50
c199-102:16782:16782 [0] NCCL INFO 2609907728 Bytes -> Algo 1 proto 2 time 326263.968750
c199-102:16785:16990 [3] NCCL INFO ReduceScatter: opCount b7 sendbuff 0x2b3d3e000000 recvbuff 0x2b3a84000000 count 163119233 datatype 7 op 0 root 0 comm 0xa11b690 [nranks=4] stream 0x740b7d0
c199-102:16784:16986 [2] NCCL INFO ReduceScatter: opCount b7 sendbuff 0x2b6f4e000000 recvbuff 0x2b6c9c000000 count 163119233 datatype 7 op 0 root 0 comm 0xa40f400 [nranks=4] stream 0xa40f340
c199-102:16783:16981 [1] NCCL INFO ReduceScatter: opCount b7 sendbuff 0x2b4b20000000 recvbuff 0x2b485c000000 count 163119233 datatype 7 op 0 root 0 comm 0x9e68830 [nranks=4] stream 0x9e68770
c199-102:16782:16977 [0] NCCL INFO ReduceScatter: opCount b7 sendbuff 0x2b5be0000000 recvbuff 0x2b5c7c000000 count 163119233 datatype 7 op 0 root 0 comm 0xa7a6430 [nranks=4] stream 0x1498c50
c199-102:16782:16977 [0] NCCL INFO 2609907728 Bytes -> Algo 1 proto 2 time 326263.968750
c199-102:16785:16785 [3] NCCL INFO AllGather: opCount b8 sendbuff 0x2b3a0ae40200 recvbuff 0x2b3c06000000 count 652476932 datatype 0 op 0 root 0 comm 0xa11b690 [nranks=4] stream 0x740b7d0
c199-102:16784:16784 [2] NCCL INFO AllGather: opCount b8 sendbuff 0x2b6bf4000000 recvbuff 0x2b6e16000000 count 652476932 datatype 0 op 0 root 0 comm 0xa40f400 [nranks=4] stream 0xa40f340
c199-102:16783:16783 [1] NCCL INFO AllGather: opCount b8 sendbuff 0x2b47c6000000 recvbuff 0x2b49e8000000 count 652476932 datatype 0 op 0 root 0 comm 0x9e68830 [nranks=4] stream 0x9e68770
c199-102:16782:16782 [0] NCCL INFO AllGather: opCount b8 sendbuff 0x2b58ee000000 recvbuff 0x2b5aa8000000 count 652476932 datatype 0 op 0 root 0 comm 0xa7a6430 [nranks=4] stream 0x1498c50
c199-102:16782:16782 [0] NCCL INFO 2609907728 Bytes -> Algo 1 proto 2 time 326263.968750
c199-102:16784:16986 [2] NCCL INFO ReduceScatter: opCount b9 sendbuff 0x2b6f4e000000 recvbuff 0x2b6c9c000000 count 163119233 datatype 7 op 0 root 0 comm 0xa40f400 [nranks=4] stream 0xa40f340
c199-102:16785:16990 [3] NCCL INFO ReduceScatter: opCount b9 sendbuff 0x2b3d3e000000 recvbuff 0x2b3a84000000 count 163119233 datatype 7 op 0 root 0 comm 0xa11b690 [nranks=4] stream 0x740b7d0
c199-102:16783:16981 [1] NCCL INFO ReduceScatter: opCount b9 sendbuff 0x2b4b20000000 recvbuff 0x2b485c000000 count 163119233 datatype 7 op 0 root 0 comm 0x9e68830 [nranks=4] stream 0x9e68770
c199-102:16782:16977 [0] NCCL INFO ReduceScatter: opCount b9 sendbuff 0x2b5be0000000 recvbuff 0x2b5c7c000000 count 163119233 datatype 7 op 0 root 0 comm 0xa7a6430 [nranks=4] stream 0x1498c50
c199-102:16782:16977 [0] NCCL INFO 2609907728 Bytes -> Algo 1 proto 2 time 326263.968750
c199-102:16785:16785 [3] NCCL INFO AllGather: opCount ba sendbuff 0x2b3a0ae40200 recvbuff 0x2b3c06000000 count 652476932 datatype 0 op 0 root 0 comm 0xa11b690 [nranks=4] stream 0x740b7d0
c199-102:16785:16990 [3] NCCL INFO ReduceScatter: opCount bb sendbuff 0x2b3d3e000000 recvbuff 0x2b3a84000000 count 163119233 datatype 7 op 0 root 0 comm 0xa11b690 [nranks=4] stream 0x740b7d0
c199-102:16784:16784 [2] NCCL INFO AllGather: opCount ba sendbuff 0x2b6bf4000000 recvbuff 0x2b6e16000000 count 652476932 datatype 0 op 0 root 0 comm 0xa40f400 [nranks=4] stream 0xa40f340
c199-102:16784:16986 [2] NCCL INFO ReduceScatter: opCount bb sendbuff 0x2b6f4e000000 recvbuff 0x2b6c9c000000 count 163119233 datatype 7 op 0 root 0 comm 0xa40f400 [nranks=4] stream 0xa40f340
c199-102:16783:16783 [1] NCCL INFO AllGather: opCount ba sendbuff 0x2b47c6000000 recvbuff 0x2b49e8000000 count 652476932 datatype 0 op 0 root 0 comm 0x9e68830 [nranks=4] stream 0x9e68770
c199-102:16783:16981 [1] NCCL INFO ReduceScatter: opCount bb sendbuff 0x2b4b20000000 recvbuff 0x2b485c000000 count 163119233 datatype 7 op 0 root 0 comm 0x9e68830 [nranks=4] stream 0x9e68770
c199-102:16782:16782 [0] NCCL INFO AllGather: opCount ba sendbuff 0x2b58ee000000 recvbuff 0x2b5aa8000000 count 652476932 datatype 0 op 0 root 0 comm 0xa7a6430 [nranks=4] stream 0x1498c50
c199-102:16782:16782 [0] NCCL INFO 2609907728 Bytes -> Algo 1 proto 2 time 326263.968750
c199-102:16782:16977 [0] NCCL INFO ReduceScatter: opCount bb sendbuff 0x2b5be0000000 recvbuff 0x2b5c7c000000 count 163119233 datatype 7 op 0 root 0 comm 0xa7a6430 [nranks=4] stream 0x1498c50
c199-102:16782:16977 [0] NCCL INFO 2609907728 Bytes -> Algo 1 proto 2 time 326263.968750
c199-102:16785:16785 [3] NCCL INFO AllGather: opCount bc sendbuff 0x2b3a0ae40200 recvbuff 0x2b3c06000000 count 652476932 datatype 0 op 0 root 0 comm 0xa11b690 [nranks=4] stream 0x740b7d0
c199-102:16783:16783 [1] NCCL INFO AllGather: opCount bc sendbuff 0x2b47c6000000 recvbuff 0x2b49e8000000 count 652476932 datatype 0 op 0 root 0 comm 0x9e68830 [nranks=4] stream 0x9e68770
c199-102:16782:16782 [0] NCCL INFO AllGather: opCount bc sendbuff 0x2b58ee000000 recvbuff 0x2b5aa8000000 count 652476932 datatype 0 op 0 root 0 comm 0xa7a6430 [nranks=4] stream 0x1498c50
c199-102:16782:16782 [0] NCCL INFO 2609907728 Bytes -> Algo 1 proto 2 time 326263.968750
c199-102:16785:16990 [3] NCCL INFO ReduceScatter: opCount bd sendbuff 0x2b3d3e000000 recvbuff 0x2b3a84000000 count 163119233 datatype 7 op 0 root 0 comm 0xa11b690 [nranks=4] stream 0x740b7d0
c199-102:16784:16784 [2] NCCL INFO AllGather: opCount bc sendbuff 0x2b6bf4000000 recvbuff 0x2b6e16000000 count 652476932 datatype 0 op 0 root 0 comm 0xa40f400 [nranks=4] stream 0xa40f340
c199-102:16784:16986 [2] NCCL INFO ReduceScatter: opCount bd sendbuff 0x2b6f4e000000 recvbuff 0x2b6c9c000000 count 163119233 datatype 7 op 0 root 0 comm 0xa40f400 [nranks=4] stream 0xa40f340
c199-102:16783:16981 [1] NCCL INFO ReduceScatter: opCount bd sendbuff 0x2b4b20000000 recvbuff 0x2b485c000000 count 163119233 datatype 7 op 0 root 0 comm 0x9e68830 [nranks=4] stream 0x9e68770
c199-102:16782:16977 [0] NCCL INFO ReduceScatter: opCount bd sendbuff 0x2b5be0000000 recvbuff 0x2b5c7c000000 count 163119233 datatype 7 op 0 root 0 comm 0xa7a6430 [nranks=4] stream 0x1498c50
c199-102:16782:16977 [0] NCCL INFO 2609907728 Bytes -> Algo 1 proto 2 time 326263.968750
c199-102:16785:16785 [3] NCCL INFO AllGather: opCount be sendbuff 0x2b3a0ae40200 recvbuff 0x2b3c06000000 count 652476932 datatype 0 op 0 root 0 comm 0xa11b690 [nranks=4] stream 0x740b7d0
c199-102:16784:16784 [2] NCCL INFO AllGather: opCount be sendbuff 0x2b6bf4000000 recvbuff 0x2b6e16000000 count 652476932 datatype 0 op 0 root 0 comm 0xa40f400 [nranks=4] stream 0xa40f340
c199-102:16783:16783 [1] NCCL INFO AllGather: opCount be sendbuff 0x2b47c6000000 recvbuff 0x2b49e8000000 count 652476932 datatype 0 op 0 root 0 comm 0x9e68830 [nranks=4] stream 0x9e68770
c199-102:16782:16782 [0] NCCL INFO AllGather: opCount be sendbuff 0x2b58ee000000 recvbuff 0x2b5aa8000000 count 652476932 datatype 0 op 0 root 0 comm 0xa7a6430 [nranks=4] stream 0x1498c50
c199-102:16782:16782 [0] NCCL INFO 2609907728 Bytes -> Algo 1 proto 2 time 326263.968750
c199-102:16785:16990 [3] NCCL INFO ReduceScatter: opCount bf sendbuff 0x2b3d3e000000 recvbuff 0x2b3a84000000 count 163119233 datatype 7 op 0 root 0 comm 0xa11b690 [nranks=4] stream 0x740b7d0
c199-102:16784:16986 [2] NCCL INFO ReduceScatter: opCount bf sendbuff 0x2b6f4e000000 recvbuff 0x2b6c9c000000 count 163119233 datatype 7 op 0 root 0 comm 0xa40f400 [nranks=4] stream 0xa40f340
c199-102:16783:16981 [1] NCCL INFO ReduceScatter: opCount bf sendbuff 0x2b4b20000000 recvbuff 0x2b485c000000 count 163119233 datatype 7 op 0 root 0 comm 0x9e68830 [nranks=4] stream 0x9e68770
c199-102:16782:16977 [0] NCCL INFO ReduceScatter: opCount bf sendbuff 0x2b5be0000000 recvbuff 0x2b5c7c000000 count 163119233 datatype 7 op 0 root 0 comm 0xa7a6430 [nranks=4] stream 0x1498c50
c199-102:16782:16977 [0] NCCL INFO 2609907728 Bytes -> Algo 1 proto 2 time 326263.968750
c199-102:16785:16785 [3] NCCL INFO AllGather: opCount c0 sendbuff 0x2b3a0ae40200 recvbuff 0x2b3c06000000 count 652476932 datatype 0 op 0 root 0 comm 0xa11b690 [nranks=4] stream 0x740b7d0
c199-102:16784:16784 [2] NCCL INFO AllGather: opCount c0 sendbuff 0x2b6bf4000000 recvbuff 0x2b6e16000000 count 652476932 datatype 0 op 0 root 0 comm 0xa40f400 [nranks=4] stream 0xa40f340
c199-102:16783:16783 [1] NCCL INFO AllGather: opCount c0 sendbuff 0x2b47c6000000 recvbuff 0x2b49e8000000 count 652476932 datatype 0 op 0 root 0 comm 0x9e68830 [nranks=4] stream 0x9e68770
c199-102:16782:16782 [0] NCCL INFO AllGather: opCount c0 sendbuff 0x2b58ee000000 recvbuff 0x2b5aa8000000 count 652476932 datatype 0 op 0 root 0 comm 0xa7a6430 [nranks=4] stream 0x1498c50
c199-102:16782:16782 [0] NCCL INFO 2609907728 Bytes -> Algo 1 proto 2 time 326263.968750
c199-102:16782:16977 [0] NCCL INFO ReduceScatter: opCount c1 sendbuff 0x2b5be0000000 recvbuff 0x2b5c7c000000 count 163119233 datatype 7 op 0 root 0 comm 0xa7a6430 [nranks=4] stream 0x1498c50
c199-102:16782:16977 [0] NCCL INFO 2609907728 Bytes -> Algo 1 proto 2 time 326263.968750
